Resolving dependencies...
Downloading packages...
  _flutterfire_internals 1.3.59 (1.3.62 available)
  characters 1.4.0 (1.4.1 available)
  cloud_firestore 5.6.12 (6.0.2 available)
  cloud_firestore_platform_interface 6.6.12 (7.0.2 available)
  cloud_firestore_web 4.4.12 (5.0.2 available)
  cloud_functions 5.6.2 (6.0.2 available)
  cloud_functions_platform_interface 5.8.2 (5.8.5 available)
  cloud_functions_web 4.11.5 (5.0.2 available)
  file_picker 8.3.7 (10.3.3 available)
  firebase_auth 5.7.0 (6.1.0 available)
  firebase_auth_platform_interface 7.7.3 (8.1.2 available)
  firebase_auth_web 5.15.3 (6.0.3 available)
  firebase_core 3.15.2 (4.1.1 available)
  firebase_core_web 2.24.1 (3.1.1 available)
  firebase_storage 12.4.10 (13.0.2 available)
  firebase_storage_platform_interface 5.2.10 (5.2.13 available)
  firebase_storage_web 3.10.17 (3.10.20 available)
  flutter_lints 4.0.0 (6.0.0 available)
  flutter_markdown 0.7.7+1 (discontinued)
  lints 4.0.0 (6.0.0 available)
  material_color_utilities 0.11.1 (0.13.0 available)
  meta 1.16.0 (1.17.0 available)
  test_api 0.7.6 (0.7.7 available)
Got dependencies!
1 package is discontinued.
22 packages have newer versions incompatible with dependency constraints.
Try `flutter pub outdated` for more information.
00:00 +0: loading /Volumes/ESD-USB/toolspace/test/tools/file_merger_test.dart                                                                                                                          00:01 +0: loading /Volumes/ESD-USB/toolspace/test/tools/file_merger_test.dart                                                                                                                          00:02 +0: loading /Volumes/ESD-USB/toolspace/test/tools/file_merger_test.dart                                                                                                                          00:03 +0: loading /Volumes/ESD-USB/toolspace/test/tools/file_merger_test.dart                                                                                                                          00:04 +0: loading /Volumes/ESD-USB/toolspace/test/tools/file_merger_test.dart                                                                                                                          00:05 +0: loading /Volumes/ESD-USB/toolspace/test/tools/file_merger_test.dart                                                                                                                          00:06 +0: loading /Volumes/ESD-USB/toolspace/test/tools/file_merger_test.dart                                                                                                                          00:07 +0: loading /Volumes/ESD-USB/toolspace/test/tools/file_merger_test.dart                                                                                                                          00:08 +0: loading /Volumes/ESD-USB/toolspace/test/tools/file_merger_test.dart                                                                                                                          00:09 +0: loading /Volumes/ESD-USB/toolspace/test/tools/file_merger_test.dart                                                                                                                          00:10 +0: loading /Volumes/ESD-USB/toolspace/test/tools/file_merger_test.dart                                                                                                                          00:11 +0: loading /Volumes/ESD-USB/toolspace/test/tools/file_merger_test.dart                                                                                                                          00:12 +0: loading /Volumes/ESD-USB/toolspace/test/tools/file_merger_test.dart                                                                                                                          00:13 +0: loading /Volumes/ESD-USB/toolspace/test/tools/file_merger_test.dart                                                                                                                          00:14 +0: loading /Volumes/ESD-USB/toolspace/test/tools/file_merger_test.dart                                                                                                                          00:15 +0: loading /Volumes/ESD-USB/toolspace/test/tools/file_merger_test.dart                                                                                                                          00:16 +0: loading /Volumes/ESD-USB/toolspace/test/tools/file_merger_test.dart                                                                                                                          00:17 +0: loading /Volumes/ESD-USB/toolspace/test/tools/file_merger_test.dart                                                                                                                          00:18 +0: loading /Volumes/ESD-USB/toolspace/test/tools/file_merger_test.dart                                                                                                                          00:19 +0: loading /Volumes/ESD-USB/toolspace/test/tools/file_merger_test.dart                                                                                                                          00:20 +0: loading /Volumes/ESD-USB/toolspace/test/tools/file_merger_test.dart                                                                                                                          00:21 +0: loading /Volumes/ESD-USB/toolspace/test/tools/file_merger_test.dart                                                                                                                          00:22 +0: loading /Volumes/ESD-USB/toolspace/test/tools/file_merger_test.dart                                                                                                                          00:23 +0: loading /Volumes/ESD-USB/toolspace/test/tools/file_merger_test.dart                                                                                                                          00:24 +0: loading /Volumes/ESD-USB/toolspace/test/tools/file_merger_test.dart                                                                                                                          00:25 +0: loading /Volumes/ESD-USB/toolspace/test/tools/file_merger_test.dart                                                                                                                          00:26 +0: loading /Volumes/ESD-USB/toolspace/test/tools/file_merger_test.dart                                                                                                                          00:27 +0: loading /Volumes/ESD-USB/toolspace/test/tools/file_merger_test.dart                                                                                                                          00:28 +0: loading /Volumes/ESD-USB/toolspace/test/tools/file_merger_test.dart                                                                                                                          00:29 +0: loading /Volumes/ESD-USB/toolspace/test/tools/file_merger_test.dart                                                                                                                          00:30 +0: loading /Volumes/ESD-USB/toolspace/test/tools/file_merger_test.dart                                                                                                                          00:31 +0: loading /Volumes/ESD-USB/toolspace/test/tools/file_merger_test.dart                                                                                                                          00:32 +0: loading /Volumes/ESD-USB/toolspace/test/tools/file_merger_test.dart                                                                                                                          00:33 +0: loading /Volumes/ESD-USB/toolspace/test/tools/file_merger_test.dart                                                                                                                          00:34 +0: loading /Volumes/ESD-USB/toolspace/test/tools/file_merger_test.dart                                                                                                                          00:35 +0: loading /Volumes/ESD-USB/toolspace/test/tools/file_merger_test.dart                                                                                                                          00:36 +0: loading /Volumes/ESD-USB/toolspace/test/tools/file_merger_test.dart                                                                                                                          00:37 +0: loading /Volumes/ESD-USB/toolspace/test/tools/file_merger_test.dart                                                                                                                          00:38 +0: loading /Volumes/ESD-USB/toolspace/test/tools/file_merger_test.dart                                                                                                                          00:39 +0: loading /Volumes/ESD-USB/toolspace/test/tools/file_merger_test.dart                                                                                                                          00:39 +0: /Volumes/ESD-USB/toolspace/test/tools/file_merger_test.dart: UploadManager FileUpload should create FileUpload from bytes with correct properties                                            00:39 +1: /Volumes/ESD-USB/toolspace/test/tools/file_merger_test.dart: UploadManager FileUpload should create FileUpload from bytes with correct properties                                            00:39 +1: /Volumes/ESD-USB/toolspace/test/tools/file_merger_test.dart: UploadManager FileUpload should infer correct content type from file extension                                                  00:39 +2: /Volumes/ESD-USB/toolspace/test/tools/file_merger_test.dart: UploadManager FileUpload should infer correct content type from file extension                                                  00:39 +2: /Volumes/ESD-USB/toolspace/test/tools/file_merger_test.dart: UploadManager FileUpload should use provided content type over inferred                                                         00:39 +3: /Volumes/ESD-USB/toolspace/test/tools/file_merger_test.dart: UploadManager FileUpload should use provided content type over inferred                                                         00:39 +3: /Volumes/ESD-USB/toolspace/test/tools/file_merger_test.dart: UploadManager FileUpload should format file size correctly                                                                      00:39 +4: /Volumes/ESD-USB/toolspace/test/tools/file_merger_test.dart: UploadManager FileUpload should format file size correctly                                                                      00:39 +4: /Volumes/ESD-USB/toolspace/test/tools/file_merger_test.dart: UploadManager FileUpload should validate file types correctly                                                                   00:39 +5: /Volumes/ESD-USB/toolspace/test/tools/file_merger_test.dart: UploadManager FileUpload should validate file types correctly                                                                   00:39 +5: /Volumes/ESD-USB/toolspace/test/tools/file_merger_test.dart: UploadManager UploadManager validation should validate file types correctly                                                     00:39 +6: /Volumes/ESD-USB/toolspace/test/tools/file_merger_test.dart: UploadManager UploadManager validation should validate file types correctly                                                     00:39 +6: /Volumes/ESD-USB/toolspace/test/tools/file_merger_test.dart: UploadManager UploadManager validation should validate file size limits                                                         00:39 +7: /Volumes/ESD-USB/toolspace/test/tools/file_merger_test.dart: UploadManager UploadManager validation should validate file size limits                                                         00:39 +7: /Volumes/ESD-USB/toolspace/test/tools/file_merger_test.dart: UploadManager File name sanitization should handle various file names correctly                                                 00:39 +8: /Volumes/ESD-USB/toolspace/test/tools/file_merger_test.dart: UploadManager File name sanitization should handle various file names correctly                                                 00:39 +8: /Volumes/ESD-USB/toolspace/test/tools/file_merger_test.dart: UploadManager File name sanitization should preserve original file name in FileUpload                                           00:39 +9: /Volumes/ESD-USB/toolspace/test/tools/file_merger_test.dart: UploadManager File name sanitization should preserve original file name in FileUpload                                           00:39 +9: loading /Volumes/ESD-USB/toolspace/test/tools/file_merger_widget_test.dart                                                                                                                   00:39 +9: /Volumes/ESD-USB/toolspace/test/tools/file_merger_widget_test.dart: FileMergerScreen Widget Tests should build without crashing                                                              00:40 +9: /Volumes/ESD-USB/toolspace/test/tools/file_merger_widget_test.dart: FileMergerScreen Widget Tests should build without crashing                                                              00:41 +9: /Volumes/ESD-USB/toolspace/test/tools/file_merger_widget_test.dart: FileMergerScreen Widget Tests should build without crashing                                                              00:41 +10: /Volumes/ESD-USB/toolspace/test/tools/file_merger_widget_test.dart: FileMergerScreen Widget Tests should build without crashing                                                             00:41 +11: /Volumes/ESD-USB/toolspace/test/tools/file_merger_widget_test.dart: FileMergerScreen Widget Tests should build without crashing                                                             00:41 +12: /Volumes/ESD-USB/toolspace/test/tools/file_merger_widget_test.dart: FileMergerScreen Widget Tests should build without crashing                                                             00:41 +13: /Volumes/ESD-USB/toolspace/test/tools/file_merger_widget_test.dart: FileMergerScreen Widget Tests should build without crashing                                                             00:41 +14: /Volumes/ESD-USB/toolspace/test/tools/file_merger_widget_test.dart: FileMergerScreen Widget Tests should build without crashing                                                             00:41 +15: /Volumes/ESD-USB/toolspace/test/tools/file_merger_widget_test.dart: FileMergerScreen Widget Tests should build without crashing                                                             00:41 +16: /Volumes/ESD-USB/toolspace/test/tools/file_merger_widget_test.dart: FileMergerScreen Widget Tests should build without crashing                                                             00:41 +17: /Volumes/ESD-USB/toolspace/test/tools/file_merger_widget_test.dart: FileMergerScreen Widget Tests should build without crashing                                                             00:41 +18: /Volumes/ESD-USB/toolspace/test/tools/file_merger_widget_test.dart: FileMergerScreen Widget Tests should build without crashing                                                             00:41 +19: /Volumes/ESD-USB/toolspace/test/tools/file_merger_widget_test.dart: FileMergerScreen Widget Tests should build without crashing                                                             00:41 +20: /Volumes/ESD-USB/toolspace/test/tools/file_merger_widget_test.dart: FileMergerScreen Widget Tests should build without crashing                                                             00:41 +21: /Volumes/ESD-USB/toolspace/test/tools/file_merger_widget_test.dart: FileMergerScreen Widget Tests should build without crashing                                                             00:41 +22: /Volumes/ESD-USB/toolspace/test/tools/file_merger_widget_test.dart: FileMergerScreen Widget Tests should build without crashing                                                             00:41 +23 -1: /Volumes/ESD-USB/toolspace/test/tools/file_merger_widget_test.dart: FileMergerScreen Widget Tests should build without crashing                                                          00:41 +23 -1: /Volumes/ESD-USB/toolspace/test/tools/file_merger_widget_test.dart: FileMergerScreen Widget Tests should display file constraints correctly                                              00:41 +23 -1: /Volumes/ESD-USB/toolspace/test/tools/json_doctor_test.dart: JsonPathQuery Tests queries with wildcard in object [E]                                                                     
  Expected: <2>
    Actual: <0>
  
  package:matcher                                     expect
  package:flutter_test/src/widget_tester.dart 473:18  expect
  test/tools/json_doctor_test.dart 192:7              main.<fn>.<fn>
  

To run this test again: /usr/local/share/flutter/bin/cache/dart-sdk/bin/dart test /Volumes/ESD-USB/toolspace/test/tools/json_doctor_test.dart -p vm --plain-name 'JsonPathQuery Tests queries with wildcard in object'
00:41 +24 -1: /Volumes/ESD-USB/toolspace/test/tools/file_merger_widget_test.dart: FileMergerScreen Widget Tests should display file constraints correctly                                              00:41 +25 -1: /Volumes/ESD-USB/toolspace/test/tools/file_merger_widget_test.dart: FileMergerScreen Widget Tests should display file constraints correctly                                              00:41 +26 -1: /Volumes/ESD-USB/toolspace/test/tools/file_merger_widget_test.dart: FileMergerScreen Widget Tests should display file constraints correctly                                              00:41 +27 -1: /Volumes/ESD-USB/toolspace/test/tools/file_merger_widget_test.dart: FileMergerScreen Widget Tests should display file constraints correctly                                              00:42 +27 -1: /Volumes/ESD-USB/toolspace/test/tools/file_merger_widget_test.dart: FileMergerScreen Widget Tests should display file constraints correctly                                              00:42 +28 -1: /Volumes/ESD-USB/toolspace/test/tools/file_merger_widget_test.dart: FileMergerScreen Widget Tests should display file constraints correctly                                              00:42 +28 -1: /Volumes/ESD-USB/toolspace/test/tools/file_merger_widget_test.dart: FileMergerScreen Widget Tests should show app bar with correct title                                                 00:42 +29 -1: /Volumes/ESD-USB/toolspace/test/tools/file_merger_widget_test.dart: FileMergerScreen Widget Tests should show app bar with correct title                                                 00:43 +29 -1: /Volumes/ESD-USB/toolspace/test/tools/file_merger_widget_test.dart: FileMergerScreen Widget Tests should show app bar with correct title                                                 00:43 +29 -1: loading /Volumes/ESD-USB/toolspace/test/tools/text_diff_logic_test.dart                                                                                                                  00:43 +29 -1: /Volumes/ESD-USB/toolspace/test/tools/text_diff_logic_test.dart: WordDiffEngine Tests computes word diffs for identical texts                                                            00:43 +30 -1: /Volumes/ESD-USB/toolspace/test/tools/text_diff_logic_test.dart: WordDiffEngine Tests computes word diffs for identical texts                                                            00:43 +30 -1: /Volumes/ESD-USB/toolspace/test/tools/text_diff_logic_test.dart: WordDiffEngine Tests detects word insertions                                                                            00:43 +31 -1: /Volumes/ESD-USB/toolspace/test/tools/text_diff_logic_test.dart: WordDiffEngine Tests detects word insertions                                                                            00:43 +31 -1: /Volumes/ESD-USB/toolspace/test/tools/text_diff_logic_test.dart: WordDiffEngine Tests detects word deletions                                                                             00:43 +32 -1: /Volumes/ESD-USB/toolspace/test/tools/text_diff_logic_test.dart: WordDiffEngine Tests detects word deletions                                                                             00:43 +32 -1: /Volumes/ESD-USB/toolspace/test/tools/text_diff_logic_test.dart: WordDiffEngine Tests detects word changes                                                                               00:43 +33 -1: /Volumes/ESD-USB/toolspace/test/tools/text_diff_logic_test.dart: WordDiffEngine Tests detects word changes                                                                               00:43 +33 -1: /Volumes/ESD-USB/toolspace/test/tools/text_diff_logic_test.dart: WordDiffEngine Tests handles empty texts                                                                                00:43 +34 -1: /Volumes/ESD-USB/toolspace/test/tools/text_diff_logic_test.dart: WordDiffEngine Tests handles empty texts                                                                                00:43 +34 -1: /Volumes/ESD-USB/toolspace/test/tools/text_diff_logic_test.dart: WordDiffEngine Tests preserves whitespace information                                                                   00:43 +35 -1: /Volumes/ESD-USB/toolspace/test/tools/text_diff_logic_test.dart: WordDiffEngine Tests preserves whitespace information                                                                   00:43 +35 -1: /Volumes/ESD-USB/toolspace/test/tools/text_diff_logic_test.dart: WordDiffEngine Tests computes word diff statistics                                                                      00:43 +36 -1: /Volumes/ESD-USB/toolspace/test/tools/text_diff_logic_test.dart: WordDiffEngine Tests computes word diff statistics                                                                      00:43 +36 -1: /Volumes/ESD-USB/toolspace/test/tools/text_diff_logic_test.dart: WordDiffEngine Tests calculates similarity percentage                                                                   00:43 +37 -1: /Volumes/ESD-USB/toolspace/test/tools/text_diff_logic_test.dart: WordDiffEngine Tests calculates similarity percentage                                                                   00:43 +37 -1: /Volumes/ESD-USB/toolspace/test/tools/text_diff_logic_test.dart: WordDiffEngine Tests handles multiline text                                                                             00:43 +38 -1: /Volumes/ESD-USB/toolspace/test/tools/text_diff_logic_test.dart: WordDiffEngine Tests handles multiline text                                                                             00:43 +38 -1: /Volumes/ESD-USB/toolspace/test/tools/text_diff_logic_test.dart: ThreeWayMerge Tests merges non-conflicting changes                                                                      00:43 +39 -1: /Volumes/ESD-USB/toolspace/test/tools/text_diff_logic_test.dart: ThreeWayMerge Tests merges non-conflicting changes                                                                      00:43 +39 -1: /Volumes/ESD-USB/toolspace/test/tools/text_diff_logic_test.dart: ThreeWayMerge Tests detects conflicting changes                                                                         00:43 +40 -1: /Volumes/ESD-USB/toolspace/test/tools/text_diff_logic_test.dart: ThreeWayMerge Tests detects conflicting changes                                                                         00:43 +40 -1: /Volumes/ESD-USB/toolspace/test/tools/text_diff_logic_test.dart: ThreeWayMerge Tests handles identical changes on both sides                                                             00:43 +41 -1: /Volumes/ESD-USB/toolspace/test/tools/text_diff_logic_test.dart: ThreeWayMerge Tests handles identical changes on both sides                                                             00:43 +41 -1: /Volumes/ESD-USB/toolspace/test/tools/text_diff_logic_test.dart: ThreeWayMerge Tests handles empty base text                                                                             00:43 +42 -1: /Volumes/ESD-USB/toolspace/test/tools/text_diff_logic_test.dart: ThreeWayMerge Tests handles empty base text                                                                             00:43 +42 -1: /Volumes/ESD-USB/toolspace/test/tools/text_diff_logic_test.dart: ThreeWayMerge Tests marks conflicts with conflict markers                                                               00:43 +43 -1: /Volumes/ESD-USB/toolspace/test/tools/text_diff_logic_test.dart: ThreeWayMerge Tests marks conflicts with conflict markers                                                               00:43 +43 -1: /Volumes/ESD-USB/toolspace/test/tools/text_diff_logic_test.dart: ThreeWayMerge Tests records conflict information                                                                        00:43 +44 -1: /Volumes/ESD-USB/toolspace/test/tools/text_diff_logic_test.dart: ThreeWayMerge Tests records conflict information                                                                        00:43 +44 -1: /Volumes/ESD-USB/toolspace/test/tools/text_diff_logic_test.dart: ThreeWayMerge Tests handles complex multiline merge                                                                     00:44 +44 -1: /Volumes/ESD-USB/toolspace/test/tools/text_diff_logic_test.dart: ThreeWayMerge Tests handles complex multiline merge                                                                     00:44 +45 -1: /Volumes/ESD-USB/toolspace/test/tools/text_diff_logic_test.dart: ThreeWayMerge Tests handles complex multiline merge                                                                     00:44 +45 -1: loading /Volumes/ESD-USB/toolspace/test/tools/id_gen_integration_test.dart                                                                                                               00:44 +45 -1: /Volumes/ESD-USB/toolspace/test/tools/id_gen_integration_test.dart: ID Generator Integration Tests Large batch UUID v4 generation performance                                            00:45 +45 -1: /Volumes/ESD-USB/toolspace/test/tools/id_gen_integration_test.dart: ID Generator Integration Tests Large batch UUID v4 generation performance                                            00:45 +46 -1: /Volumes/ESD-USB/toolspace/test/tools/id_gen_integration_test.dart: ID Generator Integration Tests Large batch UUID v4 generation performance                                            00:45 +46 -1: /Volumes/ESD-USB/toolspace/test/tools/id_gen_integration_test.dart: ID Generator Integration Tests Large batch UUID v7 generation performance                                            00:45 +46 -2: /Volumes/ESD-USB/toolspace/test/tools/id_gen_integration_test.dart: ID Generator Integration Tests Large batch UUID v7 generation performance [E]                                        
  Expected: a value greater than <0.95>
    Actual: <0.26>
     Which: is not a value greater than <0.95>
  
  package:matcher                                     expect
  package:flutter_test/src/widget_tester.dart 473:18  expect
  test/tools/id_gen_integration_test.dart 68:7        main.<fn>.<fn>
  

To run this test again: /usr/local/share/flutter/bin/cache/dart-sdk/bin/dart test /Volumes/ESD-USB/toolspace/test/tools/id_gen_integration_test.dart -p vm --plain-name 'ID Generator Integration Tests Large batch UUID v7 generation performance'
00:45 +46 -2: /Volumes/ESD-USB/toolspace/test/tools/id_gen_integration_test.dart: ID Generator Integration Tests Large batch NanoID generation performance                                             00:46 +46 -2: /Volumes/ESD-USB/toolspace/test/tools/id_gen_integration_test.dart: ID Generator Integration Tests Large batch NanoID generation performance                                             00:46 +47 -2: /Volumes/ESD-USB/toolspace/test/tools/id_gen_widget_test.dart: IdGenScreen Widget Tests Screen renders with all main elements                                                            00:46 +48 -2: /Volumes/ESD-USB/toolspace/test/tools/id_gen_widget_test.dart: IdGenScreen Widget Tests Screen renders with all main elements                                                            00:47 +48 -2: /Volumes/ESD-USB/toolspace/test/tools/id_gen_widget_test.dart: IdGenScreen Widget Tests Screen renders with all main elements                                                            00:47 +49 -2: /Volumes/ESD-USB/toolspace/test/tools/id_gen_widget_test.dart: IdGenScreen Widget Tests Screen renders with all main elements                                                            00:47 +50 -2: /Volumes/ESD-USB/toolspace/test/tools/id_gen_widget_test.dart: IdGenScreen Widget Tests Screen renders with all main elements                                                            00:47 +51 -2: /Volumes/ESD-USB/toolspace/test/tools/id_gen_integration_test.dart: ID Generator Integration Tests Stress test: 1000 NanoIDs uniqueness with small alphabet                              00:48 +51 -2: /Volumes/ESD-USB/toolspace/test/tools/id_gen_integration_test.dart: ID Generator Integration Tests Stress test: 1000 NanoIDs uniqueness with small alphabet                              00:48 +52 -2: /Volumes/ESD-USB/toolspace/test/tools/id_gen_widget_test.dart: IdGenScreen Widget Tests Can switch between ID types                                                                      00:48 +53 -2: /Volumes/ESD-USB/toolspace/test/tools/id_gen_integration_test.dart: ID Generator Integration Tests Memory efficiency: generating and clearing large batches                              00:48 +54 -2: /Volumes/ESD-USB/toolspace/test/tools/id_gen_integration_test.dart: ID Generator Integration Tests Memory efficiency: generating and clearing large batches                              00:49 +54 -2: /Volumes/ESD-USB/toolspace/test/tools/id_gen_integration_test.dart: ID Generator Integration Tests Memory efficiency: generating and clearing large batches                              00:50 +54 -2: /Volumes/ESD-USB/toolspace/test/tools/id_gen_integration_test.dart: ID Generator Integration Tests Memory efficiency: generating and clearing large batches                              00:50 +55 -2: /Volumes/ESD-USB/toolspace/test/tools/id_gen_integration_test.dart: ID Generator Integration Tests Memory efficiency: generating and clearing large batches                              00:51 +55 -2: /Volumes/ESD-USB/toolspace/test/tools/id_gen_integration_test.dart: ID Generator Integration Tests Memory efficiency: generating and clearing large batches                              00:51 +55 -2: /Volumes/ESD-USB/toolspace/test/tools/id_gen_widget_test.dart: IdGenScreen Widget Tests Can copy individual ID                                                                           
══╡ EXCEPTION CAUGHT BY FLUTTER TEST FRAMEWORK ╞════════════════════════════════════════════════════
The following TestFailure was thrown running a test:
Expected: exactly one matching candidate
  Actual: _TextWidgetFinder:<Found 0 widgets with text "ID copied to clipboard": []>
   Which: means none were found but one was expected

When the exception was thrown, this was the stack:
#4      main.<anonymous closure>.<anonymous closure> (file:///Volumes/ESD-USB/toolspace/test/tools/id_gen_widget_test.dart:118:7)
<asynchronous suspension>
#5      testWidgets.<anonymous closure>.<anonymous closure> (package:flutter_test/src/widget_tester.dart:192:15)
<asynchronous suspension>
#6      TestWidgetsFlutterBinding._runTestBody (package:flutter_test/src/binding.dart:1059:5)
<asynchronous suspension>
<asynchronous suspension>
(elided one frame from package:stack_trace)

This was caught by the test expectation on the following line:
  file:///Volumes/ESD-USB/toolspace/test/tools/id_gen_widget_test.dart line 118
The test description was:
  Can copy individual ID
════════════════════════════════════════════════════════════════════════════════════════════════════
00:51 +55 -3: /Volumes/ESD-USB/toolspace/test/tools/id_gen_widget_test.dart: IdGenScreen Widget Tests Can copy individual ID [E]                                                                       
  Test failed. See exception logs above.
  The test description was: Can copy individual ID
  

To run this test again: /usr/local/share/flutter/bin/cache/dart-sdk/bin/dart test /Volumes/ESD-USB/toolspace/test/tools/id_gen_widget_test.dart -p vm --plain-name 'IdGenScreen Widget Tests Can copy individual ID'
00:52 +55 -3: /Volumes/ESD-USB/toolspace/test/tools/id_gen_widget_test.dart: IdGenScreen Widget Tests Can generate batch of IDs                                                                        
══╡ EXCEPTION CAUGHT BY FLUTTER TEST FRAMEWORK ╞════════════════════════════════════════════════════
The following assertion was thrown running a test:
The finder "Found 0 widgets with type "ElevatedButton" that are ancestors of widgets with icon
"IconData(U+0E0B7)": []" (used in a call to "tap()") could not find any matching widgets.

When the exception was thrown, this was the stack:
#0      WidgetController._getElementPoint (package:flutter_test/src/controller.dart:2009:7)
#1      WidgetController.getCenter (package:flutter_test/src/controller.dart:1861:12)
#2      WidgetController.tap (package:flutter_test/src/controller.dart:1041:7)
#3      main.<anonymous closure>.<anonymous closure> (file:///Volumes/ESD-USB/toolspace/test/tools/id_gen_widget_test.dart:134:20)
<asynchronous suspension>
#4      testWidgets.<anonymous closure>.<anonymous closure> (package:flutter_test/src/widget_tester.dart:192:15)
<asynchronous suspension>
#5      TestWidgetsFlutterBinding._runTestBody (package:flutter_test/src/binding.dart:1059:5)
<asynchronous suspension>
<asynchronous suspension>
(elided one frame from package:stack_trace)

The test description was:
  Can generate batch of IDs
════════════════════════════════════════════════════════════════════════════════════════════════════
00:52 +55 -4: /Volumes/ESD-USB/toolspace/test/tools/id_gen_widget_test.dart: IdGenScreen Widget Tests Can generate batch of IDs [E]                                                                    
  Test failed. See exception logs above.
  The test description was: Can generate batch of IDs
  

To run this test again: /usr/local/share/flutter/bin/cache/dart-sdk/bin/dart test /Volumes/ESD-USB/toolspace/test/tools/id_gen_widget_test.dart -p vm --plain-name 'IdGenScreen Widget Tests Can generate batch of IDs'
00:53 +55 -4: /Volumes/ESD-USB/toolspace/test/tools/id_gen_widget_test.dart: IdGenScreen Widget Tests Copy all button appears when IDs exist                                                           
══╡ EXCEPTION CAUGHT BY FLUTTER TEST FRAMEWORK ╞════════════════════════════════════════════════════
The following TestFailure was thrown running a test:
Expected: exactly one matching candidate
  Actual: _TextContainingWidgetFinder:<Found 0 widgets with text containing Copied: []>
   Which: means none were found but one was expected

When the exception was thrown, this was the stack:
#4      main.<anonymous closure>.<anonymous closure> (file:///Volumes/ESD-USB/toolspace/test/tools/id_gen_widget_test.dart:163:7)
<asynchronous suspension>
#5      testWidgets.<anonymous closure>.<anonymous closure> (package:flutter_test/src/widget_tester.dart:192:15)
<asynchronous suspension>
#6      TestWidgetsFlutterBinding._runTestBody (package:flutter_test/src/binding.dart:1059:5)
<asynchronous suspension>
<asynchronous suspension>
(elided one frame from package:stack_trace)

This was caught by the test expectation on the following line:
  file:///Volumes/ESD-USB/toolspace/test/tools/id_gen_widget_test.dart line 163
The test description was:
  Copy all button appears when IDs exist
════════════════════════════════════════════════════════════════════════════════════════════════════
00:53 +55 -5: /Volumes/ESD-USB/toolspace/test/tools/id_gen_widget_test.dart: IdGenScreen Widget Tests Copy all button appears when IDs exist [E]                                                       
  Test failed. See exception logs above.
  The test description was: Copy all button appears when IDs exist
  

To run this test again: /usr/local/share/flutter/bin/cache/dart-sdk/bin/dart test /Volumes/ESD-USB/toolspace/test/tools/id_gen_widget_test.dart -p vm --plain-name 'IdGenScreen Widget Tests Copy all button appears when IDs exist'
00:53 +56 -5: /Volumes/ESD-USB/toolspace/test/tools/id_gen_integration_test.dart: ID Generator Integration Tests Memory efficiency: generating and clearing large batches                              00:53 +57 -5: /Volumes/ESD-USB/toolspace/test/tools/id_gen_integration_test.dart: ID Generator Integration Tests Memory efficiency: generating and clearing large batches                              00:54 +57 -5: /Volumes/ESD-USB/toolspace/test/tools/id_gen_integration_test.dart: ID Generator Integration Tests Memory efficiency: generating and clearing large batches                              00:54 +58 -5: /Volumes/ESD-USB/toolspace/test/tools/id_gen_integration_test.dart: ID Generator Integration Tests Memory efficiency: generating and clearing large batches                              00:54 +58 -5: /Volumes/ESD-USB/toolspace/test/tools/id_gen_widget_test.dart: IdGenScreen Widget Tests Custom alphabet field appears when Custom preset selected                                        

Warning: A call to tap() with finder "Found 1 widget with text "Custom": [
  Text("Custom", dependencies: [DefaultSelectionStyle, DefaultTextStyle, MediaQuery]),
]" derived an Offset (Offset(75.3, 976.0)) that would not hit test on the specified widget.
Maybe the widget is actually off-screen, or another widget is obscuring it, or the widget cannot receive pointer events.
Indeed, Offset(75.3, 976.0) is outside the bounds of the root of the render tree, Size(800.0, 600.0).
The finder corresponds to this RenderBox: RenderParagraph#4fc31 relayoutBoundary=up28
The hit test result at that offset is: HitTestResult(HitTestEntry<HitTestTarget>#a3b21(_ReusableRenderView#78391), HitTestEntry<HitTestTarget>#8791d(<AutomatedTestWidgetsFlutterBinding>))
#0      WidgetController._getElementPoint (package:flutter_test/src/controller.dart:2077:25)
#1      WidgetController.getCenter (package:flutter_test/src/controller.dart:1861:12)
#2      WidgetController.tap (package:flutter_test/src/controller.dart:1041:7)
#3      main.<anonymous closure>.<anonymous closure> (file:///Volumes/ESD-USB/toolspace/test/tools/id_gen_widget_test.dart:256:20)
<asynchronous suspension>
#4      testWidgets.<anonymous closure>.<anonymous closure> (package:flutter_test/src/widget_tester.dart:192:15)
<asynchronous suspension>
#5      TestWidgetsFlutterBinding._runTestBody (package:flutter_test/src/binding.dart:1059:5)
<asynchronous suspension>
#6      StackZoneSpecification._registerCallback.<anonymous closure> (package:stack_trace/src/stack_zone_specification.dart:114:42)
<asynchronous suspension>
To silence this warning, pass "warnIfMissed: false" to "tap()".
To make this warning fatal, set WidgetController.hitTestWarningShouldBeFatal to true.

══╡ EXCEPTION CAUGHT BY FLUTTER TEST FRAMEWORK ╞════════════════════════════════════════════════════
The following TestFailure was thrown running a test:
Expected: exactly one matching candidate
  Actual: _TextWidgetFinder:<Found 0 widgets with text "Custom Alphabet": []>
   Which: means none were found but one was expected

When the exception was thrown, this was the stack:
#4      main.<anonymous closure>.<anonymous closure> (file:///Volumes/ESD-USB/toolspace/test/tools/id_gen_widget_test.dart:260:7)
<asynchronous suspension>
#5      testWidgets.<anonymous closure>.<anonymous closure> (package:flutter_test/src/widget_tester.dart:192:15)
<asynchronous suspension>
#6      TestWidgetsFlutterBinding._runTestBody (package:flutter_test/src/binding.dart:1059:5)
<asynchronous suspension>
<asynchronous suspension>
(elided one frame from package:stack_trace)

This was caught by the test expectation on the following line:
  file:///Volumes/ESD-USB/toolspace/test/tools/id_gen_widget_test.dart line 260
The test description was:
  Custom alphabet field appears when Custom preset selected
════════════════════════════════════════════════════════════════════════════════════════════════════
00:54 +58 -6: /Volumes/ESD-USB/toolspace/test/tools/id_gen_widget_test.dart: IdGenScreen Widget Tests Custom alphabet field appears when Custom preset selected [E]                                    
  Test failed. See exception logs above.
  The test description was: Custom alphabet field appears when Custom preset selected
  

To run this test again: /usr/local/share/flutter/bin/cache/dart-sdk/bin/dart test /Volumes/ESD-USB/toolspace/test/tools/id_gen_widget_test.dart -p vm --plain-name 'IdGenScreen Widget Tests Custom alphabet field appears when Custom preset selected'
00:55 +59 -6: /Volumes/ESD-USB/toolspace/test/tools/id_gen_integration_test.dart: ID Generator Integration Tests Memory efficiency: generating and clearing large batches                              00:55 +60 -6: /Volumes/ESD-USB/toolspace/test/tools/id_gen_integration_test.dart: ID Generator Integration Tests Memory efficiency: generating and clearing large batches                              00:56 +60 -6: /Volumes/ESD-USB/toolspace/test/tools/id_gen_integration_test.dart: ID Generator Integration Tests Memory efficiency: generating and clearing large batches                              00:56 +61 -6: /Volumes/ESD-USB/toolspace/test/tools/id_gen_integration_test.dart: ID Generator Integration Tests Memory efficiency: generating and clearing large batches                              00:56 +62 -6: /Volumes/ESD-USB/toolspace/test/tools/id_gen_integration_test.dart: ID Generator Integration Tests Memory efficiency: generating and clearing large batches                              00:56 +63 -6: /Volumes/ESD-USB/toolspace/test/tools/id_gen_integration_test.dart: ID Generator Integration Tests Memory efficiency: generating and clearing large batches                              00:56 +64 -6: /Volumes/ESD-USB/toolspace/test/tools/id_gen_integration_test.dart: ID Generator Integration Tests Memory efficiency: generating and clearing large batches                              00:56 +65 -6: /Volumes/ESD-USB/toolspace/test/tools/id_gen_integration_test.dart: ID Generator Integration Tests Memory efficiency: generating and clearing large batches                              00:56 +66 -6: /Volumes/ESD-USB/toolspace/test/tools/id_gen_integration_test.dart: ID Generator Integration Tests Memory efficiency: generating and clearing large batches                              00:56 +67 -6: /Volumes/ESD-USB/toolspace/test/tools/id_gen_integration_test.dart: ID Generator Integration Tests Memory efficiency: generating and clearing large batches                              00:56 +68 -6: /Volumes/ESD-USB/toolspace/test/tools/id_gen_integration_test.dart: ID Generator Integration Tests Memory efficiency: generating and clearing large batches                              00:57 +68 -6: /Volumes/ESD-USB/toolspace/test/tools/id_gen_integration_test.dart: ID Generator Integration Tests Memory efficiency: generating and clearing large batches                              00:57 +69 -6: /Volumes/ESD-USB/toolspace/test/tools/id_gen_integration_test.dart: ID Generator Integration Tests Memory efficiency: generating and clearing large batches                              00:57 +69 -6: /Volumes/ESD-USB/toolspace/test/tools/id_gen_integration_test.dart: ID Generator Integration Tests UUID v7 temporal ordering in batch                                                    00:57 +70 -6: /Volumes/ESD-USB/toolspace/test/tools/id_gen_integration_test.dart: ID Generator Integration Tests UUID v7 temporal ordering in batch                                                    00:57 +70 -6: /Volumes/ESD-USB/toolspace/test/tools/id_gen_integration_test.dart: ID Generator Integration Tests NanoID distribution test                                                              00:57 +71 -6: /Volumes/ESD-USB/toolspace/test/tools/id_gen_integration_test.dart: ID Generator Integration Tests NanoID distribution test                                                              00:57 +71 -6: /Volumes/ESD-USB/toolspace/test/tools/id_gen_integration_test.dart: ID Generator Integration Tests Edge case: Generate maximum batch size                                                00:58 +71 -6: /Volumes/ESD-USB/toolspace/test/tools/id_gen_integration_test.dart: ID Generator Integration Tests Edge case: Generate maximum batch size                                                00:58 +72 -6: /Volumes/ESD-USB/toolspace/test/tools/id_gen_integration_test.dart: ID Generator Integration Tests Edge case: Generate maximum batch size                                                00:58 +72 -6: /Volumes/ESD-USB/toolspace/test/tools/id_gen_integration_test.dart: ID Generator Integration Tests Edge case: Generate minimum valid size                                                00:58 +73 -6: /Volumes/ESD-USB/toolspace/test/tools/id_gen_integration_test.dart: ID Generator Integration Tests Edge case: Generate minimum valid size                                                00:58 +73 -6: /Volumes/ESD-USB/toolspace/test/tools/id_gen_integration_test.dart: ID Generator Integration Tests Edge case: Generate maximum valid size                                                00:58 +74 -6: /Volumes/ESD-USB/toolspace/test/tools/id_gen_integration_test.dart: ID Generator Integration Tests Edge case: Generate maximum valid size                                                00:59 +74 -6: /Volumes/ESD-USB/toolspace/test/tools/id_gen_integration_test.dart: ID Generator Integration Tests Edge case: Generate maximum valid size                                                01:00 +74 -6: /Volumes/ESD-USB/toolspace/test/tools/id_gen_integration_test.dart: ID Generator Integration Tests Edge case: Generate maximum valid size                                                01:01 +74 -6: /Volumes/ESD-USB/toolspace/test/tools/id_gen_integration_test.dart: ID Generator Integration Tests Edge case: Generate maximum valid size                                                01:02 +74 -6: /Volumes/ESD-USB/toolspace/test/tools/id_gen_integration_test.dart: ID Generator Integration Tests Edge case: Generate maximum valid size                                                01:03 +74 -6: /Volumes/ESD-USB/toolspace/test/tools/id_gen_integration_test.dart: ID Generator Integration Tests Edge case: Generate maximum valid size                                                01:04 +74 -6: /Volumes/ESD-USB/toolspace/test/tools/id_gen_integration_test.dart: ID Generator Integration Tests Edge case: Generate maximum valid size                                                01:05 +74 -6: /Volumes/ESD-USB/toolspace/test/tools/id_gen_integration_test.dart: ID Generator Integration Tests Edge case: Generate maximum valid size                                                01:06 +74 -6: /Volumes/ESD-USB/toolspace/test/tools/id_gen_integration_test.dart: ID Generator Integration Tests Edge case: Generate maximum valid size                                                01:07 +74 -6: /Volumes/ESD-USB/toolspace/test/tools/id_gen_integration_test.dart: ID Generator Integration Tests Edge case: Generate maximum valid size                                                01:08 +74 -6: /Volumes/ESD-USB/toolspace/test/tools/id_gen_integration_test.dart: ID Generator Integration Tests Edge case: Generate maximum valid size                                                01:09 +74 -6: /Volumes/ESD-USB/toolspace/test/tools/id_gen_integration_test.dart: ID Generator Integration Tests Edge case: Generate maximum valid size                                                01:10 +74 -6: /Volumes/ESD-USB/toolspace/test/tools/id_gen_integration_test.dart: ID Generator Integration Tests Edge case: Generate maximum valid size                                                01:11 +74 -6: /Volumes/ESD-USB/toolspace/test/tools/id_gen_integration_test.dart: ID Generator Integration Tests Edge case: Generate maximum valid size                                                01:12 +74 -6: /Volumes/ESD-USB/toolspace/test/tools/id_gen_integration_test.dart: ID Generator Integration Tests Edge case: Generate maximum valid size                                                01:13 +74 -6: /Volumes/ESD-USB/toolspace/test/tools/id_gen_integration_test.dart: ID Generator Integration Tests Edge case: Generate maximum valid size                                                01:14 +74 -6: /Volumes/ESD-USB/toolspace/test/tools/id_gen_integration_test.dart: ID Generator Integration Tests Edge case: Generate maximum valid size                                                01:15 +74 -6: /Volumes/ESD-USB/toolspace/test/tools/id_gen_integration_test.dart: ID Generator Integration Tests Edge case: Generate maximum valid size                                                01:16 +74 -6: /Volumes/ESD-USB/toolspace/test/tools/id_gen_integration_test.dart: ID Generator Integration Tests Edge case: Generate maximum valid size                                                01:17 +74 -6: /Volumes/ESD-USB/toolspace/test/tools/id_gen_integration_test.dart: ID Generator Integration Tests Edge case: Generate maximum valid size                                                01:18 +74 -6: /Volumes/ESD-USB/toolspace/test/tools/id_gen_integration_test.dart: ID Generator Integration Tests Edge case: Generate maximum valid size                                                01:19 +74 -6: /Volumes/ESD-USB/toolspace/test/tools/id_gen_integration_test.dart: ID Generator Integration Tests Edge case: Generate maximum valid size                                                01:20 +74 -6: /Volumes/ESD-USB/toolspace/test/tools/id_gen_integration_test.dart: ID Generator Integration Tests Edge case: Generate maximum valid size                                                01:21 +74 -6: /Volumes/ESD-USB/toolspace/test/tools/id_gen_integration_test.dart: ID Generator Integration Tests Edge case: Generate maximum valid size                                                01:22 +74 -6: /Volumes/ESD-USB/toolspace/test/tools/id_gen_integration_test.dart: ID Generator Integration Tests Edge case: Generate maximum valid size                                                01:23 +74 -6: /Volumes/ESD-USB/toolspace/test/tools/id_gen_integration_test.dart: ID Generator Integration Tests Edge case: Generate maximum valid size                                                01:24 +74 -6: /Volumes/ESD-USB/toolspace/test/tools/id_gen_integration_test.dart: ID Generator Integration Tests Edge case: Generate maximum valid size                                                01:25 +74 -6: /Volumes/ESD-USB/toolspace/test/tools/id_gen_integration_test.dart: ID Generator Integration Tests Edge case: Generate maximum valid size                                                01:26 +74 -6: /Volumes/ESD-USB/toolspace/test/tools/id_gen_integration_test.dart: ID Generator Integration Tests Edge case: Generate maximum valid size                                                01:27 +74 -6: /Volumes/ESD-USB/toolspace/test/tools/id_gen_integration_test.dart: ID Generator Integration Tests Edge case: Generate maximum valid size                                                01:28 +74 -6: /Volumes/ESD-USB/toolspace/test/tools/id_gen_integration_test.dart: ID Generator Integration Tests Edge case: Generate maximum valid size                                                01:29 +74 -6: /Volumes/ESD-USB/toolspace/test/tools/id_gen_integration_test.dart: ID Generator Integration Tests Edge case: Generate maximum valid size                                                01:30 +74 -6: /Volumes/ESD-USB/toolspace/test/tools/id_gen_integration_test.dart: ID Generator Integration Tests Edge case: Generate maximum valid size                                                01:31 +74 -6: /Volumes/ESD-USB/toolspace/test/tools/id_gen_integration_test.dart: ID Generator Integration Tests Edge case: Generate maximum valid size                                                01:32 +74 -6: /Volumes/ESD-USB/toolspace/test/tools/id_gen_integration_test.dart: ID Generator Integration Tests Edge case: Generate maximum valid size                                                01:33 +74 -6: /Volumes/ESD-USB/toolspace/test/tools/id_gen_integration_test.dart: ID Generator Integration Tests Edge case: Generate maximum valid size                                                01:34 +74 -6: /Volumes/ESD-USB/toolspace/test/tools/id_gen_integration_test.dart: ID Generator Integration Tests Edge case: Generate maximum valid size                                                01:35 +74 -6: /Volumes/ESD-USB/toolspace/test/tools/id_gen_integration_test.dart: ID Generator Integration Tests Edge case: Generate maximum valid size                                                01:36 +74 -6: /Volumes/ESD-USB/toolspace/test/tools/id_gen_integration_test.dart: ID Generator Integration Tests Edge case: Generate maximum valid size                                                01:37 +74 -6: /Volumes/ESD-USB/toolspace/test/tools/id_gen_integration_test.dart: ID Generator Integration Tests Edge case: Generate maximum valid size                                                01:38 +74 -6: /Volumes/ESD-USB/toolspace/test/tools/id_gen_integration_test.dart: ID Generator Integration Tests Edge case: Generate maximum valid size                                                01:39 +74 -6: /Volumes/ESD-USB/toolspace/test/tools/id_gen_integration_test.dart: ID Generator Integration Tests Edge case: Generate maximum valid size                                                01:40 +74 -6: /Volumes/ESD-USB/toolspace/test/tools/id_gen_integration_test.dart: ID Generator Integration Tests Edge case: Generate maximum valid size                                                01:41 +74 -6: /Volumes/ESD-USB/toolspace/test/tools/id_gen_integration_test.dart: ID Generator Integration Tests Edge case: Generate maximum valid size                                                01:41 +74 -6: loading /Volumes/ESD-USB/toolspace/test/tools/palette_extractor_widget_test.dart                                                                                                         01:41 +74 -6: /Volumes/ESD-USB/toolspace/test/tools/palette_extractor_widget_test.dart: PaletteExtractorScreen Widget Tests displays app bar with correct title                                        01:42 +74 -6: /Volumes/ESD-USB/toolspace/test/tools/palette_extractor_widget_test.dart: PaletteExtractorScreen Widget Tests displays app bar with correct title                                        01:42 +75 -6: /Volumes/ESD-USB/toolspace/test/tools/palette_extractor_widget_test.dart: PaletteExtractorScreen Widget Tests displays app bar with correct title                                        01:42 +75 -6: /Volumes/ESD-USB/toolspace/test/tools/palette_extractor_widget_test.dart: PaletteExtractorScreen Widget Tests displays image upload zone                                                 01:42 +76 -6: /Volumes/ESD-USB/toolspace/test/tools/palette_extractor_widget_test.dart: PaletteExtractorScreen Widget Tests displays image upload zone                                                 01:42 +76 -6: /Volumes/ESD-USB/toolspace/test/tools/palette_extractor_widget_test.dart: PaletteExtractorScreen Widget Tests displays empty state message initially                                     01:43 +76 -6: /Volumes/ESD-USB/toolspace/test/tools/palette_extractor_widget_test.dart: PaletteExtractorScreen Widget Tests displays empty state message initially                                     01:43 +77 -6: /Volumes/ESD-USB/toolspace/test/tools/regex_tester_widget_test.dart: RegexTesterScreen Widget Tests renders initial UI correctly                                                         01:43 +78 -6: /Volumes/ESD-USB/toolspace/test/tools/regex_tester_widget_test.dart: RegexTesterScreen Widget Tests renders initial UI correctly                                                         01:43 +79 -6: /Volumes/ESD-USB/toolspace/test/tools/regex_tester_widget_test.dart: RegexTesterScreen Widget Tests renders initial UI correctly                                                         01:43 +79 -6: /Volumes/ESD-USB/toolspace/test/tools/palette_extractor_widget_test.dart: PaletteExtractorScreen Widget Tests slider adjusts color count                                                 
══╡ EXCEPTION CAUGHT BY FLUTTER TEST FRAMEWORK ╞════════════════════════════════════════════════════
The following TestFailure was thrown running a test:
Expected: no matching candidates
  Actual: _TextWidgetFinder:<Found 1 widget with text "Number of colors: 10": [
            Text("Number of colors: 10", debugLabel: (englishLike titleSmall
2021).merge((blackMountainView titleSmall).apply), inherit: false, color: Color(alpha: 1.0000, red:
0.1137, green: 0.1059, blue: 0.1255, colorSpace: ColorSpace.sRGB), family: Roboto, size: 14.0,
weight: 500, letterSpacing: 0.1, baseline: alphabetic, height: 1.4x, leadingDistribution: even,
decoration: Color(alpha: 1.0000, red: 0.1137, green: 0.1059, blue: 0.1255, colorSpace:
ColorSpace.sRGB) TextDecoration.none, dependencies: [DefaultSelectionStyle, DefaultTextStyle,
MediaQuery]),
          ]>
   Which: means one was found but none were expected

When the exception was thrown, this was the stack:
#4      main.<anonymous closure>.<anonymous closure> (file:///Volumes/ESD-USB/toolspace/test/tools/palette_extractor_widget_test.dart:77:7)
<asynchronous suspension>
#5      testWidgets.<anonymous closure>.<anonymous closure> (package:flutter_test/src/widget_tester.dart:192:15)
<asynchronous suspension>
#6      TestWidgetsFlutterBinding._runTestBody (package:flutter_test/src/binding.dart:1059:5)
<asynchronous suspension>
<asynchronous suspension>
(elided one frame from package:stack_trace)

This was caught by the test expectation on the following line:
  file:///Volumes/ESD-USB/toolspace/test/tools/palette_extractor_widget_test.dart line 77
The test description was:
  slider adjusts color count
════════════════════════════════════════════════════════════════════════════════════════════════════
01:43 +79 -7: /Volumes/ESD-USB/toolspace/test/tools/palette_extractor_widget_test.dart: PaletteExtractorScreen Widget Tests slider adjusts color count [E]                                             
  Test failed. See exception logs above.
  The test description was: slider adjusts color count
  

To run this test again: /usr/local/share/flutter/bin/cache/dart-sdk/bin/dart test /Volumes/ESD-USB/toolspace/test/tools/palette_extractor_widget_test.dart -p vm --plain-name 'PaletteExtractorScreen Widget Tests slider adjusts color count'
01:43 +80 -7: /Volumes/ESD-USB/toolspace/test/tools/regex_tester_widget_test.dart: RegexTesterScreen Widget Tests renders initial UI correctly                                                         01:43 +81 -7: /Volumes/ESD-USB/toolspace/test/tools/regex_tester_widget_test.dart: RegexTesterScreen Widget Tests renders initial UI correctly                                                         01:43 +82 -7: /Volumes/ESD-USB/toolspace/test/tools/regex_tester_widget_test.dart: RegexTesterScreen Widget Tests renders initial UI correctly                                                         01:43 +83 -7: /Volumes/ESD-USB/toolspace/test/tools/regex_tester_widget_test.dart: RegexTesterScreen Widget Tests renders initial UI correctly                                                         01:44 +83 -7: /Volumes/ESD-USB/toolspace/test/tools/regex_tester_widget_test.dart: RegexTesterScreen Widget Tests renders initial UI correctly                                                         01:44 +84 -7: /Volumes/ESD-USB/toolspace/test/tools/regex_tester_widget_test.dart: RegexTesterScreen Widget Tests renders initial UI correctly                                                         01:44 +85 -7: /Volumes/ESD-USB/toolspace/test/tools/regex_tester_widget_test.dart: RegexTesterScreen Widget Tests renders initial UI correctly                                                         01:44 +86 -7: /Volumes/ESD-USB/toolspace/test/tools/regex_tester_widget_test.dart: RegexTesterScreen Widget Tests renders initial UI correctly                                                         01:45 +86 -7: /Volumes/ESD-USB/toolspace/test/tools/regex_tester_widget_test.dart: RegexTesterScreen Widget Tests renders initial UI correctly                                                         01:45 +87 -7: /Volumes/ESD-USB/toolspace/test/tools/regex_tester_widget_test.dart: RegexTesterScreen Widget Tests renders initial UI correctly                                                         01:45 +87 -7: /Volumes/ESD-USB/toolspace/test/tools/regex_tester_widget_test.dart: RegexTesterScreen Widget Tests displays pattern input field                                                         01:46 +87 -7: /Volumes/ESD-USB/toolspace/test/tools/regex_tester_widget_test.dart: RegexTesterScreen Widget Tests displays pattern input field                                                         01:46 +88 -7: /Volumes/ESD-USB/toolspace/test/tools/regex_tester_widget_test.dart: RegexTesterScreen Widget Tests displays pattern input field                                                         01:46 +88 -7: /Volumes/ESD-USB/toolspace/test/tools/regex_tester_widget_test.dart: RegexTesterScreen Widget Tests displays test text input field                                                       01:46 +89 -7: /Volumes/ESD-USB/toolspace/test/tools/regex_tester_widget_test.dart: RegexTesterScreen Widget Tests displays test text input field                                                       01:46 +89 -7: /Volumes/ESD-USB/toolspace/test/tools/regex_tester_widget_test.dart: RegexTesterScreen Widget Tests displays flag chips                                                                  01:46 +90 -7: /Volumes/ESD-USB/toolspace/test/tools/regex_tester_widget_test.dart: RegexTesterScreen Widget Tests displays flag chips                                                                  01:46 +90 -7: /Volumes/ESD-USB/toolspace/test/tools/regex_tester_widget_test.dart: RegexTesterScreen Widget Tests can toggle flags                                                                     01:47 +90 -7: /Volumes/ESD-USB/toolspace/test/tools/regex_tester_widget_test.dart: RegexTesterScreen Widget Tests can toggle flags                                                                     01:47 +91 -7: /Volumes/ESD-USB/toolspace/test/tools/regex_tester_widget_test.dart: RegexTesterScreen Widget Tests can toggle flags                                                                     01:47 +92 -7: /Volumes/ESD-USB/toolspace/test/tools/regex_tester_widget_test.dart: RegexTesterScreen Widget Tests can toggle flags                                                                     01:47 +93 -7: /Volumes/ESD-USB/toolspace/test/tools/regex_tester_widget_test.dart: RegexTesterScreen Widget Tests can toggle flags                                                                     01:47 +94 -7: /Volumes/ESD-USB/toolspace/test/tools/regex_tester_widget_test.dart: RegexTesterScreen Widget Tests can toggle flags                                                                     01:47 +95 -7: /Volumes/ESD-USB/toolspace/test/tools/regex_tester_widget_test.dart: RegexTesterScreen Widget Tests can toggle flags                                                                     01:47 +96 -7: /Volumes/ESD-USB/toolspace/test/tools/regex_tester_widget_test.dart: RegexTesterScreen Widget Tests can toggle flags                                                                     01:47 +97 -7: /Volumes/ESD-USB/toolspace/test/tools/regex_tester_widget_test.dart: RegexTesterScreen Widget Tests can toggle flags                                                                     01:47 +98 -7: /Volumes/ESD-USB/toolspace/test/tools/regex_tester_widget_test.dart: RegexTesterScreen Widget Tests can toggle flags                                                                     01:47 +99 -7: /Volumes/ESD-USB/toolspace/test/tools/regex_tester_widget_test.dart: RegexTesterScreen Widget Tests can toggle flags                                                                     01:47 +100 -7: /Volumes/ESD-USB/toolspace/test/tools/regex_tester_widget_test.dart: RegexTesterScreen Widget Tests can toggle flags                                                                    01:47 +101 -7: /Volumes/ESD-USB/toolspace/test/tools/regex_tester_widget_test.dart: RegexTesterScreen Widget Tests can toggle flags                                                                    01:47 +102 -7: /Volumes/ESD-USB/toolspace/test/tools/regex_tester_widget_test.dart: RegexTesterScreen Widget Tests can toggle flags                                                                    01:47 +103 -7: /Volumes/ESD-USB/toolspace/test/tools/regex_tester_widget_test.dart: RegexTesterScreen Widget Tests can toggle flags                                                                    01:47 +104 -7: /Volumes/ESD-USB/toolspace/test/tools/regex_tester_widget_test.dart: RegexTesterScreen Widget Tests can toggle flags                                                                    01:47 +105 -7: /Volumes/ESD-USB/toolspace/test/tools/regex_tester_widget_test.dart: RegexTesterScreen Widget Tests can toggle flags                                                                    01:47 +106 -7: /Volumes/ESD-USB/toolspace/test/tools/regex_tester_widget_test.dart: RegexTesterScreen Widget Tests can toggle flags                                                                    01:47 +107 -7: /Volumes/ESD-USB/toolspace/test/tools/regex_tester_widget_test.dart: RegexTesterScreen Widget Tests can toggle flags                                                                    01:47 +108 -7: /Volumes/ESD-USB/toolspace/test/tools/regex_tester_widget_test.dart: RegexTesterScreen Widget Tests can toggle flags                                                                    01:47 +109 -7: /Volumes/ESD-USB/toolspace/test/tools/regex_tester_widget_test.dart: RegexTesterScreen Widget Tests can toggle flags                                                                    01:47 +110 -7: /Volumes/ESD-USB/toolspace/test/tools/regex_tester_widget_test.dart: RegexTesterScreen Widget Tests can toggle flags                                                                    01:47 +111 -7: /Volumes/ESD-USB/toolspace/test/tools/regex_tester_widget_test.dart: RegexTesterScreen Widget Tests can toggle flags                                                                    01:47 +112 -7: /Volumes/ESD-USB/toolspace/test/tools/regex_tester_widget_test.dart: RegexTesterScreen Widget Tests can toggle flags                                                                    01:47 +113 -7: /Volumes/ESD-USB/toolspace/test/tools/regex_tester_widget_test.dart: RegexTesterScreen Widget Tests can toggle flags                                                                    01:47 +114 -7: /Volumes/ESD-USB/toolspace/test/tools/regex_tester_widget_test.dart: RegexTesterScreen Widget Tests can toggle flags                                                                    01:47 +115 -7: /Volumes/ESD-USB/toolspace/test/tools/regex_tester_widget_test.dart: RegexTesterScreen Widget Tests can toggle flags                                                                    01:47 +116 -7: /Volumes/ESD-USB/toolspace/test/tools/regex_tester_widget_test.dart: RegexTesterScreen Widget Tests can toggle flags                                                                    01:47 +117 -7: /Volumes/ESD-USB/toolspace/test/tools/regex_tester_widget_test.dart: RegexTesterScreen Widget Tests can toggle flags                                                                    01:47 +118 -7: /Volumes/ESD-USB/toolspace/test/tools/regex_tester_widget_test.dart: RegexTesterScreen Widget Tests can toggle flags                                                                    01:47 +119 -7: /Volumes/ESD-USB/toolspace/test/tools/regex_tester_widget_test.dart: RegexTesterScreen Widget Tests can toggle flags                                                                    01:47 +120 -7: /Volumes/ESD-USB/toolspace/test/tools/regex_tester_widget_test.dart: RegexTesterScreen Widget Tests can toggle flags                                                                    01:47 +121 -7: /Volumes/ESD-USB/toolspace/test/tools/regex_tester_widget_test.dart: RegexTesterScreen Widget Tests can toggle flags                                                                    01:47 +122 -7: /Volumes/ESD-USB/toolspace/test/tools/regex_tester_widget_test.dart: RegexTesterScreen Widget Tests can toggle flags                                                                    01:47 +123 -7: /Volumes/ESD-USB/toolspace/test/tools/regex_tester_widget_test.dart: RegexTesterScreen Widget Tests can toggle flags                                                                    01:47 +124 -7: /Volumes/ESD-USB/toolspace/test/tools/regex_tester_widget_test.dart: RegexTesterScreen Widget Tests can toggle flags                                                                    01:47 +125 -7: /Volumes/ESD-USB/toolspace/test/tools/regex_tester_widget_test.dart: RegexTesterScreen Widget Tests can toggle flags                                                                    01:47 +126 -7: /Volumes/ESD-USB/toolspace/test/tools/text_tools_test.dart: UuidGenerator Tests generateV7 creates sortable UUIDs                                                                       01:47 +127 -7: /Volumes/ESD-USB/toolspace/test/tools/regex_tester_widget_test.dart: RegexTesterScreen Widget Tests can enter pattern text                                                              01:47 +128 -7: /Volumes/ESD-USB/toolspace/test/tools/regex_tester_widget_test.dart: RegexTesterScreen Widget Tests can enter pattern text                                                              01:47 +129 -7: /Volumes/ESD-USB/toolspace/test/tools/regex_tester_widget_test.dart: RegexTesterScreen Widget Tests can enter pattern text                                                              01:47 +130 -7: /Volumes/ESD-USB/toolspace/test/tools/regex_tester_widget_test.dart: RegexTesterScreen Widget Tests can enter pattern text                                                              01:47 +131 -7: /Volumes/ESD-USB/toolspace/test/tools/regex_tester_widget_test.dart: RegexTesterScreen Widget Tests can enter pattern text                                                              01:47 +132 -7: /Volumes/ESD-USB/toolspace/test/tools/regex_tester_widget_test.dart: RegexTesterScreen Widget Tests can enter pattern text                                                              01:47 +133 -7: /Volumes/ESD-USB/toolspace/test/tools/regex_tester_widget_test.dart: RegexTesterScreen Widget Tests can enter pattern text                                                              01:47 +134 -7: /Volumes/ESD-USB/toolspace/test/tools/regex_tester_widget_test.dart: RegexTesterScreen Widget Tests can enter pattern text                                                              01:47 +135 -7: /Volumes/ESD-USB/toolspace/test/tools/regex_tester_widget_test.dart: RegexTesterScreen Widget Tests can enter pattern text                                                              01:47 +136 -7: /Volumes/ESD-USB/toolspace/test/tools/regex_tester_widget_test.dart: RegexTesterScreen Widget Tests can enter pattern text                                                              01:47 +137 -7: /Volumes/ESD-USB/toolspace/test/tools/regex_tester_widget_test.dart: RegexTesterScreen Widget Tests can enter pattern text                                                              01:47 +138 -7: /Volumes/ESD-USB/toolspace/test/tools/regex_tester_widget_test.dart: RegexTesterScreen Widget Tests can enter pattern text                                                              01:47 +139 -7: /Volumes/ESD-USB/toolspace/test/tools/regex_tester_widget_test.dart: RegexTesterScreen Widget Tests can enter pattern text                                                              01:47 +140 -7: /Volumes/ESD-USB/toolspace/test/tools/regex_tester_widget_test.dart: RegexTesterScreen Widget Tests can enter pattern text                                                              01:47 +141 -7: /Volumes/ESD-USB/toolspace/test/tools/regex_tester_widget_test.dart: RegexTesterScreen Widget Tests can enter pattern text                                                              01:47 +142 -7: /Volumes/ESD-USB/toolspace/test/tools/regex_tester_widget_test.dart: RegexTesterScreen Widget Tests can enter pattern text                                                              01:48 +143 -7: /Volumes/ESD-USB/toolspace/test/tools/regex_tester_widget_test.dart: RegexTesterScreen Widget Tests can enter pattern text                                                              01:48 +144 -7: /Volumes/ESD-USB/toolspace/test/tools/regex_tester_widget_test.dart: RegexTesterScreen Widget Tests can enter pattern text                                                              01:48 +145 -7: /Volumes/ESD-USB/toolspace/test/tools/regex_tester_widget_test.dart: RegexTesterScreen Widget Tests can enter pattern text                                                              01:48 +146 -7: /Volumes/ESD-USB/toolspace/test/tools/regex_tester_widget_test.dart: RegexTesterScreen Widget Tests can enter pattern text                                                              01:48 +147 -7: /Volumes/ESD-USB/toolspace/test/tools/regex_tester_widget_test.dart: RegexTesterScreen Widget Tests can enter pattern text                                                              01:48 +148 -7: /Volumes/ESD-USB/toolspace/test/tools/text_tools_test.dart: NanoidGenerator Tests generateMultiple with large batch                                                                     01:49 +148 -7: /Volumes/ESD-USB/toolspace/test/tools/text_tools_test.dart: NanoidGenerator Tests generateMultiple with large batch                                                                     01:49 +149 -7: /Volumes/ESD-USB/toolspace/test/tools/text_tools_test.dart: NanoidGenerator Tests generateMultiple with large batch                                                                     01:49 +150 -7: /Volumes/ESD-USB/toolspace/test/tools/text_tools_test.dart: NanoidGenerator Tests generateMultiple with large batch                                                                     01:49 +151 -7: /Volumes/ESD-USB/toolspace/test/tools/regex_tester_widget_test.dart: RegexTesterScreen Widget Tests shows info message when no input                                                    01:50 +151 -7: /Volumes/ESD-USB/toolspace/test/tools/regex_tester_widget_test.dart: RegexTesterScreen Widget Tests shows info message when no input                                                    01:50 +152 -7: /Volumes/ESD-USB/toolspace/test/tools/regex_tester_widget_test.dart: RegexTesterScreen Widget Tests shows info message when no input                                                    01:50 +152 -7: /Volumes/ESD-USB/toolspace/test/tools/regex_tester_widget_test.dart: RegexTesterScreen Widget Tests can toggle presets panel                                                            01:51 +152 -7: /Volumes/ESD-USB/toolspace/test/tools/regex_tester_widget_test.dart: RegexTesterScreen Widget Tests can toggle presets panel                                                            01:51 +152 -7: /Volumes/ESD-USB/toolspace/test/tools/regex_tester_widget_test.dart: RegexTesterScreen Widget Tests can toggle presets panel                                                            
══╡ EXCEPTION CAUGHT BY RENDERING LIBRARY ╞═════════════════════════════════════════════════════════
The following assertion was thrown during layout:
A RenderFlex overflowed by 7.3 pixels on the right.

The relevant error-causing widget was:
  Row Row:file:///Volumes/ESD-USB/toolspace/lib/tools/regex_tester/regex_tester_screen.dart:667:18

The overflowing RenderFlex has an orientation of Axis.horizontal.
The edge of the RenderFlex that is overflowing has been marked in the rendering with a yellow and
black striped pattern. This is usually caused by the contents being too big for the RenderFlex.
Consider applying a flex factor (e.g. using an Expanded widget) to force the children of the
RenderFlex to fit within the available space instead of being sized to their natural size.
This is considered an error condition because it indicates that there is content that cannot be
seen. If the content is legitimately bigger than the available space, consider clipping it with a
ClipRect widget before putting it in the flex, or using a scrollable container rather than a Flex,
like a ListView.
The specific RenderFlex in question is: RenderFlex#90c20 relayoutBoundary=up7 OVERFLOWING:
  creator: Row ← Padding ← Column ← Padding ← DecoratedBox ← ConstrainedBox ← Container ← Row ←
    KeyedSubtree-[GlobalKey#31f15] ← _BodyBuilder ← MediaQuery ← LayoutId-[<_ScaffoldSlot.body>] ← ⋯
  parentData: offset=Offset(16.0, 16.0) (can use size)
  constraints: BoxConstraints(0.0<=w<=267.0, 0.0<=h<=Infinity)
  size: Size(267.0, 24.0)
  direction: horizontal
  mainAxisAlignment: start
  mainAxisSize: max
  crossAxisAlignment: center
  textDirection: ltr
  verticalDirection: down
  spacing: 0.0
◢◤◢◤◢◤◢◤◢◤◢◤◢◤◢◤◢◤◢◤◢◤◢◤◢◤◢◤◢◤◢◤◢◤◢◤◢◤◢◤◢◤◢◤◢◤◢◤◢◤◢◤◢◤◢◤◢◤◢◤◢◤◢◤◢◤◢◤◢◤◢◤◢◤◢◤◢◤◢◤◢◤◢◤◢◤◢◤◢◤◢◤◢◤◢◤◢◤◢◤
════════════════════════════════════════════════════════════════════════════════════════════════════
01:51 +152 -8: /Volumes/ESD-USB/toolspace/test/tools/regex_tester_widget_test.dart: RegexTesterScreen Widget Tests can toggle presets panel [E]                                                        
  Test failed. See exception logs above.
  The test description was: can toggle presets panel
  

To run this test again: /usr/local/share/flutter/bin/cache/dart-sdk/bin/dart test /Volumes/ESD-USB/toolspace/test/tools/regex_tester_widget_test.dart -p vm --plain-name 'RegexTesterScreen Widget Tests can toggle presets panel'
01:51 +152 -8: /Volumes/ESD-USB/toolspace/test/tools/regex_tester_widget_test.dart: RegexTesterScreen Widget Tests presets panel shows categories                                                      01:51 +152 -8: /Volumes/ESD-USB/toolspace/test/tools/regex_tester_widget_test.dart: RegexTesterScreen Widget Tests presets panel shows categories                                                      
══╡ EXCEPTION CAUGHT BY RENDERING LIBRARY ╞═════════════════════════════════════════════════════════
The following assertion was thrown during layout:
A RenderFlex overflowed by 7.3 pixels on the right.

The relevant error-causing widget was:
  Row Row:file:///Volumes/ESD-USB/toolspace/lib/tools/regex_tester/regex_tester_screen.dart:667:18

The overflowing RenderFlex has an orientation of Axis.horizontal.
The edge of the RenderFlex that is overflowing has been marked in the rendering with a yellow and
black striped pattern. This is usually caused by the contents being too big for the RenderFlex.
Consider applying a flex factor (e.g. using an Expanded widget) to force the children of the
RenderFlex to fit within the available space instead of being sized to their natural size.
This is considered an error condition because it indicates that there is content that cannot be
seen. If the content is legitimately bigger than the available space, consider clipping it with a
ClipRect widget before putting it in the flex, or using a scrollable container rather than a Flex,
like a ListView.
The specific RenderFlex in question is: RenderFlex#10b75 relayoutBoundary=up7 OVERFLOWING:
  creator: Row ← Padding ← Column ← Padding ← DecoratedBox ← ConstrainedBox ← Container ← Row ←
    KeyedSubtree-[GlobalKey#645ef] ← _BodyBuilder ← MediaQuery ← LayoutId-[<_ScaffoldSlot.body>] ← ⋯
  parentData: offset=Offset(16.0, 16.0) (can use size)
  constraints: BoxConstraints(0.0<=w<=267.0, 0.0<=h<=Infinity)
  size: Size(267.0, 24.0)
  direction: horizontal
  mainAxisAlignment: start
  mainAxisSize: max
  crossAxisAlignment: center
  textDirection: ltr
  verticalDirection: down
  spacing: 0.0
◢◤◢◤◢◤◢◤◢◤◢◤◢◤◢◤◢◤◢◤◢◤◢◤◢◤◢◤◢◤◢◤◢◤◢◤◢◤◢◤◢◤◢◤◢◤◢◤◢◤◢◤◢◤◢◤◢◤◢◤◢◤◢◤◢◤◢◤◢◤◢◤◢◤◢◤◢◤◢◤◢◤◢◤◢◤◢◤◢◤◢◤◢◤◢◤◢◤◢◤
════════════════════════════════════════════════════════════════════════════════════════════════════
01:51 +152 -9: /Volumes/ESD-USB/toolspace/test/tools/regex_tester_widget_test.dart: RegexTesterScreen Widget Tests presets panel shows categories [E]                                                  
  Test failed. See exception logs above.
  The test description was: presets panel shows categories
  

To run this test again: /usr/local/share/flutter/bin/cache/dart-sdk/bin/dart test /Volumes/ESD-USB/toolspace/test/tools/regex_tester_widget_test.dart -p vm --plain-name 'RegexTesterScreen Widget Tests presets panel shows categories'
01:51 +152 -9: /Volumes/ESD-USB/toolspace/test/tools/regex_tester_widget_test.dart: RegexTesterScreen Widget Tests updates status on pattern input                                                     01:51 +153 -9: /Volumes/ESD-USB/toolspace/test/tools/regex_tester_widget_test.dart: RegexTesterScreen Widget Tests updates status on pattern input                                                     01:51 +154 -9: /Volumes/ESD-USB/toolspace/test/tools/regex_tester_widget_test.dart: RegexTesterScreen Widget Tests updates status on pattern input                                                     01:52 +155 -9: /Volumes/ESD-USB/toolspace/test/tools/regex_tester_widget_test.dart: RegexTesterScreen Widget Tests updates status on pattern input                                                     01:52 +156 -9: /Volumes/ESD-USB/toolspace/test/tools/regex_tester_widget_test.dart: RegexTesterScreen Widget Tests updates status on pattern input                                                     01:52 +157 -9: /Volumes/ESD-USB/toolspace/test/tools/regex_tester_widget_test.dart: RegexTesterScreen Widget Tests updates status on pattern input                                                     01:52 +158 -9: /Volumes/ESD-USB/toolspace/test/tools/regex_tester_widget_test.dart: RegexTesterScreen Widget Tests updates status on pattern input                                                     01:52 +159 -9: /Volumes/ESD-USB/toolspace/test/tools/regex_tester_widget_test.dart: RegexTesterScreen Widget Tests updates status on pattern input                                                     01:52 +160 -9: /Volumes/ESD-USB/toolspace/test/tools/regex_tester_widget_test.dart: RegexTesterScreen Widget Tests updates status on pattern input                                                     01:52 +161 -9: /Volumes/ESD-USB/toolspace/test/tools/regex_tester_widget_test.dart: RegexTesterScreen Widget Tests updates status on pattern input                                                     01:52 +162 -9: /Volumes/ESD-USB/toolspace/test/tools/regex_tester_widget_test.dart: RegexTesterScreen Widget Tests updates status on pattern input                                                     01:52 +163 -9: /Volumes/ESD-USB/toolspace/test/tools/regex_tester_widget_test.dart: RegexTesterScreen Widget Tests updates status on pattern input                                                     01:52 +164 -9: /Volumes/ESD-USB/toolspace/test/tools/regex_tester_widget_test.dart: RegexTesterScreen Widget Tests updates status on pattern input                                                     01:52 +165 -9: /Volumes/ESD-USB/toolspace/test/tools/regex_tester_widget_test.dart: RegexTesterScreen Widget Tests updates status on pattern input                                                     01:52 +166 -9: /Volumes/ESD-USB/toolspace/test/tools/regex_tester_widget_test.dart: RegexTesterScreen Widget Tests updates status on pattern input                                                     01:52 +167 -9: /Volumes/ESD-USB/toolspace/test/tools/regex_tester_widget_test.dart: RegexTesterScreen Widget Tests updates status on pattern input                                                     01:52 +168 -9: /Volumes/ESD-USB/toolspace/test/tools/regex_tester_widget_test.dart: RegexTesterScreen Widget Tests updates status on pattern input                                                     01:52 +169 -9: /Volumes/ESD-USB/toolspace/test/tools/regex_tester_widget_test.dart: RegexTesterScreen Widget Tests updates status on pattern input                                                     01:52 +170 -9: /Volumes/ESD-USB/toolspace/test/tools/regex_tester_widget_test.dart: RegexTesterScreen Widget Tests updates status on pattern input                                                     01:52 +171 -9: /Volumes/ESD-USB/toolspace/test/tools/regex_tester_widget_test.dart: RegexTesterScreen Widget Tests updates status on pattern input                                                     01:52 +172 -9: /Volumes/ESD-USB/toolspace/test/tools/regex_tester_widget_test.dart: RegexTesterScreen Widget Tests updates status on pattern input                                                     01:52 +173 -9: /Volumes/ESD-USB/toolspace/test/tools/regex_tester_widget_test.dart: RegexTesterScreen Widget Tests updates status on pattern input                                                     01:52 +174 -9: /Volumes/ESD-USB/toolspace/test/tools/unit_converter_test.dart: ConversionHistory Tests adds conversion to history                                                                      01:52 +175 -9: /Volumes/ESD-USB/toolspace/test/tools/regex_tester_widget_test.dart: RegexTesterScreen Widget Tests shows error for invalid pattern                                                     01:52 +176 -9: /Volumes/ESD-USB/toolspace/test/tools/regex_tester_widget_test.dart: RegexTesterScreen Widget Tests shows error for invalid pattern                                                     01:52 +177 -9: /Volumes/ESD-USB/toolspace/test/tools/regex_tester_widget_test.dart: RegexTesterScreen Widget Tests shows error for invalid pattern                                                     01:52 +178 -9: /Volumes/ESD-USB/toolspace/test/tools/regex_tester_widget_test.dart: RegexTesterScreen Widget Tests shows error for invalid pattern                                                     01:52 +179 -9: /Volumes/ESD-USB/toolspace/test/tools/regex_tester_widget_test.dart: RegexTesterScreen Widget Tests shows error for invalid pattern                                                     01:52 +180 -9: /Volumes/ESD-USB/toolspace/test/tools/regex_tester_widget_test.dart: RegexTesterScreen Widget Tests shows error for invalid pattern                                                     01:52 +181 -9: /Volumes/ESD-USB/toolspace/test/tools/regex_tester_widget_test.dart: RegexTesterScreen Widget Tests shows error for invalid pattern                                                     01:52 +182 -9: /Volumes/ESD-USB/toolspace/test/tools/regex_tester_widget_test.dart: RegexTesterScreen Widget Tests shows error for invalid pattern                                                     01:52 +183 -9: /Volumes/ESD-USB/toolspace/test/tools/regex_tester_widget_test.dart: RegexTesterScreen Widget Tests shows error for invalid pattern                                                     01:52 +184 -9: /Volumes/ESD-USB/toolspace/test/tools/regex_tester_widget_test.dart: RegexTesterScreen Widget Tests shows error for invalid pattern                                                     01:52 +185 -9: /Volumes/ESD-USB/toolspace/test/tools/regex_tester_widget_test.dart: RegexTesterScreen Widget Tests shows error for invalid pattern                                                     01:52 +186 -9: /Volumes/ESD-USB/toolspace/test/tools/regex_tester_widget_test.dart: RegexTesterScreen Widget Tests shows error for invalid pattern                                                     01:53 +186 -9: /Volumes/ESD-USB/toolspace/test/tools/regex_tester_widget_test.dart: RegexTesterScreen Widget Tests shows error for invalid pattern                                                     01:53 +187 -9: /Volumes/ESD-USB/toolspace/test/tools/regex_tester_widget_test.dart: RegexTesterScreen Widget Tests shows error for invalid pattern                                                     01:53 +187 -9: /Volumes/ESD-USB/toolspace/test/tools/regex_tester_widget_test.dart: RegexTesterScreen Widget Tests can clear pattern                                                                   01:53 +188 -9: /Volumes/ESD-USB/toolspace/test/tools/regex_tester_widget_test.dart: RegexTesterScreen Widget Tests can clear pattern                                                                   01:53 +188 -9: /Volumes/ESD-USB/toolspace/test/tools/regex_tester_widget_test.dart: RegexTesterScreen Widget Tests displays copy button when pattern exists                                            01:53 +189 -9: /Volumes/ESD-USB/toolspace/test/tools/regex_tester_widget_test.dart: RegexTesterScreen Widget Tests displays copy button when pattern exists                                            01:53 +189 -9: /Volumes/ESD-USB/toolspace/test/tools/regex_tester_widget_test.dart: RegexTesterScreen Widget Tests shows no matches message                                                            01:53 +190 -9: /Volumes/ESD-USB/toolspace/test/tools/regex_tester_widget_test.dart: RegexTesterScreen Widget Tests shows no matches message                                                            01:54 +190 -9: /Volumes/ESD-USB/toolspace/test/tools/regex_tester_widget_test.dart: RegexTesterScreen Widget Tests shows no matches message                                                            01:54 +190 -9: loading /Volumes/ESD-USB/toolspace/test/tools/unit_converter_widget_test.dart                                                                                                           01:54 +190 -9: /Volumes/ESD-USB/toolspace/test/tools/unit_converter_widget_test.dart: UnitConverterScreen Widget Tests displays category chips                                                         01:55 +190 -9: /Volumes/ESD-USB/toolspace/test/tools/unit_converter_widget_test.dart: UnitConverterScreen Widget Tests displays category chips                                                         01:55 +191 -9: /Volumes/ESD-USB/toolspace/test/tools/unit_converter_widget_test.dart: UnitConverterScreen Widget Tests displays category chips                                                         01:55 +192 -9: /Volumes/ESD-USB/toolspace/test/tools/unit_converter_widget_test.dart: UnitConverterScreen Widget Tests displays category chips                                                         01:55 +193 -9: /Volumes/ESD-USB/toolspace/test/tools/unit_converter_widget_test.dart: UnitConverterScreen Widget Tests displays category chips                                                         01:55 +194 -9: /Volumes/ESD-USB/toolspace/test/tools/unit_converter_widget_test.dart: UnitConverterScreen Widget Tests displays category chips                                                         01:55 +195 -9: /Volumes/ESD-USB/toolspace/test/tools/unit_converter_widget_test.dart: UnitConverterScreen Widget Tests displays category chips                                                         01:55 +196 -9: /Volumes/ESD-USB/toolspace/test/tools/unit_converter_widget_test.dart: UnitConverterScreen Widget Tests displays category chips                                                         01:55 +196 -10: /Volumes/ESD-USB/toolspace/test/tools/url_short_test.dart: Short Code Generation Tests generates unique codes [E]                                                                      
  Expected: a value greater than <90>
    Actual: <88>
     Which: is not a value greater than <90>
  
  package:matcher                                     expect
  package:flutter_test/src/widget_tester.dart 473:18  expect
  test/tools/url_short_test.dart 66:7                 main.<fn>.<fn>
  

To run this test again: /usr/local/share/flutter/bin/cache/dart-sdk/bin/dart test /Volumes/ESD-USB/toolspace/test/tools/url_short_test.dart -p vm --plain-name 'Short Code Generation Tests generates unique codes'
01:55 +197 -10: /Volumes/ESD-USB/toolspace/test/tools/unit_converter_widget_test.dart: UnitConverterScreen Widget Tests displays category chips                                                        01:55 +198 -10: /Volumes/ESD-USB/toolspace/test/tools/unit_converter_widget_test.dart: UnitConverterScreen Widget Tests displays category chips                                                        01:56 +198 -10: /Volumes/ESD-USB/toolspace/test/tools/unit_converter_widget_test.dart: UnitConverterScreen Widget Tests displays category chips                                                        01:57 +198 -10: /Volumes/ESD-USB/toolspace/test/tools/unit_converter_widget_test.dart: UnitConverterScreen Widget Tests displays category chips                                                        01:57 +199 -10: /Volumes/ESD-USB/toolspace/test/tools/unit_converter_widget_test.dart: UnitConverterScreen Widget Tests displays category chips                                                        01:57 +199 -10: /Volumes/ESD-USB/toolspace/test/tools/unit_converter_widget_test.dart: UnitConverterScreen Widget Tests shows initial conversion result                                                01:57 +200 -10: /Volumes/ESD-USB/toolspace/test/tools/url_short_widget_test.dart: UrlShortScreen Widget Tests displays dev access badge in app bar                                                     01:58 +200 -10: /Volumes/ESD-USB/toolspace/test/tools/url_short_widget_test.dart: UrlShortScreen Widget Tests displays dev access badge in app bar                                                     01:58 +201 -10: /Volumes/ESD-USB/toolspace/test/tools/url_short_widget_test.dart: UrlShortScreen Widget Tests displays dev access badge in app bar                                                     01:58 +202 -10: /Volumes/ESD-USB/toolspace/test/tools/url_short_widget_test.dart: UrlShortScreen Widget Tests displays dev access badge in app bar                                                     01:59 +202 -10: /Volumes/ESD-USB/toolspace/test/tools/url_short_widget_test.dart: UrlShortScreen Widget Tests displays dev access badge in app bar                                                     01:59 +203 -10: /Volumes/ESD-USB/toolspace/test/tools/url_short_widget_test.dart: UrlShortScreen Widget Tests displays dev access badge in app bar                                                     01:59 +204 -10: /Volumes/ESD-USB/toolspace/test/tools/url_short_widget_test.dart: UrlShortScreen Widget Tests displays dev access badge in app bar                                                     02:00 +204 -10: /Volumes/ESD-USB/toolspace/test/tools/url_short_widget_test.dart: UrlShortScreen Widget Tests displays dev access badge in app bar                                                     02:00 +204 -10: /Volumes/ESD-USB/toolspace/test/tools/unit_converter_widget_test.dart: UnitConverterScreen Widget Tests can change precision                                                           

Warning: A call to tap() with finder "Found 1 widget with type "Slider": [
  Slider(value: 2.0, secondaryTrackValue: null, min: 0.0, max: 10.0, divisions: 10, label: null, activeColor: null, inactiveColor: null, secondaryActiveColor: null, dependencies: [InheritedCupertinoTheme, MediaQuery, _InheritedTheme, _LocalizationsScope-[GlobalKey#06b0c]], state: _SliderState#17926(tickers: tracking 4 tickers)),
]" derived an Offset (Offset(400.0, 672.0)) that would not hit test on the specified widget.
Maybe the widget is actually off-screen, or another widget is obscuring it, or the widget cannot receive pointer events.
Indeed, Offset(400.0, 672.0) is outside the bounds of the root of the render tree, Size(800.0, 600.0).
The finder corresponds to this RenderBox: RenderSemanticsAnnotations#5b876 relayoutBoundary=up21
The hit test result at that offset is: HitTestResult(HitTestEntry<HitTestTarget>#d0614(_ReusableRenderView#0d12e), HitTestEntry<HitTestTarget>#44d4b(<AutomatedTestWidgetsFlutterBinding>))
#0      WidgetController._getElementPoint (package:flutter_test/src/controller.dart:2077:25)
#1      WidgetController.getCenter (package:flutter_test/src/controller.dart:1861:12)
#2      WidgetController.tap (package:flutter_test/src/controller.dart:1041:7)
#3      main.<anonymous closure>.<anonymous closure> (file:///Volumes/ESD-USB/toolspace/test/tools/unit_converter_widget_test.dart:110:20)
<asynchronous suspension>
#4      testWidgets.<anonymous closure>.<anonymous closure> (package:flutter_test/src/widget_tester.dart:192:15)
<asynchronous suspension>
#5      TestWidgetsFlutterBinding._runTestBody (package:flutter_test/src/binding.dart:1059:5)
<asynchronous suspension>
#6      StackZoneSpecification._registerCallback.<anonymous closure> (package:stack_trace/src/stack_zone_specification.dart:114:42)
<asynchronous suspension>
To silence this warning, pass "warnIfMissed: false" to "tap()".
To make this warning fatal, set WidgetController.hitTestWarningShouldBeFatal to true.

02:00 +205 -10: /Volumes/ESD-USB/toolspace/test/tools/url_short_widget_test.dart: UrlShortScreen Widget Tests displays dev access badge in app bar                                                     02:00 +206 -10: /Volumes/ESD-USB/toolspace/test/tools/url_short_widget_test.dart: UrlShortScreen Widget Tests displays dev access badge in app bar                                                     02:00 +207 -10: /Volumes/ESD-USB/toolspace/test/tools/unit_converter_widget_test.dart: UnitConverterScreen Widget Tests can switch categories                                                          02:00 +208 -10: /Volumes/ESD-USB/toolspace/test/tools/url_short_widget_test.dart: UrlShortScreen Widget Tests displays URL input field                                                                 02:00 +208 -10: /Volumes/ESD-USB/toolspace/test/tools/url_short_widget_test.dart: UrlShortScreen Widget Tests displays URL input field                                                                 
Pending timers:
Timer (duration: 0:00:00.500000, periodic: false), created:
#0      new FakeTimer._ (package:fake_async/fake_async.dart:342:62)
#1      FakeAsync._createTimer (package:fake_async/fake_async.dart:260:29)
#2      FakeAsync.run.<anonymous closure> (package:fake_async/fake_async.dart:185:15)
#6      _UrlShortScreenState._loadUrls (package:toolspace/tools/url_short/url_short_screen.dart:84:18)
#7      _UrlShortScreenState.initState (package:toolspace/tools/url_short/url_short_screen.dart:38:5)
#8      StatefulElement._firstBuild (package:flutter/src/widgets/framework.dart:5852:55)
#9      ComponentElement.mount (package:flutter/src/widgets/framework.dart:5699:5)
...     Normal element mounting (228 frames)
#237    Element.inflateWidget (package:flutter/src/widgets/framework.dart:4548:16)
#238    MultiChildRenderObjectElement.inflateWidget (package:flutter/src/widgets/framework.dart:7169:36)
#239    MultiChildRenderObjectElement.mount (package:flutter/src/widgets/framework.dart:7185:32)
...     Normal element mounting (465 frames)
#704    Element.inflateWidget (package:flutter/src/widgets/framework.dart:4548:16)
#705    Element.updateChild (package:flutter/src/widgets/framework.dart:3998:20)
#706    ComponentElement.performRebuild (package:flutter/src/widgets/framework.dart:5747:16)
#707    Element.rebuild (package:flutter/src/widgets/framework.dart:5435:7)
#708    ProxyElement.update (package:flutter/src/widgets/framework.dart:6051:5)
#709    _InheritedNotifierElement.update (package:flutter/src/widgets/inherited_notifier.dart:108:11)
#710    Element.updateChild (package:flutter/src/widgets/framework.dart:3982:15)
#711    ComponentElement.performRebuild (package:flutter/src/widgets/framework.dart:5747:16)
#712    StatefulElement.performRebuild (package:flutter/src/widgets/framework.dart:5884:11)
#713    Element.rebuild (package:flutter/src/widgets/framework.dart:5435:7)
#714    StatefulElement.update (package:flutter/src/widgets/framework.dart:5909:5)
#715    Element.updateChild (package:flutter/src/widgets/framework.dart:3982:15)
#716    ComponentElement.performRebuild (package:flutter/src/widgets/framework.dart:5747:16)
#717    Element.rebuild (package:flutter/src/widgets/framework.dart:5435:7)
#718    ProxyElement.update (package:flutter/src/widgets/framework.dart:6051:5)
#719    _InheritedNotifierElement.update (package:flutter/src/widgets/inherited_notifier.dart:108:11)
#720    Element.updateChild (package:flutter/src/widgets/framework.dart:3982:15)
#721    ComponentElement.performRebuild (package:flutter/src/widgets/framework.dart:5747:16)
#722    StatefulElement.performRebuild (package:flutter/src/widgets/framework.dart:5884:11)
#723    Element.rebuild (package:flutter/src/widgets/framework.dart:5435:7)
#724    StatefulElement.update (package:flutter/src/widgets/framework.dart:5909:5)
#725    Element.updateChild (package:flutter/src/widgets/framework.dart:3982:15)
#726    ComponentElement.performRebuild (package:flutter/src/widgets/framework.dart:5747:16)
#727    StatefulElement.performRebuild (package:flutter/src/widgets/framework.dart:5884:11)
#728    Element.rebuild (package:flutter/src/widgets/framework.dart:5435:7)
#729    StatefulElement.update (package:flutter/src/widgets/framework.dart:5909:5)
#730    Element.updateChild (package:flutter/src/widgets/framework.dart:3982:15)
#731    ComponentElement.performRebuild (package:flutter/src/widgets/framework.dart:5747:16)
#732    Element.rebuild (package:flutter/src/widgets/framework.dart:5435:7)
#733    ProxyElement.update (package:flutter/src/widgets/framework.dart:6051:5)
#734    Element.updateChild (package:flutter/src/widgets/framework.dart:3982:15)
#735    ComponentElement.performRebuild (package:flutter/src/widgets/framework.dart:5747:16)
#736    StatefulElement.performRebuild (package:flutter/src/widgets/framework.dart:5884:11)
#737    Element.rebuild (package:flutter/src/widgets/framework.dart:5435:7)
#738    StatefulElement.update (package:flutter/src/widgets/framework.dart:5909:5)
#739    Element.updateChild (package:flutter/src/widgets/framework.dart:3982:15)
#740    ComponentElement.performRebuild (package:flutter/src/widgets/framework.dart:5747:16)
#741    Element.rebuild (package:flutter/src/widgets/framework.dart:5435:7)
#742    ProxyElement.update (package:flutter/src/widgets/framework.dart:6051:5)
#743    Element.updateChild (package:flutter/src/widgets/framework.dart:3982:15)
#744    ComponentElement.performRebuild (package:flutter/src/widgets/framework.dart:5747:16)
#745    Element.rebuild (package:flutter/src/widgets/framework.dart:5435:7)
#746    ProxyElement.update (package:flutter/src/widgets/framework.dart:6051:5)
#747    Element.updateChild (package:flutter/src/widgets/framework.dart:3982:15)
#748    _RawViewElement._updateChild (package:flutter/src/widgets/view.dart:481:16)
#749    _RawViewElement.update (package:flutter/src/widgets/view.dart:568:5)
#750    Element.updateChild (package:flutter/src/widgets/framework.dart:3982:15)
#751    ComponentElement.performRebuild (package:flutter/src/widgets/framework.dart:5747:16)
#752    Element.rebuild (package:flutter/src/widgets/framework.dart:5435:7)
#753    StatelessElement.update (package:flutter/src/widgets/framework.dart:5797:5)
#754    Element.updateChild (package:flutter/src/widgets/framework.dart:3982:15)
#755    ComponentElement.performRebuild (package:flutter/src/widgets/framework.dart:5747:16)
#756    StatefulElement.performRebuild (package:flutter/src/widgets/framework.dart:5884:11)
#757    Element.rebuild (package:flutter/src/widgets/framework.dart:5435:7)
#758    StatefulElement.update (package:flutter/src/widgets/framework.dart:5909:5)
#759    Element.updateChild (package:flutter/src/widgets/framework.dart:3982:15)
#760    RootElement._rebuild (package:flutter/src/widgets/binding.dart:1716:16)
#761    RootElement.update (package:flutter/src/widgets/binding.dart:1694:5)
#762    RootElement.performRebuild (package:flutter/src/widgets/binding.dart:1708:7)
#763    Element.rebuild (package:flutter/src/widgets/framework.dart:5435:7)
#764    BuildScope._tryRebuild (package:flutter/src/widgets/framework.dart:2695:15)
#765    BuildScope._flushDirtyElements (package:flutter/src/widgets/framework.dart:2752:11)
#766    BuildOwner.buildScope (package:flutter/src/widgets/framework.dart:3056:18)
#767    AutomatedTestWidgetsFlutterBinding.drawFrame (package:flutter_test/src/binding.dart:1506:19)
#768    RendererBinding._handlePersistentFrameCallback (package:flutter/src/rendering/binding.dart:495:5)
#769    SchedulerBinding._invokeFrameCallback (package:flutter/src/scheduler/binding.dart:1434:15)
#770    SchedulerBinding.handleDrawFrame (package:flutter/src/scheduler/binding.dart:1347:9)
#771    AutomatedTestWidgetsFlutterBinding.pump.<anonymous closure> (package:flutter_test/src/binding.dart:1335:9)
#774    TestAsyncUtils.guard (package:flutter_test/src/test_async_utils.dart:74:41)
#775    AutomatedTestWidgetsFlutterBinding.pump (package:flutter_test/src/binding.dart:1324:27)
#776    WidgetTester.pumpWidget.<anonymous closure> (package:flutter_test/src/widget_tester.dart:598:22)
#779    TestAsyncUtils.guard (package:flutter_test/src/test_async_utils.dart:74:41)
#780    WidgetTester.pumpWidget (package:flutter_test/src/widget_tester.dart:595:27)
#781    main.<anonymous closure>.<anonymous closure> (file:///Volumes/ESD-USB/toolspace/test/tools/url_short_widget_test.dart:23:20)
#782    testWidgets.<anonymous closure>.<anonymous closure> (package:flutter_test/src/widget_tester.dart:192:29)
<asynchronous suspension>
#783    TestWidgetsFlutterBinding._runTestBody (package:flutter_test/src/binding.dart:1059:5)
<asynchronous suspension>
<asynchronous suspension>
(elided 8 frames from dart:async and package:stack_trace)

02:01 +209 -10: /Volumes/ESD-USB/toolspace/test/tools/url_short_widget_test.dart: UrlShortScreen Widget Tests displays URL input field                                                                 02:01 +209 -10: /Volumes/ESD-USB/toolspace/test/tools/url_short_widget_test.dart: UrlShortScreen Widget Tests displays URL input field                                                                 
══╡ EXCEPTION CAUGHT BY FLUTTER TEST FRAMEWORK ╞════════════════════════════════════════════════════
The following assertion was thrown running a test:
A Timer is still pending even after the widget tree was disposed.
'package:flutter_test/src/binding.dart':
Failed assertion: line 1617 pos 12: '!timersPending'

When the exception was thrown, this was the stack:
#2      AutomatedTestWidgetsFlutterBinding._verifyInvariants (package:flutter_test/src/binding.dart:1617:12)
#3      TestWidgetsFlutterBinding._runTestBody (package:flutter_test/src/binding.dart:1078:7)
<asynchronous suspension>
<asynchronous suspension>
(elided 3 frames from class _AssertionError and package:stack_trace)

The test description was:
  displays URL input field
════════════════════════════════════════════════════════════════════════════════════════════════════
02:01 +209 -11: /Volumes/ESD-USB/toolspace/test/tools/url_short_widget_test.dart: UrlShortScreen Widget Tests displays URL input field [E]                                                             
  Test failed. See exception logs above.
  The test description was: displays URL input field
  

To run this test again: /usr/local/share/flutter/bin/cache/dart-sdk/bin/dart test /Volumes/ESD-USB/toolspace/test/tools/url_short_widget_test.dart -p vm --plain-name 'UrlShortScreen Widget Tests displays URL input field'
02:01 +210 -11: /Volumes/ESD-USB/toolspace/test/tools/url_short_widget_test.dart: UrlShortScreen Widget Tests displays shorten button                                                                  02:01 +211 -11: /Volumes/ESD-USB/toolspace/test/tools/url_short_widget_test.dart: UrlShortScreen Widget Tests displays shorten button                                                                  02:01 +211 -11: /Volumes/ESD-USB/toolspace/test/tools/url_short_widget_test.dart: UrlShortScreen Widget Tests displays shorten button                                                                  
══╡ EXCEPTION CAUGHT BY FLUTTER TEST FRAMEWORK ╞════════════════════════════════════════════════════
The following TestFailure was thrown running a test:
Expected: exactly one matching candidate
  Actual: _TextWidgetFinder:<Found 0 widgets with text "Shorten URL": []>
   Which: means none were found but one was expected

When the exception was thrown, this was the stack:
#4      main.<anonymous closure>.<anonymous closure> (file:///Volumes/ESD-USB/toolspace/test/tools/url_short_widget_test.dart:41:7)
<asynchronous suspension>
#5      testWidgets.<anonymous closure>.<anonymous closure> (package:flutter_test/src/widget_tester.dart:192:15)
<asynchronous suspension>
#6      TestWidgetsFlutterBinding._runTestBody (package:flutter_test/src/binding.dart:1059:5)
<asynchronous suspension>
<asynchronous suspension>
(elided one frame from package:stack_trace)

This was caught by the test expectation on the following line:
  file:///Volumes/ESD-USB/toolspace/test/tools/url_short_widget_test.dart line 41
The test description was:
  displays shorten button
════════════════════════════════════════════════════════════════════════════════════════════════════
02:01 +211 -12: /Volumes/ESD-USB/toolspace/test/tools/url_short_widget_test.dart: UrlShortScreen Widget Tests displays shorten button [E]                                                              
  Test failed. See exception logs above.
  The test description was: displays shorten button
  

To run this test again: /usr/local/share/flutter/bin/cache/dart-sdk/bin/dart test /Volumes/ESD-USB/toolspace/test/tools/url_short_widget_test.dart -p vm --plain-name 'UrlShortScreen Widget Tests displays shorten button'
02:01 +212 -12: /Volumes/ESD-USB/toolspace/test/tools/unit_converter_widget_test.dart: UnitConverterScreen Widget Tests clears input when clear button pressed                                         02:02 +212 -12: /Volumes/ESD-USB/toolspace/test/tools/unit_converter_widget_test.dart: UnitConverterScreen Widget Tests clears input when clear button pressed                                         02:02 +213 -12: /Volumes/ESD-USB/toolspace/test/tools/url_short_widget_test.dart: UrlShortScreen Widget Tests validates URL input                                                                      02:02 +214 -12: /Volumes/ESD-USB/toolspace/test/tools/url_short_widget_test.dart: UrlShortScreen Widget Tests validates URL input                                                                      02:02 +214 -12: /Volumes/ESD-USB/toolspace/test/tools/url_short_widget_test.dart: UrlShortScreen Widget Tests validates URL input                                                                      
Pending timers:
Timer (duration: 0:00:00.500000, periodic: false), created:
#0      new FakeTimer._ (package:fake_async/fake_async.dart:342:62)
#1      FakeAsync._createTimer (package:fake_async/fake_async.dart:260:29)
#2      FakeAsync.run.<anonymous closure> (package:fake_async/fake_async.dart:185:15)
#6      _UrlShortScreenState._loadUrls (package:toolspace/tools/url_short/url_short_screen.dart:84:18)
#7      _UrlShortScreenState.initState (package:toolspace/tools/url_short/url_short_screen.dart:38:5)
#8      StatefulElement._firstBuild (package:flutter/src/widgets/framework.dart:5852:55)
#9      ComponentElement.mount (package:flutter/src/widgets/framework.dart:5699:5)
...     Normal element mounting (228 frames)
#237    Element.inflateWidget (package:flutter/src/widgets/framework.dart:4548:16)
#238    MultiChildRenderObjectElement.inflateWidget (package:flutter/src/widgets/framework.dart:7169:36)
#239    MultiChildRenderObjectElement.mount (package:flutter/src/widgets/framework.dart:7185:32)
...     Normal element mounting (465 frames)
#704    Element.inflateWidget (package:flutter/src/widgets/framework.dart:4548:16)
#705    Element.updateChild (package:flutter/src/widgets/framework.dart:3998:20)
#706    ComponentElement.performRebuild (package:flutter/src/widgets/framework.dart:5747:16)
#707    Element.rebuild (package:flutter/src/widgets/framework.dart:5435:7)
#708    ProxyElement.update (package:flutter/src/widgets/framework.dart:6051:5)
#709    _InheritedNotifierElement.update (package:flutter/src/widgets/inherited_notifier.dart:108:11)
#710    Element.updateChild (package:flutter/src/widgets/framework.dart:3982:15)
#711    ComponentElement.performRebuild (package:flutter/src/widgets/framework.dart:5747:16)
#712    StatefulElement.performRebuild (package:flutter/src/widgets/framework.dart:5884:11)
#713    Element.rebuild (package:flutter/src/widgets/framework.dart:5435:7)
#714    StatefulElement.update (package:flutter/src/widgets/framework.dart:5909:5)
#715    Element.updateChild (package:flutter/src/widgets/framework.dart:3982:15)
#716    ComponentElement.performRebuild (package:flutter/src/widgets/framework.dart:5747:16)
#717    Element.rebuild (package:flutter/src/widgets/framework.dart:5435:7)
#718    ProxyElement.update (package:flutter/src/widgets/framework.dart:6051:5)
#719    _InheritedNotifierElement.update (package:flutter/src/widgets/inherited_notifier.dart:108:11)
#720    Element.updateChild (package:flutter/src/widgets/framework.dart:3982:15)
#721    ComponentElement.performRebuild (package:flutter/src/widgets/framework.dart:5747:16)
#722    StatefulElement.performRebuild (package:flutter/src/widgets/framework.dart:5884:11)
#723    Element.rebuild (package:flutter/src/widgets/framework.dart:5435:7)
#724    StatefulElement.update (package:flutter/src/widgets/framework.dart:5909:5)
#725    Element.updateChild (package:flutter/src/widgets/framework.dart:3982:15)
#726    ComponentElement.performRebuild (package:flutter/src/widgets/framework.dart:5747:16)
#727    StatefulElement.performRebuild (package:flutter/src/widgets/framework.dart:5884:11)
#728    Element.rebuild (package:flutter/src/widgets/framework.dart:5435:7)
#729    StatefulElement.update (package:flutter/src/widgets/framework.dart:5909:5)
#730    Element.updateChild (package:flutter/src/widgets/framework.dart:3982:15)
#731    ComponentElement.performRebuild (package:flutter/src/widgets/framework.dart:5747:16)
#732    Element.rebuild (package:flutter/src/widgets/framework.dart:5435:7)
#733    ProxyElement.update (package:flutter/src/widgets/framework.dart:6051:5)
#734    Element.updateChild (package:flutter/src/widgets/framework.dart:3982:15)
#735    ComponentElement.performRebuild (package:flutter/src/widgets/framework.dart:5747:16)
#736    StatefulElement.performRebuild (package:flutter/src/widgets/framework.dart:5884:11)
#737    Element.rebuild (package:flutter/src/widgets/framework.dart:5435:7)
#738    StatefulElement.update (package:flutter/src/widgets/framework.dart:5909:5)
#739    Element.updateChild (package:flutter/src/widgets/framework.dart:3982:15)
#740    ComponentElement.performRebuild (package:flutter/src/widgets/framework.dart:5747:16)
#741    Element.rebuild (package:flutter/src/widgets/framework.dart:5435:7)
#742    ProxyElement.update (package:flutter/src/widgets/framework.dart:6051:5)
#743    Element.updateChild (package:flutter/src/widgets/framework.dart:3982:15)
#744    ComponentElement.performRebuild (package:flutter/src/widgets/framework.dart:5747:16)
#745    Element.rebuild (package:flutter/src/widgets/framework.dart:5435:7)
#746    ProxyElement.update (package:flutter/src/widgets/framework.dart:6051:5)
#747    Element.updateChild (package:flutter/src/widgets/framework.dart:3982:15)
#748    _RawViewElement._updateChild (package:flutter/src/widgets/view.dart:481:16)
#749    _RawViewElement.update (package:flutter/src/widgets/view.dart:568:5)
#750    Element.updateChild (package:flutter/src/widgets/framework.dart:3982:15)
#751    ComponentElement.performRebuild (package:flutter/src/widgets/framework.dart:5747:16)
#752    Element.rebuild (package:flutter/src/widgets/framework.dart:5435:7)
#753    StatelessElement.update (package:flutter/src/widgets/framework.dart:5797:5)
#754    Element.updateChild (package:flutter/src/widgets/framework.dart:3982:15)
#755    ComponentElement.performRebuild (package:flutter/src/widgets/framework.dart:5747:16)
#756    StatefulElement.performRebuild (package:flutter/src/widgets/framework.dart:5884:11)
#757    Element.rebuild (package:flutter/src/widgets/framework.dart:5435:7)
#758    StatefulElement.update (package:flutter/src/widgets/framework.dart:5909:5)
#759    Element.updateChild (package:flutter/src/widgets/framework.dart:3982:15)
#760    RootElement._rebuild (package:flutter/src/widgets/binding.dart:1716:16)
#761    RootElement.update (package:flutter/src/widgets/binding.dart:1694:5)
#762    RootElement.performRebuild (package:flutter/src/widgets/binding.dart:1708:7)
#763    Element.rebuild (package:flutter/src/widgets/framework.dart:5435:7)
#764    BuildScope._tryRebuild (package:flutter/src/widgets/framework.dart:2695:15)
#765    BuildScope._flushDirtyElements (package:flutter/src/widgets/framework.dart:2752:11)
#766    BuildOwner.buildScope (package:flutter/src/widgets/framework.dart:3056:18)
#767    AutomatedTestWidgetsFlutterBinding.drawFrame (package:flutter_test/src/binding.dart:1506:19)
#768    RendererBinding._handlePersistentFrameCallback (package:flutter/src/rendering/binding.dart:495:5)
#769    SchedulerBinding._invokeFrameCallback (package:flutter/src/scheduler/binding.dart:1434:15)
#770    SchedulerBinding.handleDrawFrame (package:flutter/src/scheduler/binding.dart:1347:9)
#771    AutomatedTestWidgetsFlutterBinding.pump.<anonymous closure> (package:flutter_test/src/binding.dart:1335:9)
#774    TestAsyncUtils.guard (package:flutter_test/src/test_async_utils.dart:74:41)
#775    AutomatedTestWidgetsFlutterBinding.pump (package:flutter_test/src/binding.dart:1324:27)
#776    WidgetTester.pumpWidget.<anonymous closure> (package:flutter_test/src/widget_tester.dart:598:22)
#779    TestAsyncUtils.guard (package:flutter_test/src/test_async_utils.dart:74:41)
#780    WidgetTester.pumpWidget (package:flutter_test/src/widget_tester.dart:595:27)
#781    main.<anonymous closure>.<anonymous closure> (file:///Volumes/ESD-USB/toolspace/test/tools/url_short_widget_test.dart:60:20)
#782    testWidgets.<anonymous closure>.<anonymous closure> (package:flutter_test/src/widget_tester.dart:192:29)
<asynchronous suspension>
#783    TestWidgetsFlutterBinding._runTestBody (package:flutter_test/src/binding.dart:1059:5)
<asynchronous suspension>
<asynchronous suspension>
(elided 8 frames from dart:async and package:stack_trace)

══╡ EXCEPTION CAUGHT BY FLUTTER TEST FRAMEWORK ╞════════════════════════════════════════════════════
The following assertion was thrown running a test:
A Timer is still pending even after the widget tree was disposed.
'package:flutter_test/src/binding.dart':
Failed assertion: line 1617 pos 12: '!timersPending'

When the exception was thrown, this was the stack:
#2      AutomatedTestWidgetsFlutterBinding._verifyInvariants (package:flutter_test/src/binding.dart:1617:12)
#3      TestWidgetsFlutterBinding._runTestBody (package:flutter_test/src/binding.dart:1078:7)
<asynchronous suspension>
<asynchronous suspension>
(elided 3 frames from class _AssertionError and package:stack_trace)

The test description was:
  validates URL input
════════════════════════════════════════════════════════════════════════════════════════════════════
02:02 +214 -13: /Volumes/ESD-USB/toolspace/test/tools/url_short_widget_test.dart: UrlShortScreen Widget Tests validates URL input [E]                                                                  
  Test failed. See exception logs above.
  The test description was: validates URL input
  

To run this test again: /usr/local/share/flutter/bin/cache/dart-sdk/bin/dart test /Volumes/ESD-USB/toolspace/test/tools/url_short_widget_test.dart -p vm --plain-name 'UrlShortScreen Widget Tests validates URL input'
02:02 +215 -13: /Volumes/ESD-USB/toolspace/test/tools/url_short_widget_test.dart: UrlShortScreen Widget Tests shorten button creates URL                                                               02:02 +215 -13: /Volumes/ESD-USB/toolspace/test/tools/url_short_widget_test.dart: UrlShortScreen Widget Tests shorten button creates URL                                                               
══╡ EXCEPTION CAUGHT BY FLUTTER TEST FRAMEWORK ╞════════════════════════════════════════════════════
The following assertion was thrown running a test:
The finder "Found 0 widgets with text "Shorten URL": []" (used in a call to "tap()") could not find
any matching widgets.

When the exception was thrown, this was the stack:
#0      WidgetController._getElementPoint (package:flutter_test/src/controller.dart:2009:7)
#1      WidgetController.getCenter (package:flutter_test/src/controller.dart:1861:12)
#2      WidgetController.tap (package:flutter_test/src/controller.dart:1041:7)
#3      main.<anonymous closure>.<anonymous closure> (file:///Volumes/ESD-USB/toolspace/test/tools/url_short_widget_test.dart:91:20)
<asynchronous suspension>
#4      testWidgets.<anonymous closure>.<anonymous closure> (package:flutter_test/src/widget_tester.dart:192:15)
<asynchronous suspension>
#5      TestWidgetsFlutterBinding._runTestBody (package:flutter_test/src/binding.dart:1059:5)
<asynchronous suspension>
<asynchronous suspension>
(elided one frame from package:stack_trace)

The test description was:
  shorten button creates URL
════════════════════════════════════════════════════════════════════════════════════════════════════
02:02 +215 -14: /Volumes/ESD-USB/toolspace/test/tools/url_short_widget_test.dart: UrlShortScreen Widget Tests shorten button creates URL [E]                                                           
  Test failed. See exception logs above.
  The test description was: shorten button creates URL
  

To run this test again: /usr/local/share/flutter/bin/cache/dart-sdk/bin/dart test /Volumes/ESD-USB/toolspace/test/tools/url_short_widget_test.dart -p vm --plain-name 'UrlShortScreen Widget Tests shorten button creates URL'
02:03 +216 -14: /Volumes/ESD-USB/toolspace/test/tools/url_short_widget_test.dart: UrlShortScreen Widget Tests displays URL cards after creation                                                        02:03 +216 -14: /Volumes/ESD-USB/toolspace/test/tools/url_short_widget_test.dart: UrlShortScreen Widget Tests displays URL cards after creation                                                        
══╡ EXCEPTION CAUGHT BY FLUTTER TEST FRAMEWORK ╞════════════════════════════════════════════════════
The following assertion was thrown running a test:
The finder "Found 0 widgets with text "Shorten URL": []" (used in a call to "tap()") could not find
any matching widgets.

When the exception was thrown, this was the stack:
#0      WidgetController._getElementPoint (package:flutter_test/src/controller.dart:2009:7)
#1      WidgetController.getCenter (package:flutter_test/src/controller.dart:1861:12)
#2      WidgetController.tap (package:flutter_test/src/controller.dart:1041:7)
#3      main.<anonymous closure>.<anonymous closure> (file:///Volumes/ESD-USB/toolspace/test/tools/url_short_widget_test.dart:114:20)
<asynchronous suspension>
#4      testWidgets.<anonymous closure>.<anonymous closure> (package:flutter_test/src/widget_tester.dart:192:15)
<asynchronous suspension>
#5      TestWidgetsFlutterBinding._runTestBody (package:flutter_test/src/binding.dart:1059:5)
<asynchronous suspension>
<asynchronous suspension>
(elided one frame from package:stack_trace)

The test description was:
  displays URL cards after creation
════════════════════════════════════════════════════════════════════════════════════════════════════
02:03 +216 -15: /Volumes/ESD-USB/toolspace/test/tools/url_short_widget_test.dart: UrlShortScreen Widget Tests displays URL cards after creation [E]                                                    
  Test failed. See exception logs above.
  The test description was: displays URL cards after creation
  

To run this test again: /usr/local/share/flutter/bin/cache/dart-sdk/bin/dart test /Volumes/ESD-USB/toolspace/test/tools/url_short_widget_test.dart -p vm --plain-name 'UrlShortScreen Widget Tests displays URL cards after creation'
02:03 +217 -15: /Volumes/ESD-USB/toolspace/test/tools/url_short_widget_test.dart: UrlShortScreen Widget Tests copy button copies URL to clipboard                                                      02:03 +217 -15: /Volumes/ESD-USB/toolspace/test/tools/url_short_widget_test.dart: UrlShortScreen Widget Tests copy button copies URL to clipboard                                                      
══╡ EXCEPTION CAUGHT BY FLUTTER TEST FRAMEWORK ╞════════════════════════════════════════════════════
The following assertion was thrown running a test:
The finder "Found 0 widgets with text "Shorten URL": []" (used in a call to "tap()") could not find
any matching widgets.

When the exception was thrown, this was the stack:
#0      WidgetController._getElementPoint (package:flutter_test/src/controller.dart:2009:7)
#1      WidgetController.getCenter (package:flutter_test/src/controller.dart:1861:12)
#2      WidgetController.tap (package:flutter_test/src/controller.dart:1041:7)
#3      main.<anonymous closure>.<anonymous closure> (file:///Volumes/ESD-USB/toolspace/test/tools/url_short_widget_test.dart:132:20)
<asynchronous suspension>
#4      testWidgets.<anonymous closure>.<anonymous closure> (package:flutter_test/src/widget_tester.dart:192:15)
<asynchronous suspension>
#5      TestWidgetsFlutterBinding._runTestBody (package:flutter_test/src/binding.dart:1059:5)
<asynchronous suspension>
<asynchronous suspension>
(elided one frame from package:stack_trace)

The test description was:
  copy button copies URL to clipboard
════════════════════════════════════════════════════════════════════════════════════════════════════
02:03 +217 -16: /Volumes/ESD-USB/toolspace/test/tools/url_short_widget_test.dart: UrlShortScreen Widget Tests copy button copies URL to clipboard [E]                                                  
  Test failed. See exception logs above.
  The test description was: copy button copies URL to clipboard
  

To run this test again: /usr/local/share/flutter/bin/cache/dart-sdk/bin/dart test /Volumes/ESD-USB/toolspace/test/tools/url_short_widget_test.dart -p vm --plain-name 'UrlShortScreen Widget Tests copy button copies URL to clipboard'
02:03 +217 -16: /Volumes/ESD-USB/toolspace/test/tools/url_short_widget_test.dart: UrlShortScreen Widget Tests delete button shows confirmation dialog                                                  02:04 +217 -16: /Volumes/ESD-USB/toolspace/test/tools/url_short_widget_test.dart: UrlShortScreen Widget Tests delete button shows confirmation dialog                                                  02:04 +217 -16: /Volumes/ESD-USB/toolspace/test/tools/url_short_widget_test.dart: UrlShortScreen Widget Tests delete button shows confirmation dialog                                                  
══╡ EXCEPTION CAUGHT BY FLUTTER TEST FRAMEWORK ╞════════════════════════════════════════════════════
The following assertion was thrown running a test:
The finder "Found 0 widgets with text "Shorten URL": []" (used in a call to "tap()") could not find
any matching widgets.

When the exception was thrown, this was the stack:
#0      WidgetController._getElementPoint (package:flutter_test/src/controller.dart:2009:7)
#1      WidgetController.getCenter (package:flutter_test/src/controller.dart:1861:12)
#2      WidgetController.tap (package:flutter_test/src/controller.dart:1041:7)
#3      main.<anonymous closure>.<anonymous closure> (file:///Volumes/ESD-USB/toolspace/test/tools/url_short_widget_test.dart:152:20)
<asynchronous suspension>
#4      testWidgets.<anonymous closure>.<anonymous closure> (package:flutter_test/src/widget_tester.dart:192:15)
<asynchronous suspension>
#5      TestWidgetsFlutterBinding._runTestBody (package:flutter_test/src/binding.dart:1059:5)
<asynchronous suspension>
<asynchronous suspension>
(elided one frame from package:stack_trace)

The test description was:
  delete button shows confirmation dialog
════════════════════════════════════════════════════════════════════════════════════════════════════
02:04 +217 -17: /Volumes/ESD-USB/toolspace/test/tools/url_short_widget_test.dart: UrlShortScreen Widget Tests delete button shows confirmation dialog [E]                                              
  Test failed. See exception logs above.
  The test description was: delete button shows confirmation dialog
  

To run this test again: /usr/local/share/flutter/bin/cache/dart-sdk/bin/dart test /Volumes/ESD-USB/toolspace/test/tools/url_short_widget_test.dart -p vm --plain-name 'UrlShortScreen Widget Tests delete button shows confirmation dialog'
02:04 +217 -17: /Volumes/ESD-USB/toolspace/test/tools/url_short_widget_test.dart: UrlShortScreen Widget Tests delete confirmation removes URL                                                          02:04 +217 -17: /Volumes/ESD-USB/toolspace/test/tools/url_short_widget_test.dart: UrlShortScreen Widget Tests delete confirmation removes URL                                                          
══╡ EXCEPTION CAUGHT BY FLUTTER TEST FRAMEWORK ╞════════════════════════════════════════════════════
The following assertion was thrown running a test:
The finder "Found 0 widgets with text "Shorten URL": []" (used in a call to "tap()") could not find
any matching widgets.

When the exception was thrown, this was the stack:
#0      WidgetController._getElementPoint (package:flutter_test/src/controller.dart:2009:7)
#1      WidgetController.getCenter (package:flutter_test/src/controller.dart:1861:12)
#2      WidgetController.tap (package:flutter_test/src/controller.dart:1041:7)
#3      main.<anonymous closure>.<anonymous closure> (file:///Volumes/ESD-USB/toolspace/test/tools/url_short_widget_test.dart:173:20)
<asynchronous suspension>
#4      testWidgets.<anonymous closure>.<anonymous closure> (package:flutter_test/src/widget_tester.dart:192:15)
<asynchronous suspension>
#5      TestWidgetsFlutterBinding._runTestBody (package:flutter_test/src/binding.dart:1059:5)
<asynchronous suspension>
<asynchronous suspension>
(elided one frame from package:stack_trace)

The test description was:
  delete confirmation removes URL
════════════════════════════════════════════════════════════════════════════════════════════════════
02:04 +217 -18: /Volumes/ESD-USB/toolspace/test/tools/url_short_widget_test.dart: UrlShortScreen Widget Tests delete confirmation removes URL [E]                                                      
  Test failed. See exception logs above.
  The test description was: delete confirmation removes URL
  

To run this test again: /usr/local/share/flutter/bin/cache/dart-sdk/bin/dart test /Volumes/ESD-USB/toolspace/test/tools/url_short_widget_test.dart -p vm --plain-name 'UrlShortScreen Widget Tests delete confirmation removes URL'
02:04 +217 -18: /Volumes/ESD-USB/toolspace/test/tools/url_short_widget_test.dart: UrlShortScreen Widget Tests validates URL length                                                                     02:04 +217 -18: /Volumes/ESD-USB/toolspace/test/tools/url_short_widget_test.dart: UrlShortScreen Widget Tests validates URL length                                                                     
Pending timers:
Timer (duration: 0:00:00.500000, periodic: false), created:
#0      new FakeTimer._ (package:fake_async/fake_async.dart:342:62)
#1      FakeAsync._createTimer (package:fake_async/fake_async.dart:260:29)
#2      FakeAsync.run.<anonymous closure> (package:fake_async/fake_async.dart:185:15)
#6      _UrlShortScreenState._loadUrls (package:toolspace/tools/url_short/url_short_screen.dart:84:18)
#7      _UrlShortScreenState.initState (package:toolspace/tools/url_short/url_short_screen.dart:38:5)
#8      StatefulElement._firstBuild (package:flutter/src/widgets/framework.dart:5852:55)
#9      ComponentElement.mount (package:flutter/src/widgets/framework.dart:5699:5)
...     Normal element mounting (228 frames)
#237    Element.inflateWidget (package:flutter/src/widgets/framework.dart:4548:16)
#238    MultiChildRenderObjectElement.inflateWidget (package:flutter/src/widgets/framework.dart:7169:36)
#239    MultiChildRenderObjectElement.mount (package:flutter/src/widgets/framework.dart:7185:32)
...     Normal element mounting (465 frames)
#704    Element.inflateWidget (package:flutter/src/widgets/framework.dart:4548:16)
#705    Element.updateChild (package:flutter/src/widgets/framework.dart:3998:20)
#706    ComponentElement.performRebuild (package:flutter/src/widgets/framework.dart:5747:16)
#707    Element.rebuild (package:flutter/src/widgets/framework.dart:5435:7)
#708    ProxyElement.update (package:flutter/src/widgets/framework.dart:6051:5)
#709    _InheritedNotifierElement.update (package:flutter/src/widgets/inherited_notifier.dart:108:11)
#710    Element.updateChild (package:flutter/src/widgets/framework.dart:3982:15)
#711    ComponentElement.performRebuild (package:flutter/src/widgets/framework.dart:5747:16)
#712    StatefulElement.performRebuild (package:flutter/src/widgets/framework.dart:5884:11)
#713    Element.rebuild (package:flutter/src/widgets/framework.dart:5435:7)
#714    StatefulElement.update (package:flutter/src/widgets/framework.dart:5909:5)
#715    Element.updateChild (package:flutter/src/widgets/framework.dart:3982:15)
#716    ComponentElement.performRebuild (package:flutter/src/widgets/framework.dart:5747:16)
#717    Element.rebuild (package:flutter/src/widgets/framework.dart:5435:7)
#718    ProxyElement.update (package:flutter/src/widgets/framework.dart:6051:5)
#719    _InheritedNotifierElement.update (package:flutter/src/widgets/inherited_notifier.dart:108:11)
#720    Element.updateChild (package:flutter/src/widgets/framework.dart:3982:15)
#721    ComponentElement.performRebuild (package:flutter/src/widgets/framework.dart:5747:16)
#722    StatefulElement.performRebuild (package:flutter/src/widgets/framework.dart:5884:11)
#723    Element.rebuild (package:flutter/src/widgets/framework.dart:5435:7)
#724    StatefulElement.update (package:flutter/src/widgets/framework.dart:5909:5)
#725    Element.updateChild (package:flutter/src/widgets/framework.dart:3982:15)
#726    ComponentElement.performRebuild (package:flutter/src/widgets/framework.dart:5747:16)
#727    StatefulElement.performRebuild (package:flutter/src/widgets/framework.dart:5884:11)
#728    Element.rebuild (package:flutter/src/widgets/framework.dart:5435:7)
#729    StatefulElement.update (package:flutter/src/widgets/framework.dart:5909:5)
#730    Element.updateChild (package:flutter/src/widgets/framework.dart:3982:15)
#731    ComponentElement.performRebuild (package:flutter/src/widgets/framework.dart:5747:16)
#732    Element.rebuild (package:flutter/src/widgets/framework.dart:5435:7)
#733    ProxyElement.update (package:flutter/src/widgets/framework.dart:6051:5)
#734    Element.updateChild (package:flutter/src/widgets/framework.dart:3982:15)
#735    ComponentElement.performRebuild (package:flutter/src/widgets/framework.dart:5747:16)
#736    StatefulElement.performRebuild (package:flutter/src/widgets/framework.dart:5884:11)
#737    Element.rebuild (package:flutter/src/widgets/framework.dart:5435:7)
#738    StatefulElement.update (package:flutter/src/widgets/framework.dart:5909:5)
#739    Element.updateChild (package:flutter/src/widgets/framework.dart:3982:15)
#740    ComponentElement.performRebuild (package:flutter/src/widgets/framework.dart:5747:16)
#741    Element.rebuild (package:flutter/src/widgets/framework.dart:5435:7)
#742    ProxyElement.update (package:flutter/src/widgets/framework.dart:6051:5)
#743    Element.updateChild (package:flutter/src/widgets/framework.dart:3982:15)
#744    ComponentElement.performRebuild (package:flutter/src/widgets/framework.dart:5747:16)
#745    Element.rebuild (package:flutter/src/widgets/framework.dart:5435:7)
#746    ProxyElement.update (package:flutter/src/widgets/framework.dart:6051:5)
#747    Element.updateChild (package:flutter/src/widgets/framework.dart:3982:15)
#748    _RawViewElement._updateChild (package:flutter/src/widgets/view.dart:481:16)
#749    _RawViewElement.update (package:flutter/src/widgets/view.dart:568:5)
#750    Element.updateChild (package:flutter/src/widgets/framework.dart:3982:15)
#751    ComponentElement.performRebuild (package:flutter/src/widgets/framework.dart:5747:16)
#752    Element.rebuild (package:flutter/src/widgets/framework.dart:5435:7)
#753    StatelessElement.update (package:flutter/src/widgets/framework.dart:5797:5)
#754    Element.updateChild (package:flutter/src/widgets/framework.dart:3982:15)
#755    ComponentElement.performRebuild (package:flutter/src/widgets/framework.dart:5747:16)
#756    StatefulElement.performRebuild (package:flutter/src/widgets/framework.dart:5884:11)
#757    Element.rebuild (package:flutter/src/widgets/framework.dart:5435:7)
#758    StatefulElement.update (package:flutter/src/widgets/framework.dart:5909:5)
#759    Element.updateChild (package:flutter/src/widgets/framework.dart:3982:15)
#760    RootElement._rebuild (package:flutter/src/widgets/binding.dart:1716:16)
#761    RootElement.update (package:flutter/src/widgets/binding.dart:1694:5)
#762    RootElement.performRebuild (package:flutter/src/widgets/binding.dart:1708:7)
#763    Element.rebuild (package:flutter/src/widgets/framework.dart:5435:7)
#764    BuildScope._tryRebuild (package:flutter/src/widgets/framework.dart:2695:15)
#765    BuildScope._flushDirtyElements (package:flutter/src/widgets/framework.dart:2752:11)
#766    BuildOwner.buildScope (package:flutter/src/widgets/framework.dart:3056:18)
#767    AutomatedTestWidgetsFlutterBinding.drawFrame (package:flutter_test/src/binding.dart:1506:19)
#768    RendererBinding._handlePersistentFrameCallback (package:flutter/src/rendering/binding.dart:495:5)
#769    SchedulerBinding._invokeFrameCallback (package:flutter/src/scheduler/binding.dart:1434:15)
#770    SchedulerBinding.handleDrawFrame (package:flutter/src/scheduler/binding.dart:1347:9)
#771    AutomatedTestWidgetsFlutterBinding.pump.<anonymous closure> (package:flutter_test/src/binding.dart:1335:9)
#774    TestAsyncUtils.guard (package:flutter_test/src/test_async_utils.dart:74:41)
#775    AutomatedTestWidgetsFlutterBinding.pump (package:flutter_test/src/binding.dart:1324:27)
#776    WidgetTester.pumpWidget.<anonymous closure> (package:flutter_test/src/widget_tester.dart:598:22)
#779    TestAsyncUtils.guard (package:flutter_test/src/test_async_utils.dart:74:41)
#780    WidgetTester.pumpWidget (package:flutter_test/src/widget_tester.dart:595:27)
#781    main.<anonymous closure>.<anonymous closure> (file:///Volumes/ESD-USB/toolspace/test/tools/url_short_widget_test.dart:194:20)
#782    testWidgets.<anonymous closure>.<anonymous closure> (package:flutter_test/src/widget_tester.dart:192:29)
<asynchronous suspension>
#783    TestWidgetsFlutterBinding._runTestBody (package:flutter_test/src/binding.dart:1059:5)
<asynchronous suspension>
<asynchronous suspension>
(elided 8 frames from dart:async and package:stack_trace)

══╡ EXCEPTION CAUGHT BY FLUTTER TEST FRAMEWORK ╞════════════════════════════════════════════════════
The following assertion was thrown running a test:
A Timer is still pending even after the widget tree was disposed.
'package:flutter_test/src/binding.dart':
Failed assertion: line 1617 pos 12: '!timersPending'

When the exception was thrown, this was the stack:
#2      AutomatedTestWidgetsFlutterBinding._verifyInvariants (package:flutter_test/src/binding.dart:1617:12)
#3      TestWidgetsFlutterBinding._runTestBody (package:flutter_test/src/binding.dart:1078:7)
<asynchronous suspension>
<asynchronous suspension>
(elided 3 frames from class _AssertionError and package:stack_trace)

The test description was:
  validates URL length
════════════════════════════════════════════════════════════════════════════════════════════════════
02:04 +217 -19: /Volumes/ESD-USB/toolspace/test/tools/url_short_widget_test.dart: UrlShortScreen Widget Tests validates URL length [E]                                                                 
  Test failed. See exception logs above.
  The test description was: validates URL length
  

To run this test again: /usr/local/share/flutter/bin/cache/dart-sdk/bin/dart test /Volumes/ESD-USB/toolspace/test/tools/url_short_widget_test.dart -p vm --plain-name 'UrlShortScreen Widget Tests validates URL length'
02:04 +217 -19: /Volumes/ESD-USB/toolspace/test/tools/url_short_widget_test.dart: UrlShortScreen Dev Access shows locked screen for non-dev users                                                      02:04 +217 -19: /Volumes/ESD-USB/toolspace/test/tools/url_short_widget_test.dart: UrlShortScreen Dev Access shows locked screen for non-dev users                                                      
Pending timers:
Timer (duration: 0:00:00.500000, periodic: false), created:
#0      new FakeTimer._ (package:fake_async/fake_async.dart:342:62)
#1      FakeAsync._createTimer (package:fake_async/fake_async.dart:260:29)
#2      FakeAsync.run.<anonymous closure> (package:fake_async/fake_async.dart:185:15)
#6      _UrlShortScreenState._loadUrls (package:toolspace/tools/url_short/url_short_screen.dart:84:18)
#7      _UrlShortScreenState.initState (package:toolspace/tools/url_short/url_short_screen.dart:38:5)
#8      StatefulElement._firstBuild (package:flutter/src/widgets/framework.dart:5852:55)
#9      ComponentElement.mount (package:flutter/src/widgets/framework.dart:5699:5)
...     Normal element mounting (228 frames)
#237    Element.inflateWidget (package:flutter/src/widgets/framework.dart:4548:16)
#238    MultiChildRenderObjectElement.inflateWidget (package:flutter/src/widgets/framework.dart:7169:36)
#239    MultiChildRenderObjectElement.mount (package:flutter/src/widgets/framework.dart:7185:32)
...     Normal element mounting (465 frames)
#704    Element.inflateWidget (package:flutter/src/widgets/framework.dart:4548:16)
#705    Element.updateChild (package:flutter/src/widgets/framework.dart:3998:20)
#706    ComponentElement.performRebuild (package:flutter/src/widgets/framework.dart:5747:16)
#707    Element.rebuild (package:flutter/src/widgets/framework.dart:5435:7)
#708    ProxyElement.update (package:flutter/src/widgets/framework.dart:6051:5)
#709    _InheritedNotifierElement.update (package:flutter/src/widgets/inherited_notifier.dart:108:11)
#710    Element.updateChild (package:flutter/src/widgets/framework.dart:3982:15)
#711    ComponentElement.performRebuild (package:flutter/src/widgets/framework.dart:5747:16)
#712    StatefulElement.performRebuild (package:flutter/src/widgets/framework.dart:5884:11)
#713    Element.rebuild (package:flutter/src/widgets/framework.dart:5435:7)
#714    StatefulElement.update (package:flutter/src/widgets/framework.dart:5909:5)
#715    Element.updateChild (package:flutter/src/widgets/framework.dart:3982:15)
#716    ComponentElement.performRebuild (package:flutter/src/widgets/framework.dart:5747:16)
#717    Element.rebuild (package:flutter/src/widgets/framework.dart:5435:7)
#718    ProxyElement.update (package:flutter/src/widgets/framework.dart:6051:5)
#719    _InheritedNotifierElement.update (package:flutter/src/widgets/inherited_notifier.dart:108:11)
#720    Element.updateChild (package:flutter/src/widgets/framework.dart:3982:15)
#721    ComponentElement.performRebuild (package:flutter/src/widgets/framework.dart:5747:16)
#722    StatefulElement.performRebuild (package:flutter/src/widgets/framework.dart:5884:11)
#723    Element.rebuild (package:flutter/src/widgets/framework.dart:5435:7)
#724    StatefulElement.update (package:flutter/src/widgets/framework.dart:5909:5)
#725    Element.updateChild (package:flutter/src/widgets/framework.dart:3982:15)
#726    ComponentElement.performRebuild (package:flutter/src/widgets/framework.dart:5747:16)
#727    StatefulElement.performRebuild (package:flutter/src/widgets/framework.dart:5884:11)
#728    Element.rebuild (package:flutter/src/widgets/framework.dart:5435:7)
#729    StatefulElement.update (package:flutter/src/widgets/framework.dart:5909:5)
#730    Element.updateChild (package:flutter/src/widgets/framework.dart:3982:15)
#731    ComponentElement.performRebuild (package:flutter/src/widgets/framework.dart:5747:16)
#732    Element.rebuild (package:flutter/src/widgets/framework.dart:5435:7)
#733    ProxyElement.update (package:flutter/src/widgets/framework.dart:6051:5)
#734    Element.updateChild (package:flutter/src/widgets/framework.dart:3982:15)
#735    ComponentElement.performRebuild (package:flutter/src/widgets/framework.dart:5747:16)
#736    StatefulElement.performRebuild (package:flutter/src/widgets/framework.dart:5884:11)
#737    Element.rebuild (package:flutter/src/widgets/framework.dart:5435:7)
#738    StatefulElement.update (package:flutter/src/widgets/framework.dart:5909:5)
#739    Element.updateChild (package:flutter/src/widgets/framework.dart:3982:15)
#740    ComponentElement.performRebuild (package:flutter/src/widgets/framework.dart:5747:16)
#741    Element.rebuild (package:flutter/src/widgets/framework.dart:5435:7)
#742    ProxyElement.update (package:flutter/src/widgets/framework.dart:6051:5)
#743    Element.updateChild (package:flutter/src/widgets/framework.dart:3982:15)
#744    ComponentElement.performRebuild (package:flutter/src/widgets/framework.dart:5747:16)
#745    Element.rebuild (package:flutter/src/widgets/framework.dart:5435:7)
#746    ProxyElement.update (package:flutter/src/widgets/framework.dart:6051:5)
#747    Element.updateChild (package:flutter/src/widgets/framework.dart:3982:15)
#748    _RawViewElement._updateChild (package:flutter/src/widgets/view.dart:481:16)
#749    _RawViewElement.update (package:flutter/src/widgets/view.dart:568:5)
#750    Element.updateChild (package:flutter/src/widgets/framework.dart:3982:15)
#751    ComponentElement.performRebuild (package:flutter/src/widgets/framework.dart:5747:16)
#752    Element.rebuild (package:flutter/src/widgets/framework.dart:5435:7)
#753    StatelessElement.update (package:flutter/src/widgets/framework.dart:5797:5)
#754    Element.updateChild (package:flutter/src/widgets/framework.dart:3982:15)
#755    ComponentElement.performRebuild (package:flutter/src/widgets/framework.dart:5747:16)
#756    StatefulElement.performRebuild (package:flutter/src/widgets/framework.dart:5884:11)
#757    Element.rebuild (package:flutter/src/widgets/framework.dart:5435:7)
#758    StatefulElement.update (package:flutter/src/widgets/framework.dart:5909:5)
#759    Element.updateChild (package:flutter/src/widgets/framework.dart:3982:15)
#760    RootElement._rebuild (package:flutter/src/widgets/binding.dart:1716:16)
#761    RootElement.update (package:flutter/src/widgets/binding.dart:1694:5)
#762    RootElement.performRebuild (package:flutter/src/widgets/binding.dart:1708:7)
#763    Element.rebuild (package:flutter/src/widgets/framework.dart:5435:7)
#764    BuildScope._tryRebuild (package:flutter/src/widgets/framework.dart:2695:15)
#765    BuildScope._flushDirtyElements (package:flutter/src/widgets/framework.dart:2752:11)
#766    BuildOwner.buildScope (package:flutter/src/widgets/framework.dart:3056:18)
#767    AutomatedTestWidgetsFlutterBinding.drawFrame (package:flutter_test/src/binding.dart:1506:19)
#768    RendererBinding._handlePersistentFrameCallback (package:flutter/src/rendering/binding.dart:495:5)
#769    SchedulerBinding._invokeFrameCallback (package:flutter/src/scheduler/binding.dart:1434:15)
#770    SchedulerBinding.handleDrawFrame (package:flutter/src/scheduler/binding.dart:1347:9)
#771    AutomatedTestWidgetsFlutterBinding.pump.<anonymous closure> (package:flutter_test/src/binding.dart:1335:9)
#774    TestAsyncUtils.guard (package:flutter_test/src/test_async_utils.dart:74:41)
#775    AutomatedTestWidgetsFlutterBinding.pump (package:flutter_test/src/binding.dart:1324:27)
#776    WidgetTester.pumpWidget.<anonymous closure> (package:flutter_test/src/widget_tester.dart:598:22)
#779    TestAsyncUtils.guard (package:flutter_test/src/test_async_utils.dart:74:41)
#780    WidgetTester.pumpWidget (package:flutter_test/src/widget_tester.dart:595:27)
#781    main.<anonymous closure>.<anonymous closure> (file:///Volumes/ESD-USB/toolspace/test/tools/url_short_widget_test.dart:213:20)
#782    testWidgets.<anonymous closure>.<anonymous closure> (package:flutter_test/src/widget_tester.dart:192:29)
<asynchronous suspension>
#783    TestWidgetsFlutterBinding._runTestBody (package:flutter_test/src/binding.dart:1059:5)
<asynchronous suspension>
<asynchronous suspension>
(elided 8 frames from dart:async and package:stack_trace)

══╡ EXCEPTION CAUGHT BY FLUTTER TEST FRAMEWORK ╞════════════════════════════════════════════════════
The following assertion was thrown running a test:
A Timer is still pending even after the widget tree was disposed.
'package:flutter_test/src/binding.dart':
Failed assertion: line 1617 pos 12: '!timersPending'

When the exception was thrown, this was the stack:
#2      AutomatedTestWidgetsFlutterBinding._verifyInvariants (package:flutter_test/src/binding.dart:1617:12)
#3      TestWidgetsFlutterBinding._runTestBody (package:flutter_test/src/binding.dart:1078:7)
<asynchronous suspension>
<asynchronous suspension>
(elided 3 frames from class _AssertionError and package:stack_trace)

The test description was:
  shows locked screen for non-dev users
════════════════════════════════════════════════════════════════════════════════════════════════════
02:05 +217 -20: /Volumes/ESD-USB/toolspace/test/tools/url_short_widget_test.dart: UrlShortScreen Dev Access shows locked screen for non-dev users                                                      02:05 +217 -20: /Volumes/ESD-USB/toolspace/test/tools/url_short_widget_test.dart: UrlShortScreen Dev Access shows locked screen for non-dev users [E]                                                  
  Test failed. See exception logs above.
  The test description was: shows locked screen for non-dev users
  

To run this test again: /usr/local/share/flutter/bin/cache/dart-sdk/bin/dart test /Volumes/ESD-USB/toolspace/test/tools/url_short_widget_test.dart -p vm --plain-name 'UrlShortScreen Dev Access shows locked screen for non-dev users'
02:05 +217 -20: /Volumes/ESD-USB/toolspace/test/tools/url_short_widget_test.dart: URL Card Widget displays URL information                                                                             02:05 +217 -20: /Volumes/ESD-USB/toolspace/test/tools/url_short_widget_test.dart: URL Card Widget displays URL information                                                                             
══╡ EXCEPTION CAUGHT BY FLUTTER TEST FRAMEWORK ╞════════════════════════════════════════════════════
The following assertion was thrown running a test:
The finder "Found 0 widgets with text "Shorten URL": []" (used in a call to "tap()") could not find
any matching widgets.

When the exception was thrown, this was the stack:
#0      WidgetController._getElementPoint (package:flutter_test/src/controller.dart:2009:7)
#1      WidgetController.getCenter (package:flutter_test/src/controller.dart:1861:12)
#2      WidgetController.tap (package:flutter_test/src/controller.dart:1041:7)
#3      main.<anonymous closure>.<anonymous closure> (file:///Volumes/ESD-USB/toolspace/test/tools/url_short_widget_test.dart:234:20)
<asynchronous suspension>
#4      testWidgets.<anonymous closure>.<anonymous closure> (package:flutter_test/src/widget_tester.dart:192:15)
<asynchronous suspension>
#5      TestWidgetsFlutterBinding._runTestBody (package:flutter_test/src/binding.dart:1059:5)
<asynchronous suspension>
<asynchronous suspension>
(elided one frame from package:stack_trace)

The test description was:
  displays URL information
════════════════════════════════════════════════════════════════════════════════════════════════════
02:05 +217 -21: /Volumes/ESD-USB/toolspace/test/tools/url_short_widget_test.dart: URL Card Widget displays URL information [E]                                                                         
  Test failed. See exception logs above.
  The test description was: displays URL information
  

To run this test again: /usr/local/share/flutter/bin/cache/dart-sdk/bin/dart test /Volumes/ESD-USB/toolspace/test/tools/url_short_widget_test.dart -p vm --plain-name 'URL Card Widget displays URL information'
02:05 +217 -21: loading /Volumes/ESD-USB/toolspace/test/tools/json_doctor/jsonpath_query_test.dart                                                                                                     02:05 +217 -21: /Volumes/ESD-USB/toolspace/test/tools/json_doctor/jsonpath_query_test.dart: JsonPathQuery Tests Basic Path Queries queries root element                                                02:05 +218 -21: /Volumes/ESD-USB/toolspace/test/tools/json_doctor/jsonpath_query_test.dart: JsonPathQuery Tests Basic Path Queries queries root element                                                02:05 +218 -21: /Volumes/ESD-USB/toolspace/test/tools/json_doctor/jsonpath_query_test.dart: JsonPathQuery Tests Basic Path Queries queries root with empty path                                        02:05 +219 -21: /Volumes/ESD-USB/toolspace/test/tools/json_doctor/jsonpath_query_test.dart: JsonPathQuery Tests Basic Path Queries queries root with empty path                                        02:05 +219 -21: /Volumes/ESD-USB/toolspace/test/tools/json_doctor/jsonpath_query_test.dart: JsonPathQuery Tests Basic Path Queries queries simple property                                             02:05 +220 -21: /Volumes/ESD-USB/toolspace/test/tools/json_doctor/jsonpath_query_test.dart: JsonPathQuery Tests Basic Path Queries queries simple property                                             02:05 +220 -21: /Volumes/ESD-USB/toolspace/test/tools/json_doctor/jsonpath_query_test.dart: JsonPathQuery Tests Basic Path Queries queries property without leading dollar                             02:05 +221 -21: /Volumes/ESD-USB/toolspace/test/tools/json_doctor/jsonpath_query_test.dart: JsonPathQuery Tests Basic Path Queries queries property without leading dollar                             02:05 +221 -21: /Volumes/ESD-USB/toolspace/test/tools/json_doctor/jsonpath_query_test.dart: JsonPathQuery Tests Basic Path Queries queries nested property                                             02:05 +222 -21: /Volumes/ESD-USB/toolspace/test/tools/json_doctor/jsonpath_query_test.dart: JsonPathQuery Tests Basic Path Queries queries nested property                                             02:05 +222 -21: /Volumes/ESD-USB/toolspace/test/tools/json_doctor/jsonpath_query_test.dart: JsonPathQuery Tests Basic Path Queries queries deeply nested property                                      02:05 +223 -21: /Volumes/ESD-USB/toolspace/test/tools/json_doctor/jsonpath_query_test.dart: JsonPathQuery Tests Basic Path Queries queries deeply nested property                                      02:05 +223 -21: /Volumes/ESD-USB/toolspace/test/tools/json_doctor/jsonpath_query_test.dart: JsonPathQuery Tests Basic Path Queries returns empty list for non-existent property                        02:05 +224 -21: /Volumes/ESD-USB/toolspace/test/tools/json_doctor/jsonpath_query_test.dart: JsonPathQuery Tests Basic Path Queries returns empty list for non-existent property                        02:05 +224 -21: /Volumes/ESD-USB/toolspace/test/tools/json_doctor/jsonpath_query_test.dart: JsonPathQuery Tests Array Queries queries array element by index                                           02:05 +225 -21: /Volumes/ESD-USB/toolspace/test/tools/json_doctor/jsonpath_query_test.dart: JsonPathQuery Tests Array Queries queries array element by index                                           02:05 +225 -21: /Volumes/ESD-USB/toolspace/test/tools/json_doctor/jsonpath_query_test.dart: JsonPathQuery Tests Array Queries queries array element by different index                                 02:05 +226 -21: /Volumes/ESD-USB/toolspace/test/tools/json_doctor/jsonpath_query_test.dart: JsonPathQuery Tests Array Queries queries array element by different index                                 02:05 +226 -21: /Volumes/ESD-USB/toolspace/test/tools/json_doctor/jsonpath_query_test.dart: JsonPathQuery Tests Array Queries returns empty for out-of-bounds array index                              02:05 +227 -21: /Volumes/ESD-USB/toolspace/test/tools/json_doctor/jsonpath_query_test.dart: JsonPathQuery Tests Array Queries returns empty for out-of-bounds array index                              02:05 +227 -21: /Volumes/ESD-USB/toolspace/test/tools/json_doctor/jsonpath_query_test.dart: JsonPathQuery Tests Array Queries returns empty for negative array index                                   02:05 +228 -21: /Volumes/ESD-USB/toolspace/test/tools/json_doctor/jsonpath_query_test.dart: JsonPathQuery Tests Array Queries returns empty for negative array index                                   02:05 +228 -21: /Volumes/ESD-USB/toolspace/test/tools/json_doctor/jsonpath_query_test.dart: JsonPathQuery Tests Array Queries queries property from array element                                      02:05 +229 -21: /Volumes/ESD-USB/toolspace/test/tools/json_doctor/jsonpath_query_test.dart: JsonPathQuery Tests Array Queries queries property from array element                                      02:05 +229 -21: /Volumes/ESD-USB/toolspace/test/tools/json_doctor/jsonpath_query_test.dart: JsonPathQuery Tests Array Queries queries nested property in array element                                 02:05 +230 -21: /Volumes/ESD-USB/toolspace/test/tools/json_doctor/jsonpath_query_test.dart: JsonPathQuery Tests Array Queries queries nested property in array element                                 02:05 +230 -21: /Volumes/ESD-USB/toolspace/test/tools/json_doctor/jsonpath_query_test.dart: JsonPathQuery Tests Wildcard Queries queries all properties in object                                      02:05 +231 -21: /Volumes/ESD-USB/toolspace/test/tools/json_doctor/jsonpath_query_test.dart: JsonPathQuery Tests Wildcard Queries queries all properties in object                                      02:05 +231 -21: /Volumes/ESD-USB/toolspace/test/tools/json_doctor/jsonpath_query_test.dart: JsonPathQuery Tests Wildcard Queries queries all array elements                                            02:05 +232 -21: /Volumes/ESD-USB/toolspace/test/tools/json_doctor/jsonpath_query_test.dart: JsonPathQuery Tests Wildcard Queries queries all array elements                                            02:05 +232 -21: /Volumes/ESD-USB/toolspace/test/tools/json_doctor/jsonpath_query_test.dart: JsonPathQuery Tests Wildcard Queries queries property from all array elements                              02:05 +233 -21: /Volumes/ESD-USB/toolspace/test/tools/json_doctor/jsonpath_query_test.dart: JsonPathQuery Tests Wildcard Queries queries property from all array elements                              02:05 +233 -21: /Volumes/ESD-USB/toolspace/test/tools/json_doctor/jsonpath_query_test.dart: JsonPathQuery Tests Wildcard Queries queries nested property from all array elements                       02:05 +234 -21: /Volumes/ESD-USB/toolspace/test/tools/json_doctor/jsonpath_query_test.dart: JsonPathQuery Tests Wildcard Queries queries nested property from all array elements                       02:05 +234 -21: /Volumes/ESD-USB/toolspace/test/tools/json_doctor/jsonpath_query_test.dart: JsonPathQuery Tests Wildcard Queries wildcard on non-collection returns empty                              02:05 +235 -21: /Volumes/ESD-USB/toolspace/test/tools/json_doctor/jsonpath_query_test.dart: JsonPathQuery Tests Wildcard Queries wildcard on non-collection returns empty                              02:05 +235 -21: /Volumes/ESD-USB/toolspace/test/tools/json_doctor/jsonpath_query_test.dart: JsonPathQuery Tests Complex Path Scenarios handles mixed array indices and property access                 02:05 +236 -21: /Volumes/ESD-USB/toolspace/test/tools/json_doctor/jsonpath_query_test.dart: JsonPathQuery Tests Complex Path Scenarios handles mixed array indices and property access                 02:05 +236 -21: /Volumes/ESD-USB/toolspace/test/tools/json_doctor/jsonpath_query_test.dart: JsonPathQuery Tests Complex Path Scenarios queries with wildcard in middle of path                         02:05 +237 -21: /Volumes/ESD-USB/toolspace/test/tools/json_doctor/jsonpath_query_test.dart: JsonPathQuery Tests Complex Path Scenarios queries with wildcard in middle of path                         02:05 +237 -21: /Volumes/ESD-USB/toolspace/test/tools/json_doctor/jsonpath_query_test.dart: JsonPathQuery Tests Complex Path Scenarios handles path with multiple wildcards                            02:05 +238 -21: /Volumes/ESD-USB/toolspace/test/tools/json_doctor/jsonpath_query_test.dart: JsonPathQuery Tests Complex Path Scenarios handles path with multiple wildcards                            02:05 +238 -21: /Volumes/ESD-USB/toolspace/test/tools/json_doctor/jsonpath_query_test.dart: JsonPathQuery Tests Edge Cases handles empty object                                                        02:05 +239 -21: /Volumes/ESD-USB/toolspace/test/tools/json_doctor/jsonpath_query_test.dart: JsonPathQuery Tests Edge Cases handles empty object                                                        02:05 +239 -21: /Volumes/ESD-USB/toolspace/test/tools/json_doctor/jsonpath_query_test.dart: JsonPathQuery Tests Edge Cases handles empty array                                                         02:05 +240 -21: /Volumes/ESD-USB/toolspace/test/tools/json_doctor/jsonpath_query_test.dart: JsonPathQuery Tests Edge Cases handles empty array                                                         02:05 +240 -21: /Volumes/ESD-USB/toolspace/test/tools/json_doctor/jsonpath_query_test.dart: JsonPathQuery Tests Edge Cases handles null values                                                         02:06 +240 -21: /Volumes/ESD-USB/toolspace/test/tools/json_doctor/jsonpath_query_test.dart: JsonPathQuery Tests Edge Cases handles null values                                                         02:06 +241 -21: /Volumes/ESD-USB/toolspace/test/tools/json_doctor/jsonpath_query_test.dart: JsonPathQuery Tests Edge Cases handles null values                                                         02:06 +241 -21: /Volumes/ESD-USB/toolspace/test/tools/json_doctor/jsonpath_query_test.dart: JsonPathQuery Tests Edge Cases handles numeric keys in map                                                 02:06 +241 -22: /Volumes/ESD-USB/toolspace/test/tools/json_doctor/jsonpath_query_test.dart: JsonPathQuery Tests Edge Cases handles numeric keys in map [E]                                             
  Expected: 'first'
    Actual: []
     Which: not an <Instance of 'String'>
  
  package:matcher                                        expect
  package:flutter_test/src/widget_tester.dart 473:18     expect
  test/tools/json_doctor/jsonpath_query_test.dart 330:9  main.<fn>.<fn>.<fn>
  

To run this test again: /usr/local/share/flutter/bin/cache/dart-sdk/bin/dart test /Volumes/ESD-USB/toolspace/test/tools/json_doctor/jsonpath_query_test.dart -p vm --plain-name 'JsonPathQuery Tests Edge Cases handles numeric keys in map'
02:06 +241 -22: /Volumes/ESD-USB/toolspace/test/tools/json_doctor/jsonpath_query_test.dart: JsonPathQuery Tests Edge Cases handles quoted strings                                                      02:06 +242 -22: /Volumes/ESD-USB/toolspace/test/tools/json_doctor/jsonpath_query_test.dart: JsonPathQuery Tests Edge Cases handles quoted strings                                                      02:06 +242 -22: /Volumes/ESD-USB/toolspace/test/tools/json_doctor/jsonpath_query_test.dart: JsonPathQuery Tests Edge Cases handles special characters in property names                                02:06 +243 -22: /Volumes/ESD-USB/toolspace/test/tools/json_doctor/jsonpath_query_test.dart: JsonPathQuery Tests Edge Cases handles special characters in property names                                02:06 +243 -22: /Volumes/ESD-USB/toolspace/test/tools/json_doctor/jsonpath_query_test.dart: JsonPathQuery Tests Edge Cases handles boolean values                                                      02:06 +244 -22: /Volumes/ESD-USB/toolspace/test/tools/json_doctor/jsonpath_query_test.dart: JsonPathQuery Tests Edge Cases handles boolean values                                                      02:06 +244 -22: /Volumes/ESD-USB/toolspace/test/tools/json_doctor/jsonpath_query_test.dart: JsonPathQuery Tests Edge Cases handles numeric values                                                      02:06 +245 -22: /Volumes/ESD-USB/toolspace/test/tools/json_doctor/jsonpath_query_test.dart: JsonPathQuery Tests Edge Cases handles numeric values                                                      02:06 +245 -22: /Volumes/ESD-USB/toolspace/test/tools/json_doctor/jsonpath_query_test.dart: JsonPathQuery Tests Edge Cases handles top-level array                                                     02:06 +246 -22: /Volumes/ESD-USB/toolspace/test/tools/json_doctor/jsonpath_query_test.dart: JsonPathQuery Tests Edge Cases handles top-level array                                                     02:06 +246 -22: /Volumes/ESD-USB/toolspace/test/tools/json_doctor/jsonpath_query_test.dart: JsonPathQuery Tests getAllPaths gets all paths in simple object                                            02:06 +247 -22: /Volumes/ESD-USB/toolspace/test/tools/json_doctor/jsonpath_query_test.dart: JsonPathQuery Tests getAllPaths gets all paths in simple object                                            02:06 +247 -22: /Volumes/ESD-USB/toolspace/test/tools/json_doctor/jsonpath_query_test.dart: JsonPathQuery Tests getAllPaths gets all paths in nested object                                            02:06 +248 -22: /Volumes/ESD-USB/toolspace/test/tools/json_doctor/jsonpath_query_test.dart: JsonPathQuery Tests getAllPaths gets all paths in nested object                                            02:06 +248 -22: /Volumes/ESD-USB/toolspace/test/tools/json_doctor/jsonpath_query_test.dart: JsonPathQuery Tests getAllPaths gets all paths in array                                                    02:06 +249 -22: /Volumes/ESD-USB/toolspace/test/tools/json_doctor/jsonpath_query_test.dart: JsonPathQuery Tests getAllPaths gets all paths in array                                                    02:06 +249 -22: /Volumes/ESD-USB/toolspace/test/tools/json_doctor/jsonpath_query_test.dart: JsonPathQuery Tests getAllPaths gets all paths in array of objects                                         02:06 +250 -22: /Volumes/ESD-USB/toolspace/test/tools/json_doctor/jsonpath_query_test.dart: JsonPathQuery Tests getAllPaths gets all paths in array of objects                                         02:06 +250 -22: /Volumes/ESD-USB/toolspace/test/tools/json_doctor/jsonpath_query_test.dart: JsonPathQuery Tests getAllPaths returns empty list for primitive values                                    02:06 +251 -22: /Volumes/ESD-USB/toolspace/test/tools/json_doctor/jsonpath_query_test.dart: JsonPathQuery Tests getAllPaths returns empty list for primitive values                                    02:06 +251 -22: /Volumes/ESD-USB/toolspace/test/tools/json_doctor/jsonpath_query_test.dart: JsonPathQuery Tests isValidPath validates simple paths                                                     02:06 +252 -22: /Volumes/ESD-USB/toolspace/test/tools/json_doctor/jsonpath_query_test.dart: JsonPathQuery Tests isValidPath validates simple paths                                                     02:06 +252 -22: /Volumes/ESD-USB/toolspace/test/tools/json_doctor/jsonpath_query_test.dart: JsonPathQuery Tests isValidPath validates paths with array indices                                         02:06 +253 -22: /Volumes/ESD-USB/toolspace/test/tools/json_doctor/jsonpath_query_test.dart: JsonPathQuery Tests isValidPath validates paths with array indices                                         02:06 +253 -22: /Volumes/ESD-USB/toolspace/test/tools/json_doctor/jsonpath_query_test.dart: JsonPathQuery Tests isValidPath validates paths with wildcards                                             02:06 +254 -22: /Volumes/ESD-USB/toolspace/test/tools/json_doctor/jsonpath_query_test.dart: JsonPathQuery Tests isValidPath validates paths with wildcards                                             02:06 +254 -22: /Volumes/ESD-USB/toolspace/test/tools/json_doctor/jsonpath_query_test.dart: JsonPathQuery Tests isValidPath rejects empty path                                                         02:06 +255 -22: /Volumes/ESD-USB/toolspace/test/tools/json_doctor/jsonpath_query_test.dart: JsonPathQuery Tests isValidPath rejects empty path                                                         02:06 +255 -22: /Volumes/ESD-USB/toolspace/test/tools/json_doctor/jsonpath_query_test.dart: JsonPathQuery Tests isValidPath rejects paths with unbalanced brackets                                     02:06 +255 -23: /Volumes/ESD-USB/toolspace/test/tools/json_doctor/jsonpath_query_test.dart: JsonPathQuery Tests isValidPath rejects paths with unbalanced brackets [E]                                 
  Expected: <false>
    Actual: <true>
  
  package:matcher                                        expect
  package:flutter_test/src/widget_tester.dart 473:18     expect
  test/tools/json_doctor/jsonpath_query_test.dart 465:9  main.<fn>.<fn>.<fn>
  

To run this test again: /usr/local/share/flutter/bin/cache/dart-sdk/bin/dart test /Volumes/ESD-USB/toolspace/test/tools/json_doctor/jsonpath_query_test.dart -p vm --plain-name 'JsonPathQuery Tests isValidPath rejects paths with unbalanced brackets'
02:06 +255 -23: /Volumes/ESD-USB/toolspace/test/tools/json_doctor/jsonpath_query_test.dart: JsonPathQuery Tests isValidPath validates nested brackets                                                  02:06 +256 -23: /Volumes/ESD-USB/toolspace/test/tools/json_doctor/jsonpath_query_test.dart: JsonPathQuery Tests isValidPath validates nested brackets                                                  02:06 +256 -23: /Volumes/ESD-USB/toolspace/test/tools/json_doctor/jsonpath_query_test.dart: JsonPathQuery Tests getExamplePaths returns list of example paths                                          02:06 +257 -23: /Volumes/ESD-USB/toolspace/test/tools/json_doctor/jsonpath_query_test.dart: JsonPathQuery Tests getExamplePaths returns list of example paths                                          02:06 +257 -23: /Volumes/ESD-USB/toolspace/test/tools/json_doctor/jsonpath_query_test.dart: JsonPathQuery Tests getExamplePaths all example paths are valid                                            02:06 +258 -23: /Volumes/ESD-USB/toolspace/test/tools/json_doctor/jsonpath_query_test.dart: JsonPathQuery Tests getExamplePaths all example paths are valid                                            02:06 +258 -23: /Volumes/ESD-USB/toolspace/test/tools/json_doctor/jsonpath_query_test.dart: JsonPathQuery Tests Error Handling handles malformed path gracefully                                       02:06 +259 -23: /Volumes/ESD-USB/toolspace/test/tools/json_doctor/jsonpath_query_test.dart: JsonPathQuery Tests Error Handling handles malformed path gracefully                                       02:06 +259 -23: /Volumes/ESD-USB/toolspace/test/tools/json_doctor/jsonpath_query_test.dart: JsonPathQuery Tests Error Handling handles path on non-object data                                         02:06 +260 -23: /Volumes/ESD-USB/toolspace/test/tools/json_doctor/jsonpath_query_test.dart: JsonPathQuery Tests Error Handling handles path on non-object data                                         02:06 +260 -23: /Volumes/ESD-USB/toolspace/test/tools/json_doctor/jsonpath_query_test.dart: JsonPathQuery Tests Error Handling handles path on numeric data                                            02:06 +261 -23: /Volumes/ESD-USB/toolspace/test/tools/json_doctor/jsonpath_query_test.dart: JsonPathQuery Tests Error Handling handles path on numeric data                                            02:06 +261 -23: /Volumes/ESD-USB/toolspace/test/tools/json_doctor/jsonpath_query_test.dart: JsonPathQuery Tests JsonPathResult result contains correct fields                                          02:06 +262 -23: /Volumes/ESD-USB/toolspace/test/tools/json_doctor/jsonpath_query_test.dart: JsonPathQuery Tests JsonPathResult result contains correct fields                                          02:06 +262 -23: /Volumes/ESD-USB/toolspace/test/tools/json_doctor/jsonpath_query_test.dart: JsonPathQuery Tests JsonPathResult result can contain error                                                02:06 +263 -23: /Volumes/ESD-USB/toolspace/test/tools/json_doctor/jsonpath_query_test.dart: JsonPathQuery Tests JsonPathResult result can contain error                                                lib/tools/csv_cleaner/csv_cleaner_screen.dart:2:8: Error: Dart library 'dart:html' is not available on this platform.
import 'dart:html' as html;
       ^
Context: The unavailable library 'dart:html' is imported through these packages:

    /Volumes/ESD-USB/toolspace/test/tools/csv_cleaner/csv_cleaner_widget_test.dart => package:toolspace => dart:html

Detailed import paths for (some of) the these imports:

    listener.dart => /Volumes/ESD-USB/toolspace/test/tools/csv_cleaner/csv_cleaner_widget_test.dart => package:toolspace/tools/csv_cleaner/csv_cleaner_screen.dart => dart:html

lib/tools/csv_cleaner/csv_cleaner_screen.dart:55:16: Error: 'FileUploadInputElement' isn't a type.
    final html.FileUploadInputElement uploadInput =
               ^^^^^^^^^^^^^^^^^^^^^^
lib/tools/csv_cleaner/csv_cleaner_screen.dart:56:14: Error: Method not found: 'FileUploadInputElement'.
        html.FileUploadInputElement();
             ^^^^^^^^^^^^^^^^^^^^^^
lib/tools/csv_cleaner/csv_cleaner_screen.dart:67:27: Error: Method not found: 'FileReader'.
      final reader = html.FileReader();
                          ^^^^^^^^^^
lib/tools/csv_cleaner/csv_cleaner_screen.dart:183:25: Error: Method not found: 'Blob'.
      final blob = html.Blob([bytes]);
                        ^^^^
lib/tools/csv_cleaner/csv_cleaner_screen.dart:184:24: Error: Undefined name 'Url'.
      final url = html.Url.createObjectUrlFromBlob(blob);
                       ^^^
lib/tools/csv_cleaner/csv_cleaner_screen.dart:186:27: Error: Method not found: 'AnchorElement'.
      final anchor = html.AnchorElement(href: url)
                          ^^^^^^^^^^^^^
lib/tools/csv_cleaner/csv_cleaner_screen.dart:192:12: Error: Undefined name 'Url'.
      html.Url.revokeObjectUrl(url);
           ^^^
02:06 +263 -24: loading /Volumes/ESD-USB/toolspace/test/tools/csv_cleaner/csv_cleaner_widget_test.dart [E]                                                                                             
  Failed to load "/Volumes/ESD-USB/toolspace/test/tools/csv_cleaner/csv_cleaner_widget_test.dart":
  Compilation failed for testPath=/Volumes/ESD-USB/toolspace/test/tools/csv_cleaner/csv_cleaner_widget_test.dart: lib/tools/csv_cleaner/csv_cleaner_screen.dart:2:8: Error: Dart library 'dart:html' is not available on this platform.
  import 'dart:html' as html;
         ^
  Context: The unavailable library 'dart:html' is imported through these packages:
  
      /Volumes/ESD-USB/toolspace/test/tools/csv_cleaner/csv_cleaner_widget_test.dart => package:toolspace => dart:html
  
  Detailed import paths for (some of) the these imports:
  
      listener.dart => /Volumes/ESD-USB/toolspace/test/tools/csv_cleaner/csv_cleaner_widget_test.dart => package:toolspace/tools/csv_cleaner/csv_cleaner_screen.dart => dart:html
  
  lib/tools/csv_cleaner/csv_cleaner_screen.dart:55:16: Error: 'FileUploadInputElement' isn't a type.
      final html.FileUploadInputElement uploadInput =
                 ^^^^^^^^^^^^^^^^^^^^^^
  lib/tools/csv_cleaner/csv_cleaner_screen.dart:56:14: Error: Method not found: 'FileUploadInputElement'.
          html.FileUploadInputElement();
               ^^^^^^^^^^^^^^^^^^^^^^
  lib/tools/csv_cleaner/csv_cleaner_screen.dart:67:27: Error: Method not found: 'FileReader'.
        final reader = html.FileReader();
                            ^^^^^^^^^^
  lib/tools/csv_cleaner/csv_cleaner_screen.dart:183:25: Error: Method not found: 'Blob'.
        final blob = html.Blob([bytes]);
                          ^^^^
  lib/tools/csv_cleaner/csv_cleaner_screen.dart:184:24: Error: Undefined name 'Url'.
        final url = html.Url.createObjectUrlFromBlob(blob);
                         ^^^
  lib/tools/csv_cleaner/csv_cleaner_screen.dart:186:27: Error: Method not found: 'AnchorElement'.
        final anchor = html.AnchorElement(href: url)
                            ^^^^^^^^^^^^^
  lib/tools/csv_cleaner/csv_cleaner_screen.dart:192:12: Error: Undefined name 'Url'.
        html.Url.revokeObjectUrl(url);
             ^^^
  .

To run this test again: /usr/local/share/flutter/bin/cache/dart-sdk/bin/dart test /Volumes/ESD-USB/toolspace/test/tools/csv_cleaner/csv_cleaner_widget_test.dart -p vm --plain-name 'loading /Volumes/ESD-USB/toolspace/test/tools/csv_cleaner/csv_cleaner_widget_test.dart'
02:07 +263 -24: loading /Volumes/ESD-USB/toolspace/test/tools/json_doctor/schema_validator_test.dart                                                                                                   02:07 +263 -24: /Volumes/ESD-USB/toolspace/test/tools/json_doctor/schema_validator_test.dart: SchemaValidator Tests Type Validation validates string type correctly                                    02:07 +264 -24: /Volumes/ESD-USB/toolspace/test/tools/json_doctor/schema_validator_test.dart: SchemaValidator Tests Type Validation validates string type correctly                                    02:07 +264 -24: /Volumes/ESD-USB/toolspace/test/tools/json_doctor/schema_validator_test.dart: SchemaValidator Tests Type Validation validates integer type correctly                                   02:07 +265 -24: /Volumes/ESD-USB/toolspace/test/tools/json_doctor/schema_validator_test.dart: SchemaValidator Tests Type Validation validates integer type correctly                                   02:07 +265 -24: /Volumes/ESD-USB/toolspace/test/tools/json_doctor/schema_validator_test.dart: SchemaValidator Tests Type Validation validates boolean type correctly                                   02:07 +266 -24: /Volumes/ESD-USB/toolspace/test/tools/json_doctor/schema_validator_test.dart: SchemaValidator Tests Type Validation validates boolean type correctly                                   02:07 +266 -24: /Volumes/ESD-USB/toolspace/test/tools/json_doctor/schema_validator_test.dart: SchemaValidator Tests Type Validation validates array type correctly                                     02:07 +267 -24: /Volumes/ESD-USB/toolspace/test/tools/json_doctor/schema_validator_test.dart: SchemaValidator Tests Type Validation validates array type correctly                                     02:07 +267 -24: /Volumes/ESD-USB/toolspace/test/tools/json_doctor/schema_validator_test.dart: SchemaValidator Tests Type Validation validates object type correctly                                    02:07 +268 -24: /Volumes/ESD-USB/toolspace/test/tools/json_doctor/schema_validator_test.dart: SchemaValidator Tests Type Validation validates object type correctly                                    02:07 +268 -24: /Volumes/ESD-USB/toolspace/test/tools/json_doctor/schema_validator_test.dart: SchemaValidator Tests Type Validation validates null type correctly                                      02:07 +269 -24: /Volumes/ESD-USB/toolspace/test/tools/json_doctor/schema_validator_test.dart: SchemaValidator Tests Type Validation validates null type correctly                                      02:07 +269 -24: /Volumes/ESD-USB/toolspace/test/tools/json_doctor/schema_validator_test.dart: SchemaValidator Tests Type Validation validates number type correctly                                    02:07 +270 -24: /Volumes/ESD-USB/toolspace/test/tools/json_doctor/schema_validator_test.dart: SchemaValidator Tests Type Validation validates number type correctly                                    02:07 +270 -24: /Volumes/ESD-USB/toolspace/test/tools/json_doctor/schema_validator_test.dart: SchemaValidator Tests Required Properties validates required properties are present                      02:07 +271 -24: /Volumes/ESD-USB/toolspace/test/tools/json_doctor/schema_validator_test.dart: SchemaValidator Tests Required Properties validates required properties are present                      02:07 +271 -24: /Volumes/ESD-USB/toolspace/test/tools/json_doctor/schema_validator_test.dart: SchemaValidator Tests Required Properties detects missing required properties                            02:07 +272 -24: /Volumes/ESD-USB/toolspace/test/tools/json_doctor/schema_validator_test.dart: SchemaValidator Tests Required Properties detects missing required properties                            02:07 +272 -24: /Volumes/ESD-USB/toolspace/test/tools/json_doctor/schema_validator_test.dart: SchemaValidator Tests Properties Validation validates nested object properties                           02:07 +273 -24: /Volumes/ESD-USB/toolspace/test/tools/json_doctor/schema_validator_test.dart: SchemaValidator Tests Properties Validation validates nested object properties                           02:07 +273 -24: /Volumes/ESD-USB/toolspace/test/tools/json_doctor/schema_validator_test.dart: SchemaValidator Tests Properties Validation detects type mismatches in properties                        02:07 +274 -24: /Volumes/ESD-USB/toolspace/test/tools/json_doctor/schema_validator_test.dart: SchemaValidator Tests Properties Validation detects type mismatches in properties                        02:07 +274 -24: /Volumes/ESD-USB/toolspace/test/tools/json_doctor/schema_validator_test.dart: SchemaValidator Tests Properties Validation validates deeply nested properties                           02:07 +275 -24: /Volumes/ESD-USB/toolspace/test/tools/json_doctor/schema_validator_test.dart: SchemaValidator Tests Properties Validation validates deeply nested properties                           02:07 +275 -24: /Volumes/ESD-USB/toolspace/test/tools/json_doctor/schema_validator_test.dart: SchemaValidator Tests Properties Validation detects errors in deeply nested properties                   02:07 +276 -24: /Volumes/ESD-USB/toolspace/test/tools/json_doctor/schema_validator_test.dart: SchemaValidator Tests Properties Validation detects errors in deeply nested properties                   02:07 +276 -24: /Volumes/ESD-USB/toolspace/test/tools/json_doctor/schema_validator_test.dart: SchemaValidator Tests Array Items Validation validates array items with schema                           02:07 +277 -24: /Volumes/ESD-USB/toolspace/test/tools/json_doctor/schema_validator_test.dart: SchemaValidator Tests Array Items Validation validates array items with schema                           02:07 +277 -24: /Volumes/ESD-USB/toolspace/test/tools/json_doctor/schema_validator_test.dart: SchemaValidator Tests Array Items Validation detects invalid items in array                              02:07 +278 -24: /Volumes/ESD-USB/toolspace/test/tools/json_doctor/schema_validator_test.dart: SchemaValidator Tests Array Items Validation detects invalid items in array                              02:07 +278 -24: /Volumes/ESD-USB/toolspace/test/tools/json_doctor/schema_validator_test.dart: SchemaValidator Tests Array Items Validation validates array of objects                                  02:07 +279 -24: /Volumes/ESD-USB/toolspace/test/tools/json_doctor/schema_validator_test.dart: SchemaValidator Tests Array Items Validation validates array of objects                                  02:07 +279 -24: /Volumes/ESD-USB/toolspace/test/tools/json_doctor/schema_validator_test.dart: SchemaValidator Tests Array Items Validation detects errors in array of objects                          02:07 +280 -24: /Volumes/ESD-USB/toolspace/test/tools/json_doctor/schema_validator_test.dart: SchemaValidator Tests Array Items Validation detects errors in array of objects                          02:07 +280 -24: /Volumes/ESD-USB/toolspace/test/tools/json_doctor/schema_validator_test.dart: SchemaValidator Tests String Length Validation validates minLength constraint                            02:07 +281 -24: /Volumes/ESD-USB/toolspace/test/tools/json_doctor/schema_validator_test.dart: SchemaValidator Tests String Length Validation validates minLength constraint                            02:07 +281 -24: /Volumes/ESD-USB/toolspace/test/tools/json_doctor/schema_validator_test.dart: SchemaValidator Tests String Length Validation validates maxLength constraint                            02:07 +282 -24: /Volumes/ESD-USB/toolspace/test/tools/json_doctor/schema_validator_test.dart: SchemaValidator Tests String Length Validation validates maxLength constraint                            02:07 +282 -24: /Volumes/ESD-USB/toolspace/test/tools/json_doctor/schema_validator_test.dart: SchemaValidator Tests String Length Validation validates both minLength and maxLength                    02:07 +283 -24: /Volumes/ESD-USB/toolspace/test/tools/json_doctor/schema_validator_test.dart: SchemaValidator Tests String Length Validation validates both minLength and maxLength                    02:07 +283 -24: /Volumes/ESD-USB/toolspace/test/tools/json_doctor/schema_validator_test.dart: SchemaValidator Tests Number Range Validation validates minimum constraint                               02:07 +284 -24: /Volumes/ESD-USB/toolspace/test/tools/json_doctor/schema_validator_test.dart: SchemaValidator Tests Number Range Validation validates minimum constraint                               02:07 +284 -24: /Volumes/ESD-USB/toolspace/test/tools/json_doctor/schema_validator_test.dart: SchemaValidator Tests Number Range Validation validates maximum constraint                               02:07 +285 -24: /Volumes/ESD-USB/toolspace/test/tools/json_doctor/schema_validator_test.dart: SchemaValidator Tests Number Range Validation validates maximum constraint                               02:07 +285 -24: /Volumes/ESD-USB/toolspace/test/tools/json_doctor/schema_validator_test.dart: SchemaValidator Tests Number Range Validation validates both minimum and maximum                         02:07 +286 -24: /Volumes/ESD-USB/toolspace/test/tools/json_doctor/schema_validator_test.dart: SchemaValidator Tests Number Range Validation validates both minimum and maximum                         02:07 +286 -24: /Volumes/ESD-USB/toolspace/test/tools/json_doctor/schema_validator_test.dart: SchemaValidator Tests Enum Validation validates enum values                                              02:07 +287 -24: /Volumes/ESD-USB/toolspace/test/tools/json_doctor/schema_validator_test.dart: SchemaValidator Tests Enum Validation validates enum values                                              02:07 +287 -24: /Volumes/ESD-USB/toolspace/test/tools/json_doctor/schema_validator_test.dart: SchemaValidator Tests Enum Validation validates enum with different types                                02:07 +288 -24: /Volumes/ESD-USB/toolspace/test/tools/json_doctor/schema_validator_test.dart: SchemaValidator Tests Enum Validation validates enum with different types                                02:07 +288 -24: /Volumes/ESD-USB/toolspace/test/tools/json_doctor/schema_validator_test.dart: SchemaValidator Tests Schema Generation generates schema for string                                      02:07 +289 -24: /Volumes/ESD-USB/toolspace/test/tools/json_doctor/schema_validator_test.dart: SchemaValidator Tests Schema Generation generates schema for string                                      02:07 +289 -24: /Volumes/ESD-USB/toolspace/test/tools/json_doctor/schema_validator_test.dart: SchemaValidator Tests Schema Generation generates schema for integer                                     02:07 +290 -24: /Volumes/ESD-USB/toolspace/test/tools/json_doctor/schema_validator_test.dart: SchemaValidator Tests Schema Generation generates schema for integer                                     02:07 +290 -24: /Volumes/ESD-USB/toolspace/test/tools/json_doctor/schema_validator_test.dart: SchemaValidator Tests Schema Generation generates schema for boolean                                     02:07 +291 -24: /Volumes/ESD-USB/toolspace/test/tools/json_doctor/schema_validator_test.dart: SchemaValidator Tests Schema Generation generates schema for boolean                                     02:07 +291 -24: /Volumes/ESD-USB/toolspace/test/tools/json_doctor/schema_validator_test.dart: SchemaValidator Tests Schema Generation generates schema for null                                        02:07 +292 -24: /Volumes/ESD-USB/toolspace/test/tools/json_doctor/schema_validator_test.dart: SchemaValidator Tests Schema Generation generates schema for null                                        02:07 +292 -24: /Volumes/ESD-USB/toolspace/test/tools/json_doctor/schema_validator_test.dart: SchemaValidator Tests Schema Generation generates schema for number                                      02:07 +293 -24: /Volumes/ESD-USB/toolspace/test/tools/json_doctor/schema_validator_test.dart: SchemaValidator Tests Schema Generation generates schema for number                                      02:07 +293 -24: /Volumes/ESD-USB/toolspace/test/tools/json_doctor/schema_validator_test.dart: SchemaValidator Tests Schema Generation generates schema for array                                       02:07 +294 -24: /Volumes/ESD-USB/toolspace/test/tools/json_doctor/schema_validator_test.dart: SchemaValidator Tests Schema Generation generates schema for array                                       02:07 +294 -24: /Volumes/ESD-USB/toolspace/test/tools/json_doctor/schema_validator_test.dart: SchemaValidator Tests Schema Generation generates schema for empty array                                 02:07 +295 -24: /Volumes/ESD-USB/toolspace/test/tools/json_doctor/schema_validator_test.dart: SchemaValidator Tests Schema Generation generates schema for empty array                                 02:07 +295 -24: /Volumes/ESD-USB/toolspace/test/tools/json_doctor/schema_validator_test.dart: SchemaValidator Tests Schema Generation generates schema for object                                      02:07 +296 -24: /Volumes/ESD-USB/toolspace/test/tools/json_doctor/schema_validator_test.dart: SchemaValidator Tests Schema Generation generates schema for object                                      02:07 +296 -24: /Volumes/ESD-USB/toolspace/test/tools/json_doctor/schema_validator_test.dart: SchemaValidator Tests Schema Generation generates schema for nested object                               02:07 +297 -24: /Volumes/ESD-USB/toolspace/test/tools/json_doctor/schema_validator_test.dart: SchemaValidator Tests Schema Generation generates schema for nested object                               02:07 +297 -24: /Volumes/ESD-USB/toolspace/test/tools/json_doctor/schema_validator_test.dart: SchemaValidator Tests Schema Generation generates schema for array of objects                            02:07 +298 -24: /Volumes/ESD-USB/toolspace/test/tools/json_doctor/schema_validator_test.dart: SchemaValidator Tests Schema Generation generates schema for array of objects                            02:07 +298 -24: /Volumes/ESD-USB/toolspace/test/tools/json_doctor/schema_validator_test.dart: SchemaValidator Tests Complex Validation Scenarios validates complex nested structure                    02:07 +299 -24: /Volumes/ESD-USB/toolspace/test/tools/json_doctor/schema_validator_test.dart: SchemaValidator Tests Complex Validation Scenarios validates complex nested structure                    02:07 +299 -24: /Volumes/ESD-USB/toolspace/test/tools/json_doctor/schema_validator_test.dart: SchemaValidator Tests Complex Validation Scenarios collects multiple errors in complex structure         02:07 +300 -24: /Volumes/ESD-USB/toolspace/test/tools/json_doctor/schema_validator_test.dart: SchemaValidator Tests Complex Validation Scenarios collects multiple errors in complex structure         02:07 +300 -24: /Volumes/ESD-USB/toolspace/test/tools/json_doctor/schema_validator_test.dart: SchemaValidator Tests Complex Validation Scenarios handles missing optional properties gracefully        02:07 +301 -24: /Volumes/ESD-USB/toolspace/test/tools/json_doctor/schema_validator_test.dart: SchemaValidator Tests Complex Validation Scenarios handles missing optional properties gracefully        02:07 +301 -24: /Volumes/ESD-USB/toolspace/test/tools/json_doctor/schema_validator_test.dart: SchemaValidator Tests SchemaValidationError toString returns formatted error message                     02:07 +302 -24: /Volumes/ESD-USB/toolspace/test/tools/json_doctor/schema_validator_test.dart: SchemaValidator Tests SchemaValidationError toString returns formatted error message                     02:08 +302 -24: /Volumes/ESD-USB/toolspace/test/tools/json_doctor/schema_validator_test.dart: SchemaValidator Tests SchemaValidationError toString returns formatted error message                     02:09 +302 -24: /Volumes/ESD-USB/toolspace/test/tools/json_doctor/schema_validator_test.dart: SchemaValidator Tests SchemaValidationError toString returns formatted error message                     02:10 +302 -24: /Volumes/ESD-USB/toolspace/test/tools/json_doctor/schema_validator_test.dart: SchemaValidator Tests SchemaValidationError toString returns formatted error message                     02:11 +302 -24: /Volumes/ESD-USB/toolspace/test/tools/json_doctor/schema_validator_test.dart: SchemaValidator Tests SchemaValidationError toString returns formatted error message                     02:12 +302 -24: /Volumes/ESD-USB/toolspace/test/tools/json_doctor/schema_validator_test.dart: SchemaValidator Tests SchemaValidationError toString returns formatted error message                     02:13 +302 -24: /Volumes/ESD-USB/toolspace/test/tools/json_doctor/schema_validator_test.dart: SchemaValidator Tests SchemaValidationError toString returns formatted error message                     02:14 +302 -24: /Volumes/ESD-USB/toolspace/test/tools/json_doctor/schema_validator_test.dart: SchemaValidator Tests SchemaValidationError toString returns formatted error message                     02:15 +302 -24: /Volumes/ESD-USB/toolspace/test/tools/json_doctor/schema_validator_test.dart: SchemaValidator Tests SchemaValidationError toString returns formatted error message                     02:16 +302 -24: /Volumes/ESD-USB/toolspace/test/tools/json_doctor/schema_validator_test.dart: SchemaValidator Tests SchemaValidationError toString returns formatted error message                     02:17 +302 -24: /Volumes/ESD-USB/toolspace/test/tools/json_doctor/schema_validator_test.dart: SchemaValidator Tests SchemaValidationError toString returns formatted error message                     02:18 +302 -24: /Volumes/ESD-USB/toolspace/test/tools/json_doctor/schema_validator_test.dart: SchemaValidator Tests SchemaValidationError toString returns formatted error message                     02:19 +302 -24: /Volumes/ESD-USB/toolspace/test/tools/json_doctor/schema_validator_test.dart: SchemaValidator Tests SchemaValidationError toString returns formatted error message                     02:20 +302 -24: /Volumes/ESD-USB/toolspace/test/tools/json_doctor/schema_validator_test.dart: SchemaValidator Tests SchemaValidationError toString returns formatted error message                     02:21 +302 -24: /Volumes/ESD-USB/toolspace/test/tools/json_doctor/schema_validator_test.dart: SchemaValidator Tests SchemaValidationError toString returns formatted error message                     02:22 +302 -24: /Volumes/ESD-USB/toolspace/test/tools/json_doctor/schema_validator_test.dart: SchemaValidator Tests SchemaValidationError toString returns formatted error message                     02:23 +302 -24: /Volumes/ESD-USB/toolspace/test/tools/json_doctor/schema_validator_test.dart: SchemaValidator Tests SchemaValidationError toString returns formatted error message                     02:24 +302 -24: /Volumes/ESD-USB/toolspace/test/tools/json_doctor/schema_validator_test.dart: SchemaValidator Tests SchemaValidationError toString returns formatted error message                     02:25 +302 -24: /Volumes/ESD-USB/toolspace/test/tools/json_doctor/schema_validator_test.dart: SchemaValidator Tests SchemaValidationError toString returns formatted error message                     02:26 +302 -24: /Volumes/ESD-USB/toolspace/test/tools/json_doctor/schema_validator_test.dart: SchemaValidator Tests SchemaValidationError toString returns formatted error message                     02:27 +302 -24: /Volumes/ESD-USB/toolspace/test/tools/json_doctor/schema_validator_test.dart: SchemaValidator Tests SchemaValidationError toString returns formatted error message                     02:28 +302 -24: /Volumes/ESD-USB/toolspace/test/tools/json_doctor/schema_validator_test.dart: SchemaValidator Tests SchemaValidationError toString returns formatted error message                     02:29 +302 -24: /Volumes/ESD-USB/toolspace/test/tools/json_doctor/schema_validator_test.dart: SchemaValidator Tests SchemaValidationError toString returns formatted error message                     02:30 +302 -24: /Volumes/ESD-USB/toolspace/test/tools/json_doctor/schema_validator_test.dart: SchemaValidator Tests SchemaValidationError toString returns formatted error message                     02:31 +302 -24: /Volumes/ESD-USB/toolspace/test/tools/json_doctor/schema_validator_test.dart: SchemaValidator Tests SchemaValidationError toString returns formatted error message                     02:32 +302 -24: /Volumes/ESD-USB/toolspace/test/tools/json_doctor/schema_validator_test.dart: SchemaValidator Tests SchemaValidationError toString returns formatted error message                     02:33 +302 -24: /Volumes/ESD-USB/toolspace/test/tools/json_doctor/schema_validator_test.dart: SchemaValidator Tests SchemaValidationError toString returns formatted error message                     02:34 +302 -24: /Volumes/ESD-USB/toolspace/test/tools/json_doctor/schema_validator_test.dart: SchemaValidator Tests SchemaValidationError toString returns formatted error message                     02:35 +302 -24: /Volumes/ESD-USB/toolspace/test/tools/json_doctor/schema_validator_test.dart: SchemaValidator Tests SchemaValidationError toString returns formatted error message                     02:35 +302 -24: loading /Volumes/ESD-USB/toolspace/test/tools/csv_cleaner/csv_processor_test.dart                                                                                                      02:35 +302 -24: /Volumes/ESD-USB/toolspace/test/tools/csv_cleaner/csv_processor_test.dart: CsvProcessor Tests parseCsv parses simple CSV correctly                                                     02:35 +303 -24: /Volumes/ESD-USB/toolspace/test/tools/csv_cleaner/csv_processor_test.dart: CsvProcessor Tests parseCsv parses simple CSV correctly                                                     02:35 +303 -24: /Volumes/ESD-USB/toolspace/test/tools/csv_cleaner/csv_processor_test.dart: CsvProcessor Tests parseCsv handles quoted values with commas                                               02:35 +304 -24: /Volumes/ESD-USB/toolspace/test/tools/csv_cleaner/csv_processor_test.dart: CsvProcessor Tests parseCsv handles quoted values with commas                                               02:35 +304 -24: /Volumes/ESD-USB/toolspace/test/tools/csv_cleaner/csv_processor_test.dart: CsvProcessor Tests parseCsv handles escaped quotes                                                          02:35 +305 -24: /Volumes/ESD-USB/toolspace/test/tools/csv_cleaner/csv_processor_test.dart: CsvProcessor Tests parseCsv handles escaped quotes                                                          02:35 +305 -24: /Volumes/ESD-USB/toolspace/test/tools/csv_cleaner/csv_processor_test.dart: CsvProcessor Tests parseCsv handles empty CSV                                                               02:35 +306 -24: /Volumes/ESD-USB/toolspace/test/tools/csv_cleaner/csv_processor_test.dart: CsvProcessor Tests parseCsv handles empty CSV                                                               02:35 +306 -24: /Volumes/ESD-USB/toolspace/test/tools/csv_cleaner/csv_processor_test.dart: CsvProcessor Tests parseCsv skips empty lines                                                               02:35 +307 -24: /Volumes/ESD-USB/toolspace/test/tools/csv_cleaner/csv_processor_test.dart: CsvProcessor Tests parseCsv skips empty lines                                                               02:35 +307 -24: /Volumes/ESD-USB/toolspace/test/tools/csv_cleaner/csv_processor_test.dart: CsvProcessor Tests toCsv converts rows to CSV string                                                        02:35 +308 -24: /Volumes/ESD-USB/toolspace/test/tools/csv_cleaner/csv_processor_test.dart: CsvProcessor Tests toCsv converts rows to CSV string                                                        02:35 +308 -24: /Volumes/ESD-USB/toolspace/test/tools/csv_cleaner/csv_processor_test.dart: CsvProcessor Tests toCsv escapes cells with commas                                                          02:35 +309 -24: /Volumes/ESD-USB/toolspace/test/tools/csv_cleaner/csv_processor_test.dart: CsvProcessor Tests toCsv escapes cells with commas                                                          02:35 +309 -24: /Volumes/ESD-USB/toolspace/test/tools/csv_cleaner/csv_processor_test.dart: CsvProcessor Tests toCsv escapes cells with quotes                                                          02:35 +310 -24: /Volumes/ESD-USB/toolspace/test/tools/csv_cleaner/csv_processor_test.dart: CsvProcessor Tests toCsv escapes cells with quotes                                                          02:35 +310 -24: /Volumes/ESD-USB/toolspace/test/tools/csv_cleaner/csv_processor_test.dart: CsvProcessor Tests toCsv handles empty rows                                                                 02:35 +311 -24: /Volumes/ESD-USB/toolspace/test/tools/csv_cleaner/csv_processor_test.dart: CsvProcessor Tests toCsv handles empty rows                                                                 02:35 +311 -24: /Volumes/ESD-USB/toolspace/test/tools/csv_cleaner/csv_processor_test.dart: CsvProcessor Tests trimWhitespace trims whitespace from all cells                                           02:35 +312 -24: /Volumes/ESD-USB/toolspace/test/tools/csv_cleaner/csv_processor_test.dart: CsvProcessor Tests trimWhitespace trims whitespace from all cells                                           02:35 +312 -24: /Volumes/ESD-USB/toolspace/test/tools/csv_cleaner/csv_processor_test.dart: CsvProcessor Tests trimWhitespace handles empty rows                                                        02:35 +313 -24: /Volumes/ESD-USB/toolspace/test/tools/csv_cleaner/csv_processor_test.dart: CsvProcessor Tests trimWhitespace handles empty rows                                                        02:35 +313 -24: /Volumes/ESD-USB/toolspace/test/tools/csv_cleaner/csv_processor_test.dart: CsvProcessor Tests lowercaseHeaders converts headers to lowercase                                           02:35 +314 -24: /Volumes/ESD-USB/toolspace/test/tools/csv_cleaner/csv_processor_test.dart: CsvProcessor Tests lowercaseHeaders converts headers to lowercase                                           02:35 +314 -24: /Volumes/ESD-USB/toolspace/test/tools/csv_cleaner/csv_processor_test.dart: CsvProcessor Tests lowercaseHeaders handles empty rows                                                      02:35 +315 -24: /Volumes/ESD-USB/toolspace/test/tools/csv_cleaner/csv_processor_test.dart: CsvProcessor Tests lowercaseHeaders handles empty rows                                                      02:35 +315 -24: /Volumes/ESD-USB/toolspace/test/tools/csv_cleaner/csv_processor_test.dart: CsvProcessor Tests removeDuplicates removes duplicate rows (entire row)                                     02:35 +316 -24: /Volumes/ESD-USB/toolspace/test/tools/csv_cleaner/csv_processor_test.dart: CsvProcessor Tests removeDuplicates removes duplicate rows (entire row)                                     02:35 +316 -24: /Volumes/ESD-USB/toolspace/test/tools/csv_cleaner/csv_processor_test.dart: CsvProcessor Tests removeDuplicates removes duplicates by key column                                        02:35 +317 -24: /Volumes/ESD-USB/toolspace/test/tools/csv_cleaner/csv_processor_test.dart: CsvProcessor Tests removeDuplicates removes duplicates by key column                                        02:35 +317 -24: /Volumes/ESD-USB/toolspace/test/tools/csv_cleaner/csv_processor_test.dart: CsvProcessor Tests removeDuplicates keeps all rows if no duplicates                                         02:35 +318 -24: /Volumes/ESD-USB/toolspace/test/tools/csv_cleaner/csv_processor_test.dart: CsvProcessor Tests removeDuplicates keeps all rows if no duplicates                                         02:35 +318 -24: /Volumes/ESD-USB/toolspace/test/tools/csv_cleaner/csv_processor_test.dart: CsvProcessor Tests removeDuplicates handles empty rows                                                      02:36 +318 -24: /Volumes/ESD-USB/toolspace/test/tools/csv_cleaner/csv_processor_test.dart: CsvProcessor Tests removeDuplicates handles empty rows                                                      02:36 +319 -24: /Volumes/ESD-USB/toolspace/test/tools/csv_cleaner/csv_processor_test.dart: CsvProcessor Tests removeDuplicates handles empty rows                                                      02:36 +319 -24: /Volumes/ESD-USB/toolspace/test/tools/csv_cleaner/csv_processor_test.dart: CsvProcessor Tests getHeaders returns first row as headers                                                  02:36 +320 -24: /Volumes/ESD-USB/toolspace/test/tools/csv_cleaner/csv_processor_test.dart: CsvProcessor Tests getHeaders returns first row as headers                                                  02:36 +320 -24: /Volumes/ESD-USB/toolspace/test/tools/csv_cleaner/csv_processor_test.dart: CsvProcessor Tests getHeaders returns empty list for empty rows                                             02:36 +321 -24: /Volumes/ESD-USB/toolspace/test/tools/csv_cleaner/csv_processor_test.dart: CsvProcessor Tests getHeaders returns empty list for empty rows                                             02:36 +321 -24: /Volumes/ESD-USB/toolspace/test/tools/csv_cleaner/csv_processor_test.dart: CsvProcessor Tests validate validates correct CSV                                                           02:36 +322 -24: /Volumes/ESD-USB/toolspace/test/tools/csv_cleaner/csv_processor_test.dart: CsvProcessor Tests validate validates correct CSV                                                           02:36 +322 -24: /Volumes/ESD-USB/toolspace/test/tools/csv_cleaner/csv_processor_test.dart: CsvProcessor Tests validate detects empty CSV                                                               02:36 +323 -24: /Volumes/ESD-USB/toolspace/test/tools/csv_cleaner/csv_processor_test.dart: CsvProcessor Tests validate detects empty CSV                                                               02:36 +323 -24: /Volumes/ESD-USB/toolspace/test/tools/csv_cleaner/csv_processor_test.dart: CsvProcessor Tests validate detects inconsistent column count                                               02:36 +324 -24: /Volumes/ESD-USB/toolspace/test/tools/csv_cleaner/csv_processor_test.dart: CsvProcessor Tests validate detects inconsistent column count                                               02:36 +324 -24: /Volumes/ESD-USB/toolspace/test/tools/csv_cleaner/csv_processor_test.dart: CsvProcessor Tests cleanAll applies all operations                                                          02:36 +325 -24: /Volumes/ESD-USB/toolspace/test/tools/csv_cleaner/csv_processor_test.dart: CsvProcessor Tests cleanAll applies all operations                                                          02:36 +325 -24: /Volumes/ESD-USB/toolspace/test/tools/csv_cleaner/csv_processor_test.dart: CsvProcessor Tests cleanAll applies selective operations                                                    02:36 +326 -24: /Volumes/ESD-USB/toolspace/test/tools/csv_cleaner/csv_processor_test.dart: CsvProcessor Tests cleanAll applies selective operations                                                    02:37 +326 -24: /Volumes/ESD-USB/toolspace/test/tools/csv_cleaner/csv_processor_test.dart: CsvProcessor Tests cleanAll applies selective operations                                                    02:38 +326 -24: /Volumes/ESD-USB/toolspace/test/tools/csv_cleaner/csv_processor_test.dart: CsvProcessor Tests cleanAll applies selective operations                                                    02:39 +326 -24: /Volumes/ESD-USB/toolspace/test/tools/csv_cleaner/csv_processor_test.dart: CsvProcessor Tests cleanAll applies selective operations                                                    02:40 +326 -24: /Volumes/ESD-USB/toolspace/test/tools/csv_cleaner/csv_processor_test.dart: CsvProcessor Tests cleanAll applies selective operations                                                    02:41 +326 -24: /Volumes/ESD-USB/toolspace/test/tools/csv_cleaner/csv_processor_test.dart: CsvProcessor Tests cleanAll applies selective operations                                                    02:42 +326 -24: /Volumes/ESD-USB/toolspace/test/tools/csv_cleaner/csv_processor_test.dart: CsvProcessor Tests cleanAll applies selective operations                                                    02:43 +326 -24: /Volumes/ESD-USB/toolspace/test/tools/csv_cleaner/csv_processor_test.dart: CsvProcessor Tests cleanAll applies selective operations                                                    02:44 +326 -24: /Volumes/ESD-USB/toolspace/test/tools/csv_cleaner/csv_processor_test.dart: CsvProcessor Tests cleanAll applies selective operations                                                    02:45 +326 -24: /Volumes/ESD-USB/toolspace/test/tools/csv_cleaner/csv_processor_test.dart: CsvProcessor Tests cleanAll applies selective operations                                                    02:46 +326 -24: /Volumes/ESD-USB/toolspace/test/tools/csv_cleaner/csv_processor_test.dart: CsvProcessor Tests cleanAll applies selective operations                                                    02:47 +326 -24: /Volumes/ESD-USB/toolspace/test/tools/csv_cleaner/csv_processor_test.dart: CsvProcessor Tests cleanAll applies selective operations                                                    02:48 +326 -24: /Volumes/ESD-USB/toolspace/test/tools/csv_cleaner/csv_processor_test.dart: CsvProcessor Tests cleanAll applies selective operations                                                    02:48 +326 -24: loading /Volumes/ESD-USB/toolspace/test/tools/json_flatten/json_flattener_test.dart                                                                                                    02:48 +326 -24: /Volumes/ESD-USB/toolspace/test/tools/json_flatten/json_flattener_test.dart: JsonFlattener Tests Flatten Simple Object flattens simple flat object                                     02:48 +327 -24: /Volumes/ESD-USB/toolspace/test/tools/json_flatten/json_flattener_test.dart: JsonFlattener Tests Flatten Simple Object flattens simple flat object                                     02:48 +327 -24: /Volumes/ESD-USB/toolspace/test/tools/json_flatten/json_flattener_test.dart: JsonFlattener Tests Flatten Simple Object flattens nested object with dot notation                        02:48 +328 -24: /Volumes/ESD-USB/toolspace/test/tools/json_flatten/json_flattener_test.dart: JsonFlattener Tests Flatten Simple Object flattens nested object with dot notation                        02:48 +328 -24: /Volumes/ESD-USB/toolspace/test/tools/json_flatten/json_flattener_test.dart: JsonFlattener Tests Flatten Simple Object flattens nested object with bracket notation                    02:48 +329 -24: /Volumes/ESD-USB/toolspace/test/tools/json_flatten/json_flattener_test.dart: JsonFlattener Tests Flatten Simple Object flattens nested object with bracket notation                    02:48 +329 -24: /Volumes/ESD-USB/toolspace/test/tools/json_flatten/json_flattener_test.dart: JsonFlattener Tests Flatten Simple Object flattens deeply nested object                                   02:48 +330 -24: /Volumes/ESD-USB/toolspace/test/tools/json_flatten/json_flattener_test.dart: JsonFlattener Tests Flatten Simple Object flattens deeply nested object                                   02:48 +330 -24: /Volumes/ESD-USB/toolspace/test/tools/json_flatten/json_flattener_test.dart: JsonFlattener Tests Flatten Simple Object handles null values                                             02:48 +331 -24: /Volumes/ESD-USB/toolspace/test/tools/json_flatten/json_flattener_test.dart: JsonFlattener Tests Flatten Simple Object handles null values                                             02:48 +331 -24: /Volumes/ESD-USB/toolspace/test/tools/json_flatten/json_flattener_test.dart: JsonFlattener Tests Flatten Arrays flattens array of objects                                              02:48 +332 -24: /Volumes/ESD-USB/toolspace/test/tools/json_flatten/json_flattener_test.dart: JsonFlattener Tests Flatten Arrays flattens array of objects                                              02:48 +332 -24: /Volumes/ESD-USB/toolspace/test/tools/json_flatten/json_flattener_test.dart: JsonFlattener Tests Flatten Arrays flattens array of primitive values                                     02:48 +333 -24: /Volumes/ESD-USB/toolspace/test/tools/json_flatten/json_flattener_test.dart: JsonFlattener Tests Flatten Arrays flattens array of primitive values                                     02:48 +333 -24: /Volumes/ESD-USB/toolspace/test/tools/json_flatten/json_flattener_test.dart: JsonFlattener Tests Flatten Arrays flattens nested arrays with dot notation                               02:48 +334 -24: /Volumes/ESD-USB/toolspace/test/tools/json_flatten/json_flattener_test.dart: JsonFlattener Tests Flatten Arrays flattens nested arrays with dot notation                               02:48 +334 -24: /Volumes/ESD-USB/toolspace/test/tools/json_flatten/json_flattener_test.dart: JsonFlattener Tests Flatten Arrays flattens nested arrays with bracket notation                           02:48 +335 -24: /Volumes/ESD-USB/toolspace/test/tools/json_flatten/json_flattener_test.dart: JsonFlattener Tests Flatten Arrays flattens nested arrays with bracket notation                           02:48 +335 -24: /Volumes/ESD-USB/toolspace/test/tools/json_flatten/json_flattener_test.dart: JsonFlattener Tests Flatten Arrays handles empty arrays                                                   02:48 +336 -24: /Volumes/ESD-USB/toolspace/test/tools/json_flatten/json_flattener_test.dart: JsonFlattener Tests Flatten Arrays handles empty arrays                                                   02:49 +336 -24: /Volumes/ESD-USB/toolspace/test/tools/json_flatten/json_flattener_test.dart: JsonFlattener Tests Flatten Arrays handles arrays with mixed types                                        02:49 +337 -24: /Volumes/ESD-USB/toolspace/test/tools/json_flatten/json_flattener_test.dart: JsonFlattener Tests Flatten Arrays handles arrays with mixed types                                        02:49 +337 -24: /Volumes/ESD-USB/toolspace/test/tools/json_flatten/json_flattener_test.dart: JsonFlattener Tests Complex Structures flattens complex nested structure                                  02:49 +338 -24: /Volumes/ESD-USB/toolspace/test/tools/json_flatten/json_flattener_test.dart: JsonFlattener Tests Complex Structures flattens complex nested structure                                  02:49 +338 -24: /Volumes/ESD-USB/toolspace/test/tools/json_flatten/json_flattener_test.dart: JsonFlattener Tests Complex Structures flattens array of complex objects as separate rows                 02:49 +339 -24: /Volumes/ESD-USB/toolspace/test/tools/json_flatten/json_flattener_test.dart: JsonFlattener Tests Complex Structures flattens array of complex objects as separate rows                 02:49 +339 -24: /Volumes/ESD-USB/toolspace/test/tools/json_flatten/json_flattener_test.dart: JsonFlattener Tests Complex Structures respects max depth limit                                           02:49 +340 -24: /Volumes/ESD-USB/toolspace/test/tools/json_flatten/json_flattener_test.dart: JsonFlattener Tests Complex Structures respects max depth limit                                           02:49 +340 -24: /Volumes/ESD-USB/toolspace/test/tools/json_flatten/json_flattener_test.dart: JsonFlattener Tests CSV Generation generates CSV with header                                              02:49 +341 -24: /Volumes/ESD-USB/toolspace/test/tools/json_flatten/json_flattener_test.dart: JsonFlattener Tests CSV Generation generates CSV with header                                              02:49 +341 -24: /Volumes/ESD-USB/toolspace/test/tools/json_flatten/json_flattener_test.dart: JsonFlattener Tests CSV Generation generates CSV without header                                           02:49 +342 -24: /Volumes/ESD-USB/toolspace/test/tools/json_flatten/json_flattener_test.dart: JsonFlattener Tests CSV Generation generates CSV without header                                           02:49 +342 -24: /Volumes/ESD-USB/toolspace/test/tools/json_flatten/json_flattener_test.dart: JsonFlattener Tests CSV Generation escapes CSV values with commas                                         02:49 +343 -24: /Volumes/ESD-USB/toolspace/test/tools/json_flatten/json_flattener_test.dart: JsonFlattener Tests CSV Generation escapes CSV values with commas                                         02:49 +343 -24: /Volumes/ESD-USB/toolspace/test/tools/json_flatten/json_flattener_test.dart: JsonFlattener Tests CSV Generation escapes CSV values with quotes                                         02:49 +344 -24: /Volumes/ESD-USB/toolspace/test/tools/json_flatten/json_flattener_test.dart: JsonFlattener Tests CSV Generation escapes CSV values with quotes                                         02:49 +344 -24: /Volumes/ESD-USB/toolspace/test/tools/json_flatten/json_flattener_test.dart: JsonFlattener Tests CSV Generation escapes CSV values with newlines                                       02:49 +345 -24: /Volumes/ESD-USB/toolspace/test/tools/json_flatten/json_flattener_test.dart: JsonFlattener Tests CSV Generation escapes CSV values with newlines                                       02:49 +345 -24: /Volumes/ESD-USB/toolspace/test/tools/json_flatten/json_flattener_test.dart: JsonFlattener Tests CSV Generation handles null values in CSV                                             02:49 +346 -24: /Volumes/ESD-USB/toolspace/test/tools/json_flatten/json_flattener_test.dart: JsonFlattener Tests CSV Generation handles null values in CSV                                             02:49 +346 -24: /Volumes/ESD-USB/toolspace/test/tools/json_flatten/json_flattener_test.dart: JsonFlattener Tests CSV Generation handles missing keys in CSV                                            02:49 +347 -24: /Volumes/ESD-USB/toolspace/test/tools/json_flatten/json_flattener_test.dart: JsonFlattener Tests CSV Generation handles missing keys in CSV                                            02:49 +347 -24: /Volumes/ESD-USB/toolspace/test/tools/json_flatten/json_flattener_test.dart: JsonFlattener Tests Statistics calculates correct statistics                                              02:49 +348 -24: /Volumes/ESD-USB/toolspace/test/tools/json_flatten/json_flattener_test.dart: JsonFlattener Tests Statistics calculates correct statistics                                              02:49 +348 -24: /Volumes/ESD-USB/toolspace/test/tools/json_flatten/json_flattener_test.dart: JsonFlattener Tests Statistics calculates max depth                                                       02:49 +349 -24: /Volumes/ESD-USB/toolspace/test/tools/json_flatten/json_flattener_test.dart: JsonFlattener Tests Statistics calculates max depth                                                       02:49 +349 -24: /Volumes/ESD-USB/toolspace/test/tools/json_flatten/json_flattener_test.dart: JsonFlattener Tests Field Filtering filters rows to selected keys                                         02:49 +350 -24: /Volumes/ESD-USB/toolspace/test/tools/json_flatten/json_flattener_test.dart: JsonFlattener Tests Field Filtering filters rows to selected keys                                         02:49 +350 -24: /Volumes/ESD-USB/toolspace/test/tools/json_flatten/json_flattener_test.dart: JsonFlattener Tests Field Filtering handles missing keys when filtering                                   02:49 +351 -24: /Volumes/ESD-USB/toolspace/test/tools/json_flatten/json_flattener_test.dart: JsonFlattener Tests Field Filtering handles missing keys when filtering                                   02:49 +351 -24: /Volumes/ESD-USB/toolspace/test/tools/json_flatten/json_flattener_test.dart: JsonFlattener Tests Validation validates valid JSON                                                       02:49 +352 -24: /Volumes/ESD-USB/toolspace/test/tools/json_flatten/json_flattener_test.dart: JsonFlattener Tests Validation validates valid JSON                                                       02:49 +352 -24: /Volumes/ESD-USB/toolspace/test/tools/json_flatten/json_flattener_test.dart: JsonFlattener Tests Validation detects invalid JSON                                                       02:49 +353 -24: /Volumes/ESD-USB/toolspace/test/tools/json_flatten/json_flattener_test.dart: JsonFlattener Tests Validation detects invalid JSON                                                       02:49 +353 -24: /Volumes/ESD-USB/toolspace/test/tools/json_flatten/json_flattener_test.dart: JsonFlattener Tests Validation handles empty string                                                       02:49 +354 -24: /Volumes/ESD-USB/toolspace/test/tools/json_flatten/json_flattener_test.dart: JsonFlattener Tests Validation handles empty string                                                       02:49 +354 -24: /Volumes/ESD-USB/toolspace/test/tools/json_flatten/json_flattener_test.dart: JsonFlattener Tests Validation handles whitespace-only string                                             02:49 +355 -24: /Volumes/ESD-USB/toolspace/test/tools/json_flatten/json_flattener_test.dart: JsonFlattener Tests Validation handles whitespace-only string                                             02:49 +355 -24: /Volumes/ESD-USB/toolspace/test/tools/json_flatten/json_flattener_test.dart: JsonFlattener Tests Error Handling handles empty string gracefully                                        02:49 +356 -24: /Volumes/ESD-USB/toolspace/test/tools/json_flatten/json_flattener_test.dart: JsonFlattener Tests Error Handling handles empty string gracefully                                        02:49 +356 -24: /Volumes/ESD-USB/toolspace/test/tools/json_flatten/json_flattener_test.dart: JsonFlattener Tests Error Handling handles invalid JSON gracefully                                        02:49 +357 -24: /Volumes/ESD-USB/toolspace/test/tools/json_flatten/json_flattener_test.dart: JsonFlattener Tests Error Handling handles invalid JSON gracefully                                        02:49 +357 -24: /Volumes/ESD-USB/toolspace/test/tools/json_flatten/json_flattener_test.dart: JsonFlattener Tests Error Handling handles malformed JSON gracefully                                      02:49 +358 -24: /Volumes/ESD-USB/toolspace/test/tools/json_flatten/json_flattener_test.dart: JsonFlattener Tests Error Handling handles malformed JSON gracefully                                      02:49 +358 -24: /Volumes/ESD-USB/toolspace/test/tools/json_flatten/json_flattener_test.dart: JsonFlattener Tests Edge Cases handles single primitive value                                             02:49 +359 -24: /Volumes/ESD-USB/toolspace/test/tools/json_flatten/json_flattener_test.dart: JsonFlattener Tests Edge Cases handles single primitive value                                             02:49 +359 -24: /Volumes/ESD-USB/toolspace/test/tools/json_flatten/json_flattener_test.dart: JsonFlattener Tests Edge Cases handles boolean value                                                      02:49 +360 -24: /Volumes/ESD-USB/toolspace/test/tools/json_flatten/json_flattener_test.dart: JsonFlattener Tests Edge Cases handles boolean value                                                      02:49 +360 -24: /Volumes/ESD-USB/toolspace/test/tools/json_flatten/json_flattener_test.dart: JsonFlattener Tests Edge Cases handles string value                                                       02:49 +361 -24: /Volumes/ESD-USB/toolspace/test/tools/json_flatten/json_flattener_test.dart: JsonFlattener Tests Edge Cases handles string value                                                       02:49 +361 -24: /Volumes/ESD-USB/toolspace/test/tools/json_flatten/json_flattener_test.dart: JsonFlattener Tests Edge Cases handles null value                                                         02:49 +362 -24: /Volumes/ESD-USB/toolspace/test/tools/json_flatten/json_flattener_test.dart: JsonFlattener Tests Edge Cases handles null value                                                         02:49 +362 -24: /Volumes/ESD-USB/toolspace/test/tools/json_flatten/json_flattener_test.dart: JsonFlattener Tests Edge Cases handles empty object                                                       02:49 +363 -24: /Volumes/ESD-USB/toolspace/test/tools/json_flatten/json_flattener_test.dart: JsonFlattener Tests Edge Cases handles empty object                                                       02:49 +363 -24: /Volumes/ESD-USB/toolspace/test/tools/json_flatten/json_flattener_test.dart: JsonFlattener Tests Edge Cases handles empty array                                                        02:49 +364 -24: /Volumes/ESD-USB/toolspace/test/tools/json_flatten/json_flattener_test.dart: JsonFlattener Tests Edge Cases handles empty array                                                        02:49 +364 -24: /Volumes/ESD-USB/toolspace/test/tools/json_flatten/json_flattener_test.dart: JsonFlattener Tests Edge Cases handles unicode characters                                                 02:49 +365 -24: /Volumes/ESD-USB/toolspace/test/tools/json_flatten/json_flattener_test.dart: JsonFlattener Tests Edge Cases handles unicode characters                                                 02:49 +365 -24: /Volumes/ESD-USB/toolspace/test/tools/json_flatten/json_flattener_test.dart: JsonFlattener Tests Edge Cases handles large numbers                                                      02:49 +366 -24: /Volumes/ESD-USB/toolspace/test/tools/json_flatten/json_flattener_test.dart: JsonFlattener Tests Edge Cases handles large numbers                                                      02:50 +366 -24: /Volumes/ESD-USB/toolspace/test/tools/json_flatten/json_flattener_test.dart: JsonFlattener Tests Edge Cases handles large numbers                                                      02:51 +366 -24: /Volumes/ESD-USB/toolspace/test/tools/json_flatten/json_flattener_test.dart: JsonFlattener Tests Edge Cases handles large numbers                                                      02:52 +366 -24: /Volumes/ESD-USB/toolspace/test/tools/json_flatten/json_flattener_test.dart: JsonFlattener Tests Edge Cases handles large numbers                                                      02:53 +366 -24: /Volumes/ESD-USB/toolspace/test/tools/json_flatten/json_flattener_test.dart: JsonFlattener Tests Edge Cases handles large numbers                                                      02:54 +366 -24: /Volumes/ESD-USB/toolspace/test/tools/json_flatten/json_flattener_test.dart: JsonFlattener Tests Edge Cases handles large numbers                                                      02:55 +366 -24: /Volumes/ESD-USB/toolspace/test/tools/json_flatten/json_flattener_test.dart: JsonFlattener Tests Edge Cases handles large numbers                                                      02:56 +366 -24: /Volumes/ESD-USB/toolspace/test/tools/json_flatten/json_flattener_test.dart: JsonFlattener Tests Edge Cases handles large numbers                                                      02:57 +366 -24: /Volumes/ESD-USB/toolspace/test/tools/json_flatten/json_flattener_test.dart: JsonFlattener Tests Edge Cases handles large numbers                                                      02:58 +366 -24: /Volumes/ESD-USB/toolspace/test/tools/json_flatten/json_flattener_test.dart: JsonFlattener Tests Edge Cases handles large numbers                                                      02:59 +366 -24: /Volumes/ESD-USB/toolspace/test/tools/json_flatten/json_flattener_test.dart: JsonFlattener Tests Edge Cases handles large numbers                                                      03:00 +366 -24: /Volumes/ESD-USB/toolspace/test/tools/json_flatten/json_flattener_test.dart: JsonFlattener Tests Edge Cases handles large numbers                                                      03:01 +366 -24: /Volumes/ESD-USB/toolspace/test/tools/json_flatten/json_flattener_test.dart: JsonFlattener Tests Edge Cases handles large numbers                                                      03:02 +366 -24: /Volumes/ESD-USB/toolspace/test/tools/json_flatten/json_flattener_test.dart: JsonFlattener Tests Edge Cases handles large numbers                                                      03:03 +366 -24: /Volumes/ESD-USB/toolspace/test/tools/json_flatten/json_flattener_test.dart: JsonFlattener Tests Edge Cases handles large numbers                                                      03:04 +366 -24: /Volumes/ESD-USB/toolspace/test/tools/json_flatten/json_flattener_test.dart: JsonFlattener Tests Edge Cases handles large numbers                                                      03:05 +366 -24: /Volumes/ESD-USB/toolspace/test/tools/json_flatten/json_flattener_test.dart: JsonFlattener Tests Edge Cases handles large numbers                                                      03:05 +366 -24: loading /Volumes/ESD-USB/toolspace/test/tools/md_to_pdf/md_to_pdf_widget_test.dart                                                                                                     03:05 +366 -24: /Volumes/ESD-USB/toolspace/test/tools/md_to_pdf/md_to_pdf_widget_test.dart: MdToPdfScreen Widget Tests should render screen with title                                                 03:05 +367 -24: /Volumes/ESD-USB/toolspace/test/tools/md_to_pdf/md_to_pdf_widget_test.dart: MdToPdfScreen Widget Tests should render screen with title                                                 03:05 +368 -24: /Volumes/ESD-USB/toolspace/test/tools/md_to_pdf/md_to_pdf_widget_test.dart: MdToPdfScreen Widget Tests should render screen with title                                                 03:05 +369 -24: /Volumes/ESD-USB/toolspace/test/tools/md_to_pdf/md_to_pdf_widget_test.dart: MdToPdfScreen Widget Tests should render screen with title                                                 03:05 +370 -24: /Volumes/ESD-USB/toolspace/test/tools/md_to_pdf/md_to_pdf_widget_test.dart: MdToPdfScreen Widget Tests should render screen with title                                                 03:06 +370 -24: /Volumes/ESD-USB/toolspace/test/tools/md_to_pdf/md_to_pdf_widget_test.dart: MdToPdfScreen Widget Tests should render screen with title                                                 03:06 +370 -24: /Volumes/ESD-USB/toolspace/test/tools/md_to_pdf/md_to_pdf_widget_test.dart: MdToPdfScreen Widget Tests should render screen with title                                                 
══╡ EXCEPTION CAUGHT BY WIDGETS LIBRARY ╞═══════════════════════════════════════════════════════════
The following FirebaseException was thrown building Builder:
[core/no-app] No Firebase App '[DEFAULT]' has been created - call Firebase.initializeApp()

The relevant error-causing widget was:
  MaterialApp
  MaterialApp:file:///Volumes/ESD-USB/toolspace/test/tools/md_to_pdf/md_to_pdf_widget_test.dart:9:15

When the exception was thrown, this was the stack:
#0      MethodChannelFirebase.app (package:firebase_core_platform_interface/src/method_channel/method_channel_firebase.dart:192:5)
#1      Firebase.app (package:firebase_core/src/firebase.dart:79:41)
#2      FirebaseFunctions.instance (package:cloud_functions/src/firebase_functions.dart:37:21)
#3      new _MdToPdfScreenState (package:toolspace/tools/md_to_pdf/md_to_pdf_screen.dart:20:58)
#4      MdToPdfScreen.createState (package:toolspace/tools/md_to_pdf/md_to_pdf_screen.dart:15:41)
#5      new StatefulElement (package:flutter/src/widgets/framework.dart:5804:60)
#6      StatefulWidget.createElement (package:flutter/src/widgets/framework.dart:779:38)
...     Normal element mounting (228 frames)
#234    Element.inflateWidget (package:flutter/src/widgets/framework.dart:4548:16)
#235    MultiChildRenderObjectElement.inflateWidget (package:flutter/src/widgets/framework.dart:7169:36)
#236    MultiChildRenderObjectElement.mount (package:flutter/src/widgets/framework.dart:7185:32)
...     Normal element mounting (465 frames)
#701    Element.inflateWidget (package:flutter/src/widgets/framework.dart:4548:16)
#702    Element.updateChild (package:flutter/src/widgets/framework.dart:3998:20)
#703    ComponentElement.performRebuild (package:flutter/src/widgets/framework.dart:5747:16)
#704    Element.rebuild (package:flutter/src/widgets/framework.dart:5435:7)
#705    ProxyElement.update (package:flutter/src/widgets/framework.dart:6051:5)
#706    _InheritedNotifierElement.update (package:flutter/src/widgets/inherited_notifier.dart:108:11)
#707    Element.updateChild (package:flutter/src/widgets/framework.dart:3982:15)
#708    ComponentElement.performRebuild (package:flutter/src/widgets/framework.dart:5747:16)
#709    StatefulElement.performRebuild (package:flutter/src/widgets/framework.dart:5884:11)
#710    Element.rebuild (package:flutter/src/widgets/framework.dart:5435:7)
#711    StatefulElement.update (package:flutter/src/widgets/framework.dart:5909:5)
#712    Element.updateChild (package:flutter/src/widgets/framework.dart:3982:15)
#713    ComponentElement.performRebuild (package:flutter/src/widgets/framework.dart:5747:16)
#714    Element.rebuild (package:flutter/src/widgets/framework.dart:5435:7)
#715    ProxyElement.update (package:flutter/src/widgets/framework.dart:6051:5)
#716    _InheritedNotifierElement.update (package:flutter/src/widgets/inherited_notifier.dart:108:11)
#717    Element.updateChild (package:flutter/src/widgets/framework.dart:3982:15)
#718    ComponentElement.performRebuild (package:flutter/src/widgets/framework.dart:5747:16)
#719    StatefulElement.performRebuild (package:flutter/src/widgets/framework.dart:5884:11)
#720    Element.rebuild (package:flutter/src/widgets/framework.dart:5435:7)
#721    StatefulElement.update (package:flutter/src/widgets/framework.dart:5909:5)
#722    Element.updateChild (package:flutter/src/widgets/framework.dart:3982:15)
#723    ComponentElement.performRebuild (package:flutter/src/widgets/framework.dart:5747:16)
#724    StatefulElement.performRebuild (package:flutter/src/widgets/framework.dart:5884:11)
#725    Element.rebuild (package:flutter/src/widgets/framework.dart:5435:7)
#726    StatefulElement.update (package:flutter/src/widgets/framework.dart:5909:5)
#727    Element.updateChild (package:flutter/src/widgets/framework.dart:3982:15)
#728    ComponentElement.performRebuild (package:flutter/src/widgets/framework.dart:5747:16)
#729    Element.rebuild (package:flutter/src/widgets/framework.dart:5435:7)
#730    ProxyElement.update (package:flutter/src/widgets/framework.dart:6051:5)
#731    Element.updateChild (package:flutter/src/widgets/framework.dart:3982:15)
#732    ComponentElement.performRebuild (package:flutter/src/widgets/framework.dart:5747:16)
#733    StatefulElement.performRebuild (package:flutter/src/widgets/framework.dart:5884:11)
#734    Element.rebuild (package:flutter/src/widgets/framework.dart:5435:7)
#735    StatefulElement.update (package:flutter/src/widgets/framework.dart:5909:5)
#736    Element.updateChild (package:flutter/src/widgets/framework.dart:3982:15)
#737    ComponentElement.performRebuild (package:flutter/src/widgets/framework.dart:5747:16)
#738    Element.rebuild (package:flutter/src/widgets/framework.dart:5435:7)
#739    ProxyElement.update (package:flutter/src/widgets/framework.dart:6051:5)
#740    Element.updateChild (package:flutter/src/widgets/framework.dart:3982:15)
#741    ComponentElement.performRebuild (package:flutter/src/widgets/framework.dart:5747:16)
#742    Element.rebuild (package:flutter/src/widgets/framework.dart:5435:7)
#743    ProxyElement.update (package:flutter/src/widgets/framework.dart:6051:5)
#744    Element.updateChild (package:flutter/src/widgets/framework.dart:3982:15)
#745    _RawViewElement._updateChild (package:flutter/src/widgets/view.dart:481:16)
#746    _RawViewElement.update (package:flutter/src/widgets/view.dart:568:5)
#747    Element.updateChild (package:flutter/src/widgets/framework.dart:3982:15)
#748    ComponentElement.performRebuild (package:flutter/src/widgets/framework.dart:5747:16)
#749    Element.rebuild (package:flutter/src/widgets/framework.dart:5435:7)
#750    StatelessElement.update (package:flutter/src/widgets/framework.dart:5797:5)
#751    Element.updateChild (package:flutter/src/widgets/framework.dart:3982:15)
#752    ComponentElement.performRebuild (package:flutter/src/widgets/framework.dart:5747:16)
#753    StatefulElement.performRebuild (package:flutter/src/widgets/framework.dart:5884:11)
#754    Element.rebuild (package:flutter/src/widgets/framework.dart:5435:7)
#755    StatefulElement.update (package:flutter/src/widgets/framework.dart:5909:5)
#756    Element.updateChild (package:flutter/src/widgets/framework.dart:3982:15)
#757    RootElement._rebuild (package:flutter/src/widgets/binding.dart:1716:16)
#758    RootElement.update (package:flutter/src/widgets/binding.dart:1694:5)
#759    RootElement.performRebuild (package:flutter/src/widgets/binding.dart:1708:7)
#760    Element.rebuild (package:flutter/src/widgets/framework.dart:5435:7)
#761    BuildScope._tryRebuild (package:flutter/src/widgets/framework.dart:2695:15)
#762    BuildScope._flushDirtyElements (package:flutter/src/widgets/framework.dart:2752:11)
#763    BuildOwner.buildScope (package:flutter/src/widgets/framework.dart:3056:18)
#764    AutomatedTestWidgetsFlutterBinding.drawFrame (package:flutter_test/src/binding.dart:1506:19)
#765    RendererBinding._handlePersistentFrameCallback (package:flutter/src/rendering/binding.dart:495:5)
#766    SchedulerBinding._invokeFrameCallback (package:flutter/src/scheduler/binding.dart:1434:15)
#767    SchedulerBinding.handleDrawFrame (package:flutter/src/scheduler/binding.dart:1347:9)
#768    AutomatedTestWidgetsFlutterBinding.pump.<anonymous closure> (package:flutter_test/src/binding.dart:1335:9)
#771    TestAsyncUtils.guard (package:flutter_test/src/test_async_utils.dart:74:41)
#772    AutomatedTestWidgetsFlutterBinding.pump (package:flutter_test/src/binding.dart:1324:27)
#773    WidgetTester.pumpWidget.<anonymous closure> (package:flutter_test/src/widget_tester.dart:598:22)
#776    TestAsyncUtils.guard (package:flutter_test/src/test_async_utils.dart:74:41)
#777    WidgetTester.pumpWidget (package:flutter_test/src/widget_tester.dart:595:27)
#778    main.<anonymous closure>.<anonymous closure> (file:///Volumes/ESD-USB/toolspace/test/tools/md_to_pdf/md_to_pdf_widget_test.dart:8:20)
#779    testWidgets.<anonymous closure>.<anonymous closure> (package:flutter_test/src/widget_tester.dart:192:29)
<asynchronous suspension>
#780    TestWidgetsFlutterBinding._runTestBody (package:flutter_test/src/binding.dart:1059:5)
<asynchronous suspension>
<asynchronous suspension>
(elided 5 frames from dart:async and package:stack_trace)

════════════════════════════════════════════════════════════════════════════════════════════════════
══╡ EXCEPTION CAUGHT BY FLUTTER TEST FRAMEWORK ╞════════════════════════════════════════════════════
The following TestFailure was thrown running a test:
Expected: exactly one matching candidate
  Actual: _TextWidgetFinder:<Found 0 widgets with text "Markdown to PDF": []>
   Which: means none were found but one was expected

When the exception was thrown, this was the stack:
#4      main.<anonymous closure>.<anonymous closure> (file:///Volumes/ESD-USB/toolspace/test/tools/md_to_pdf/md_to_pdf_widget_test.dart:14:7)
<asynchronous suspension>
#5      testWidgets.<anonymous closure>.<anonymous closure> (package:flutter_test/src/widget_tester.dart:192:15)
<asynchronous suspension>
#6      TestWidgetsFlutterBinding._runTestBody (package:flutter_test/src/binding.dart:1059:5)
<asynchronous suspension>
<asynchronous suspension>
(elided one frame from package:stack_trace)

This was caught by the test expectation on the following line:
  file:///Volumes/ESD-USB/toolspace/test/tools/md_to_pdf/md_to_pdf_widget_test.dart line 14
The test description was:
  should render screen with title
════════════════════════════════════════════════════════════════════════════════════════════════════
══╡ EXCEPTION CAUGHT BY FLUTTER TEST FRAMEWORK ╞════════════════════════════════════════════════════
The following message was thrown:
Multiple exceptions (2) were detected during the running of the current test, and at least one was
unexpected.
════════════════════════════════════════════════════════════════════════════════════════════════════
03:06 +370 -25: /Volumes/ESD-USB/toolspace/test/tools/md_to_pdf/md_to_pdf_widget_test.dart: MdToPdfScreen Widget Tests should render screen with title [E]                                             
  Test failed. See exception logs above.
  The test description was: should render screen with title
  

To run this test again: /usr/local/share/flutter/bin/cache/dart-sdk/bin/dart test /Volumes/ESD-USB/toolspace/test/tools/md_to_pdf/md_to_pdf_widget_test.dart -p vm --plain-name 'MdToPdfScreen Widget Tests should render screen with title'
03:06 +370 -25: /Volumes/ESD-USB/toolspace/test/tools/md_to_pdf/md_to_pdf_widget_test.dart: MdToPdfScreen Widget Tests should show split pane on wide screen                                           03:06 +370 -25: /Volumes/ESD-USB/toolspace/test/tools/md_to_pdf/md_to_pdf_widget_test.dart: MdToPdfScreen Widget Tests should show split pane on wide screen                                           
══╡ EXCEPTION CAUGHT BY WIDGETS LIBRARY ╞═══════════════════════════════════════════════════════════
The following FirebaseException was thrown building Builder:
[core/no-app] No Firebase App '[DEFAULT]' has been created - call Firebase.initializeApp()

The relevant error-causing widget was:
  MaterialApp
  MaterialApp:file:///Volumes/ESD-USB/toolspace/test/tools/md_to_pdf/md_to_pdf_widget_test.dart:23:15

When the exception was thrown, this was the stack:
#0      MethodChannelFirebase.app (package:firebase_core_platform_interface/src/method_channel/method_channel_firebase.dart:192:5)
#1      Firebase.app (package:firebase_core/src/firebase.dart:79:41)
#2      FirebaseFunctions.instance (package:cloud_functions/src/firebase_functions.dart:37:21)
#3      new _MdToPdfScreenState (package:toolspace/tools/md_to_pdf/md_to_pdf_screen.dart:20:58)
#4      MdToPdfScreen.createState (package:toolspace/tools/md_to_pdf/md_to_pdf_screen.dart:15:41)
#5      new StatefulElement (package:flutter/src/widgets/framework.dart:5804:60)
#6      StatefulWidget.createElement (package:flutter/src/widgets/framework.dart:779:38)
...     Normal element mounting (228 frames)
#234    Element.inflateWidget (package:flutter/src/widgets/framework.dart:4548:16)
#235    MultiChildRenderObjectElement.inflateWidget (package:flutter/src/widgets/framework.dart:7169:36)
#236    MultiChildRenderObjectElement.mount (package:flutter/src/widgets/framework.dart:7185:32)
...     Normal element mounting (465 frames)
#701    Element.inflateWidget (package:flutter/src/widgets/framework.dart:4548:16)
#702    Element.updateChild (package:flutter/src/widgets/framework.dart:3998:20)
#703    ComponentElement.performRebuild (package:flutter/src/widgets/framework.dart:5747:16)
#704    Element.rebuild (package:flutter/src/widgets/framework.dart:5435:7)
#705    ProxyElement.update (package:flutter/src/widgets/framework.dart:6051:5)
#706    _InheritedNotifierElement.update (package:flutter/src/widgets/inherited_notifier.dart:108:11)
#707    Element.updateChild (package:flutter/src/widgets/framework.dart:3982:15)
#708    ComponentElement.performRebuild (package:flutter/src/widgets/framework.dart:5747:16)
#709    StatefulElement.performRebuild (package:flutter/src/widgets/framework.dart:5884:11)
#710    Element.rebuild (package:flutter/src/widgets/framework.dart:5435:7)
#711    StatefulElement.update (package:flutter/src/widgets/framework.dart:5909:5)
#712    Element.updateChild (package:flutter/src/widgets/framework.dart:3982:15)
#713    ComponentElement.performRebuild (package:flutter/src/widgets/framework.dart:5747:16)
#714    Element.rebuild (package:flutter/src/widgets/framework.dart:5435:7)
#715    ProxyElement.update (package:flutter/src/widgets/framework.dart:6051:5)
#716    _InheritedNotifierElement.update (package:flutter/src/widgets/inherited_notifier.dart:108:11)
#717    Element.updateChild (package:flutter/src/widgets/framework.dart:3982:15)
#718    ComponentElement.performRebuild (package:flutter/src/widgets/framework.dart:5747:16)
#719    StatefulElement.performRebuild (package:flutter/src/widgets/framework.dart:5884:11)
#720    Element.rebuild (package:flutter/src/widgets/framework.dart:5435:7)
#721    StatefulElement.update (package:flutter/src/widgets/framework.dart:5909:5)
#722    Element.updateChild (package:flutter/src/widgets/framework.dart:3982:15)
#723    ComponentElement.performRebuild (package:flutter/src/widgets/framework.dart:5747:16)
#724    StatefulElement.performRebuild (package:flutter/src/widgets/framework.dart:5884:11)
#725    Element.rebuild (package:flutter/src/widgets/framework.dart:5435:7)
#726    StatefulElement.update (package:flutter/src/widgets/framework.dart:5909:5)
#727    Element.updateChild (package:flutter/src/widgets/framework.dart:3982:15)
#728    ComponentElement.performRebuild (package:flutter/src/widgets/framework.dart:5747:16)
#729    Element.rebuild (package:flutter/src/widgets/framework.dart:5435:7)
#730    ProxyElement.update (package:flutter/src/widgets/framework.dart:6051:5)
#731    Element.updateChild (package:flutter/src/widgets/framework.dart:3982:15)
#732    ComponentElement.performRebuild (package:flutter/src/widgets/framework.dart:5747:16)
#733    StatefulElement.performRebuild (package:flutter/src/widgets/framework.dart:5884:11)
#734    Element.rebuild (package:flutter/src/widgets/framework.dart:5435:7)
#735    StatefulElement.update (package:flutter/src/widgets/framework.dart:5909:5)
#736    Element.updateChild (package:flutter/src/widgets/framework.dart:3982:15)
#737    ComponentElement.performRebuild (package:flutter/src/widgets/framework.dart:5747:16)
#738    Element.rebuild (package:flutter/src/widgets/framework.dart:5435:7)
#739    ProxyElement.update (package:flutter/src/widgets/framework.dart:6051:5)
#740    Element.updateChild (package:flutter/src/widgets/framework.dart:3982:15)
#741    ComponentElement.performRebuild (package:flutter/src/widgets/framework.dart:5747:16)
#742    Element.rebuild (package:flutter/src/widgets/framework.dart:5435:7)
#743    ProxyElement.update (package:flutter/src/widgets/framework.dart:6051:5)
#744    Element.updateChild (package:flutter/src/widgets/framework.dart:3982:15)
#745    _RawViewElement._updateChild (package:flutter/src/widgets/view.dart:481:16)
#746    _RawViewElement.update (package:flutter/src/widgets/view.dart:568:5)
#747    Element.updateChild (package:flutter/src/widgets/framework.dart:3982:15)
#748    ComponentElement.performRebuild (package:flutter/src/widgets/framework.dart:5747:16)
#749    Element.rebuild (package:flutter/src/widgets/framework.dart:5435:7)
#750    StatelessElement.update (package:flutter/src/widgets/framework.dart:5797:5)
#751    Element.updateChild (package:flutter/src/widgets/framework.dart:3982:15)
#752    ComponentElement.performRebuild (package:flutter/src/widgets/framework.dart:5747:16)
#753    StatefulElement.performRebuild (package:flutter/src/widgets/framework.dart:5884:11)
#754    Element.rebuild (package:flutter/src/widgets/framework.dart:5435:7)
#755    StatefulElement.update (package:flutter/src/widgets/framework.dart:5909:5)
#756    Element.updateChild (package:flutter/src/widgets/framework.dart:3982:15)
#757    RootElement._rebuild (package:flutter/src/widgets/binding.dart:1716:16)
#758    RootElement.update (package:flutter/src/widgets/binding.dart:1694:5)
#759    RootElement.performRebuild (package:flutter/src/widgets/binding.dart:1708:7)
#760    Element.rebuild (package:flutter/src/widgets/framework.dart:5435:7)
#761    BuildScope._tryRebuild (package:flutter/src/widgets/framework.dart:2695:15)
#762    BuildScope._flushDirtyElements (package:flutter/src/widgets/framework.dart:2752:11)
#763    BuildOwner.buildScope (package:flutter/src/widgets/framework.dart:3056:18)
#764    AutomatedTestWidgetsFlutterBinding.drawFrame (package:flutter_test/src/binding.dart:1506:19)
#765    RendererBinding._handlePersistentFrameCallback (package:flutter/src/rendering/binding.dart:495:5)
#766    SchedulerBinding._invokeFrameCallback (package:flutter/src/scheduler/binding.dart:1434:15)
#767    SchedulerBinding.handleDrawFrame (package:flutter/src/scheduler/binding.dart:1347:9)
#768    AutomatedTestWidgetsFlutterBinding.pump.<anonymous closure> (package:flutter_test/src/binding.dart:1335:9)
#771    TestAsyncUtils.guard (package:flutter_test/src/test_async_utils.dart:74:41)
#772    AutomatedTestWidgetsFlutterBinding.pump (package:flutter_test/src/binding.dart:1324:27)
#773    WidgetTester.pumpWidget.<anonymous closure> (package:flutter_test/src/widget_tester.dart:598:22)
#776    TestAsyncUtils.guard (package:flutter_test/src/test_async_utils.dart:74:41)
#777    WidgetTester.pumpWidget (package:flutter_test/src/widget_tester.dart:595:27)
#778    main.<anonymous closure>.<anonymous closure> (file:///Volumes/ESD-USB/toolspace/test/tools/md_to_pdf/md_to_pdf_widget_test.dart:22:20)
#779    testWidgets.<anonymous closure>.<anonymous closure> (package:flutter_test/src/widget_tester.dart:192:29)
<asynchronous suspension>
#780    TestWidgetsFlutterBinding._runTestBody (package:flutter_test/src/binding.dart:1059:5)
<asynchronous suspension>
<asynchronous suspension>
(elided 5 frames from dart:async and package:stack_trace)

════════════════════════════════════════════════════════════════════════════════════════════════════
══╡ EXCEPTION CAUGHT BY FLUTTER TEST FRAMEWORK ╞════════════════════════════════════════════════════
The following TestFailure was thrown running a test:
Expected: exactly one matching candidate
  Actual: _TextWidgetFinder:<Found 0 widgets with text "Markdown Editor": []>
   Which: means none were found but one was expected

When the exception was thrown, this was the stack:
#4      main.<anonymous closure>.<anonymous closure> (file:///Volumes/ESD-USB/toolspace/test/tools/md_to_pdf/md_to_pdf_widget_test.dart:30:7)
<asynchronous suspension>
#5      testWidgets.<anonymous closure>.<anonymous closure> (package:flutter_test/src/widget_tester.dart:192:15)
<asynchronous suspension>
#6      TestWidgetsFlutterBinding._runTestBody (package:flutter_test/src/binding.dart:1059:5)
<asynchronous suspension>
<asynchronous suspension>
(elided one frame from package:stack_trace)

This was caught by the test expectation on the following line:
  file:///Volumes/ESD-USB/toolspace/test/tools/md_to_pdf/md_to_pdf_widget_test.dart line 30
The test description was:
  should show split pane on wide screen
════════════════════════════════════════════════════════════════════════════════════════════════════
══╡ EXCEPTION CAUGHT BY FLUTTER TEST FRAMEWORK ╞════════════════════════════════════════════════════
The following message was thrown:
Multiple exceptions (2) were detected during the running of the current test, and at least one was
unexpected.
════════════════════════════════════════════════════════════════════════════════════════════════════
03:06 +370 -26: /Volumes/ESD-USB/toolspace/test/tools/md_to_pdf/md_to_pdf_widget_test.dart: MdToPdfScreen Widget Tests should show split pane on wide screen [E]                                       
  Test failed. See exception logs above.
  The test description was: should show split pane on wide screen
  

To run this test again: /usr/local/share/flutter/bin/cache/dart-sdk/bin/dart test /Volumes/ESD-USB/toolspace/test/tools/md_to_pdf/md_to_pdf_widget_test.dart -p vm --plain-name 'MdToPdfScreen Widget Tests should show split pane on wide screen'
03:06 +370 -26: /Volumes/ESD-USB/toolspace/test/tools/md_to_pdf/md_to_pdf_widget_test.dart: MdToPdfScreen Widget Tests should show tabs on narrow screen                                               03:07 +370 -26: /Volumes/ESD-USB/toolspace/test/tools/md_to_pdf/md_to_pdf_widget_test.dart: MdToPdfScreen Widget Tests should show tabs on narrow screen                                               03:07 +370 -26: /Volumes/ESD-USB/toolspace/test/tools/md_to_pdf/md_to_pdf_widget_test.dart: MdToPdfScreen Widget Tests should show tabs on narrow screen                                               
══╡ EXCEPTION CAUGHT BY WIDGETS LIBRARY ╞═══════════════════════════════════════════════════════════
The following FirebaseException was thrown building Builder:
[core/no-app] No Firebase App '[DEFAULT]' has been created - call Firebase.initializeApp()

The relevant error-causing widget was:
  MaterialApp
  MaterialApp:file:///Volumes/ESD-USB/toolspace/test/tools/md_to_pdf/md_to_pdf_widget_test.dart:39:15

When the exception was thrown, this was the stack:
#0      MethodChannelFirebase.app (package:firebase_core_platform_interface/src/method_channel/method_channel_firebase.dart:192:5)
#1      Firebase.app (package:firebase_core/src/firebase.dart:79:41)
#2      FirebaseFunctions.instance (package:cloud_functions/src/firebase_functions.dart:37:21)
#3      new _MdToPdfScreenState (package:toolspace/tools/md_to_pdf/md_to_pdf_screen.dart:20:58)
#4      MdToPdfScreen.createState (package:toolspace/tools/md_to_pdf/md_to_pdf_screen.dart:15:41)
#5      new StatefulElement (package:flutter/src/widgets/framework.dart:5804:60)
#6      StatefulWidget.createElement (package:flutter/src/widgets/framework.dart:779:38)
...     Normal element mounting (228 frames)
#234    Element.inflateWidget (package:flutter/src/widgets/framework.dart:4548:16)
#235    MultiChildRenderObjectElement.inflateWidget (package:flutter/src/widgets/framework.dart:7169:36)
#236    MultiChildRenderObjectElement.mount (package:flutter/src/widgets/framework.dart:7185:32)
...     Normal element mounting (465 frames)
#701    Element.inflateWidget (package:flutter/src/widgets/framework.dart:4548:16)
#702    Element.updateChild (package:flutter/src/widgets/framework.dart:3998:20)
#703    ComponentElement.performRebuild (package:flutter/src/widgets/framework.dart:5747:16)
#704    Element.rebuild (package:flutter/src/widgets/framework.dart:5435:7)
#705    ProxyElement.update (package:flutter/src/widgets/framework.dart:6051:5)
#706    _InheritedNotifierElement.update (package:flutter/src/widgets/inherited_notifier.dart:108:11)
#707    Element.updateChild (package:flutter/src/widgets/framework.dart:3982:15)
#708    ComponentElement.performRebuild (package:flutter/src/widgets/framework.dart:5747:16)
#709    StatefulElement.performRebuild (package:flutter/src/widgets/framework.dart:5884:11)
#710    Element.rebuild (package:flutter/src/widgets/framework.dart:5435:7)
#711    StatefulElement.update (package:flutter/src/widgets/framework.dart:5909:5)
#712    Element.updateChild (package:flutter/src/widgets/framework.dart:3982:15)
#713    ComponentElement.performRebuild (package:flutter/src/widgets/framework.dart:5747:16)
#714    Element.rebuild (package:flutter/src/widgets/framework.dart:5435:7)
#715    ProxyElement.update (package:flutter/src/widgets/framework.dart:6051:5)
#716    _InheritedNotifierElement.update (package:flutter/src/widgets/inherited_notifier.dart:108:11)
#717    Element.updateChild (package:flutter/src/widgets/framework.dart:3982:15)
#718    ComponentElement.performRebuild (package:flutter/src/widgets/framework.dart:5747:16)
#719    StatefulElement.performRebuild (package:flutter/src/widgets/framework.dart:5884:11)
#720    Element.rebuild (package:flutter/src/widgets/framework.dart:5435:7)
#721    StatefulElement.update (package:flutter/src/widgets/framework.dart:5909:5)
#722    Element.updateChild (package:flutter/src/widgets/framework.dart:3982:15)
#723    ComponentElement.performRebuild (package:flutter/src/widgets/framework.dart:5747:16)
#724    StatefulElement.performRebuild (package:flutter/src/widgets/framework.dart:5884:11)
#725    Element.rebuild (package:flutter/src/widgets/framework.dart:5435:7)
#726    StatefulElement.update (package:flutter/src/widgets/framework.dart:5909:5)
#727    Element.updateChild (package:flutter/src/widgets/framework.dart:3982:15)
#728    ComponentElement.performRebuild (package:flutter/src/widgets/framework.dart:5747:16)
#729    Element.rebuild (package:flutter/src/widgets/framework.dart:5435:7)
#730    ProxyElement.update (package:flutter/src/widgets/framework.dart:6051:5)
#731    Element.updateChild (package:flutter/src/widgets/framework.dart:3982:15)
#732    ComponentElement.performRebuild (package:flutter/src/widgets/framework.dart:5747:16)
#733    StatefulElement.performRebuild (package:flutter/src/widgets/framework.dart:5884:11)
#734    Element.rebuild (package:flutter/src/widgets/framework.dart:5435:7)
#735    StatefulElement.update (package:flutter/src/widgets/framework.dart:5909:5)
#736    Element.updateChild (package:flutter/src/widgets/framework.dart:3982:15)
#737    ComponentElement.performRebuild (package:flutter/src/widgets/framework.dart:5747:16)
#738    Element.rebuild (package:flutter/src/widgets/framework.dart:5435:7)
#739    ProxyElement.update (package:flutter/src/widgets/framework.dart:6051:5)
#740    Element.updateChild (package:flutter/src/widgets/framework.dart:3982:15)
#741    ComponentElement.performRebuild (package:flutter/src/widgets/framework.dart:5747:16)
#742    Element.rebuild (package:flutter/src/widgets/framework.dart:5435:7)
#743    ProxyElement.update (package:flutter/src/widgets/framework.dart:6051:5)
#744    Element.updateChild (package:flutter/src/widgets/framework.dart:3982:15)
#745    _RawViewElement._updateChild (package:flutter/src/widgets/view.dart:481:16)
#746    _RawViewElement.update (package:flutter/src/widgets/view.dart:568:5)
#747    Element.updateChild (package:flutter/src/widgets/framework.dart:3982:15)
#748    ComponentElement.performRebuild (package:flutter/src/widgets/framework.dart:5747:16)
#749    Element.rebuild (package:flutter/src/widgets/framework.dart:5435:7)
#750    StatelessElement.update (package:flutter/src/widgets/framework.dart:5797:5)
#751    Element.updateChild (package:flutter/src/widgets/framework.dart:3982:15)
#752    ComponentElement.performRebuild (package:flutter/src/widgets/framework.dart:5747:16)
#753    StatefulElement.performRebuild (package:flutter/src/widgets/framework.dart:5884:11)
#754    Element.rebuild (package:flutter/src/widgets/framework.dart:5435:7)
#755    StatefulElement.update (package:flutter/src/widgets/framework.dart:5909:5)
#756    Element.updateChild (package:flutter/src/widgets/framework.dart:3982:15)
#757    RootElement._rebuild (package:flutter/src/widgets/binding.dart:1716:16)
#758    RootElement.update (package:flutter/src/widgets/binding.dart:1694:5)
#759    RootElement.performRebuild (package:flutter/src/widgets/binding.dart:1708:7)
#760    Element.rebuild (package:flutter/src/widgets/framework.dart:5435:7)
#761    BuildScope._tryRebuild (package:flutter/src/widgets/framework.dart:2695:15)
#762    BuildScope._flushDirtyElements (package:flutter/src/widgets/framework.dart:2752:11)
#763    BuildOwner.buildScope (package:flutter/src/widgets/framework.dart:3056:18)
#764    AutomatedTestWidgetsFlutterBinding.drawFrame (package:flutter_test/src/binding.dart:1506:19)
#765    RendererBinding._handlePersistentFrameCallback (package:flutter/src/rendering/binding.dart:495:5)
#766    SchedulerBinding._invokeFrameCallback (package:flutter/src/scheduler/binding.dart:1434:15)
#767    SchedulerBinding.handleDrawFrame (package:flutter/src/scheduler/binding.dart:1347:9)
#768    AutomatedTestWidgetsFlutterBinding.pump.<anonymous closure> (package:flutter_test/src/binding.dart:1335:9)
#771    TestAsyncUtils.guard (package:flutter_test/src/test_async_utils.dart:74:41)
#772    AutomatedTestWidgetsFlutterBinding.pump (package:flutter_test/src/binding.dart:1324:27)
#773    WidgetTester.pumpWidget.<anonymous closure> (package:flutter_test/src/widget_tester.dart:598:22)
#776    TestAsyncUtils.guard (package:flutter_test/src/test_async_utils.dart:74:41)
#777    WidgetTester.pumpWidget (package:flutter_test/src/widget_tester.dart:595:27)
#778    main.<anonymous closure>.<anonymous closure> (file:///Volumes/ESD-USB/toolspace/test/tools/md_to_pdf/md_to_pdf_widget_test.dart:38:20)
#779    testWidgets.<anonymous closure>.<anonymous closure> (package:flutter_test/src/widget_tester.dart:192:29)
<asynchronous suspension>
#780    TestWidgetsFlutterBinding._runTestBody (package:flutter_test/src/binding.dart:1059:5)
<asynchronous suspension>
<asynchronous suspension>
(elided 5 frames from dart:async and package:stack_trace)

════════════════════════════════════════════════════════════════════════════════════════════════════
══╡ EXCEPTION CAUGHT BY FLUTTER TEST FRAMEWORK ╞════════════════════════════════════════════════════
The following TestFailure was thrown running a test:
Expected: exactly one matching candidate
  Actual: _TextWidgetFinder:<Found 0 widgets with text "Edit": []>
   Which: means none were found but one was expected

When the exception was thrown, this was the stack:
#4      main.<anonymous closure>.<anonymous closure> (file:///Volumes/ESD-USB/toolspace/test/tools/md_to_pdf/md_to_pdf_widget_test.dart:46:7)
<asynchronous suspension>
#5      testWidgets.<anonymous closure>.<anonymous closure> (package:flutter_test/src/widget_tester.dart:192:15)
<asynchronous suspension>
#6      TestWidgetsFlutterBinding._runTestBody (package:flutter_test/src/binding.dart:1059:5)
<asynchronous suspension>
<asynchronous suspension>
(elided one frame from package:stack_trace)

This was caught by the test expectation on the following line:
  file:///Volumes/ESD-USB/toolspace/test/tools/md_to_pdf/md_to_pdf_widget_test.dart line 46
The test description was:
  should show tabs on narrow screen
════════════════════════════════════════════════════════════════════════════════════════════════════
══╡ EXCEPTION CAUGHT BY FLUTTER TEST FRAMEWORK ╞════════════════════════════════════════════════════
The following message was thrown:
Multiple exceptions (2) were detected during the running of the current test, and at least one was
unexpected.
════════════════════════════════════════════════════════════════════════════════════════════════════
03:07 +370 -27: /Volumes/ESD-USB/toolspace/test/tools/md_to_pdf/md_to_pdf_widget_test.dart: MdToPdfScreen Widget Tests should show tabs on narrow screen [E]                                           
  Test failed. See exception logs above.
  The test description was: should show tabs on narrow screen
  

To run this test again: /usr/local/share/flutter/bin/cache/dart-sdk/bin/dart test /Volumes/ESD-USB/toolspace/test/tools/md_to_pdf/md_to_pdf_widget_test.dart -p vm --plain-name 'MdToPdfScreen Widget Tests should show tabs on narrow screen'
03:07 +370 -27: /Volumes/ESD-USB/toolspace/test/tools/md_to_pdf/md_to_pdf_widget_test.dart: MdToPdfScreen Widget Tests should update preview when markdown changes                                     03:07 +370 -27: /Volumes/ESD-USB/toolspace/test/tools/md_to_pdf/md_to_pdf_widget_test.dart: MdToPdfScreen Widget Tests should update preview when markdown changes                                     
══╡ EXCEPTION CAUGHT BY WIDGETS LIBRARY ╞═══════════════════════════════════════════════════════════
The following FirebaseException was thrown building Builder:
[core/no-app] No Firebase App '[DEFAULT]' has been created - call Firebase.initializeApp()

The relevant error-causing widget was:
  MaterialApp
  MaterialApp:file:///Volumes/ESD-USB/toolspace/test/tools/md_to_pdf/md_to_pdf_widget_test.dart:52:15

When the exception was thrown, this was the stack:
#0      MethodChannelFirebase.app (package:firebase_core_platform_interface/src/method_channel/method_channel_firebase.dart:192:5)
#1      Firebase.app (package:firebase_core/src/firebase.dart:79:41)
#2      FirebaseFunctions.instance (package:cloud_functions/src/firebase_functions.dart:37:21)
#3      new _MdToPdfScreenState (package:toolspace/tools/md_to_pdf/md_to_pdf_screen.dart:20:58)
#4      MdToPdfScreen.createState (package:toolspace/tools/md_to_pdf/md_to_pdf_screen.dart:15:41)
#5      new StatefulElement (package:flutter/src/widgets/framework.dart:5804:60)
#6      StatefulWidget.createElement (package:flutter/src/widgets/framework.dart:779:38)
...     Normal element mounting (228 frames)
#234    Element.inflateWidget (package:flutter/src/widgets/framework.dart:4548:16)
#235    MultiChildRenderObjectElement.inflateWidget (package:flutter/src/widgets/framework.dart:7169:36)
#236    MultiChildRenderObjectElement.mount (package:flutter/src/widgets/framework.dart:7185:32)
...     Normal element mounting (465 frames)
#701    Element.inflateWidget (package:flutter/src/widgets/framework.dart:4548:16)
#702    Element.updateChild (package:flutter/src/widgets/framework.dart:3998:20)
#703    ComponentElement.performRebuild (package:flutter/src/widgets/framework.dart:5747:16)
#704    Element.rebuild (package:flutter/src/widgets/framework.dart:5435:7)
#705    ProxyElement.update (package:flutter/src/widgets/framework.dart:6051:5)
#706    _InheritedNotifierElement.update (package:flutter/src/widgets/inherited_notifier.dart:108:11)
#707    Element.updateChild (package:flutter/src/widgets/framework.dart:3982:15)
#708    ComponentElement.performRebuild (package:flutter/src/widgets/framework.dart:5747:16)
#709    StatefulElement.performRebuild (package:flutter/src/widgets/framework.dart:5884:11)
#710    Element.rebuild (package:flutter/src/widgets/framework.dart:5435:7)
#711    StatefulElement.update (package:flutter/src/widgets/framework.dart:5909:5)
#712    Element.updateChild (package:flutter/src/widgets/framework.dart:3982:15)
#713    ComponentElement.performRebuild (package:flutter/src/widgets/framework.dart:5747:16)
#714    Element.rebuild (package:flutter/src/widgets/framework.dart:5435:7)
#715    ProxyElement.update (package:flutter/src/widgets/framework.dart:6051:5)
#716    _InheritedNotifierElement.update (package:flutter/src/widgets/inherited_notifier.dart:108:11)
#717    Element.updateChild (package:flutter/src/widgets/framework.dart:3982:15)
#718    ComponentElement.performRebuild (package:flutter/src/widgets/framework.dart:5747:16)
#719    StatefulElement.performRebuild (package:flutter/src/widgets/framework.dart:5884:11)
#720    Element.rebuild (package:flutter/src/widgets/framework.dart:5435:7)
#721    StatefulElement.update (package:flutter/src/widgets/framework.dart:5909:5)
#722    Element.updateChild (package:flutter/src/widgets/framework.dart:3982:15)
#723    ComponentElement.performRebuild (package:flutter/src/widgets/framework.dart:5747:16)
#724    StatefulElement.performRebuild (package:flutter/src/widgets/framework.dart:5884:11)
#725    Element.rebuild (package:flutter/src/widgets/framework.dart:5435:7)
#726    StatefulElement.update (package:flutter/src/widgets/framework.dart:5909:5)
#727    Element.updateChild (package:flutter/src/widgets/framework.dart:3982:15)
#728    ComponentElement.performRebuild (package:flutter/src/widgets/framework.dart:5747:16)
#729    Element.rebuild (package:flutter/src/widgets/framework.dart:5435:7)
#730    ProxyElement.update (package:flutter/src/widgets/framework.dart:6051:5)
#731    Element.updateChild (package:flutter/src/widgets/framework.dart:3982:15)
#732    ComponentElement.performRebuild (package:flutter/src/widgets/framework.dart:5747:16)
#733    StatefulElement.performRebuild (package:flutter/src/widgets/framework.dart:5884:11)
#734    Element.rebuild (package:flutter/src/widgets/framework.dart:5435:7)
#735    StatefulElement.update (package:flutter/src/widgets/framework.dart:5909:5)
#736    Element.updateChild (package:flutter/src/widgets/framework.dart:3982:15)
#737    ComponentElement.performRebuild (package:flutter/src/widgets/framework.dart:5747:16)
#738    Element.rebuild (package:flutter/src/widgets/framework.dart:5435:7)
#739    ProxyElement.update (package:flutter/src/widgets/framework.dart:6051:5)
#740    Element.updateChild (package:flutter/src/widgets/framework.dart:3982:15)
#741    ComponentElement.performRebuild (package:flutter/src/widgets/framework.dart:5747:16)
#742    Element.rebuild (package:flutter/src/widgets/framework.dart:5435:7)
#743    ProxyElement.update (package:flutter/src/widgets/framework.dart:6051:5)
#744    Element.updateChild (package:flutter/src/widgets/framework.dart:3982:15)
#745    _RawViewElement._updateChild (package:flutter/src/widgets/view.dart:481:16)
#746    _RawViewElement.update (package:flutter/src/widgets/view.dart:568:5)
#747    Element.updateChild (package:flutter/src/widgets/framework.dart:3982:15)
#748    ComponentElement.performRebuild (package:flutter/src/widgets/framework.dart:5747:16)
#749    Element.rebuild (package:flutter/src/widgets/framework.dart:5435:7)
#750    StatelessElement.update (package:flutter/src/widgets/framework.dart:5797:5)
#751    Element.updateChild (package:flutter/src/widgets/framework.dart:3982:15)
#752    ComponentElement.performRebuild (package:flutter/src/widgets/framework.dart:5747:16)
#753    StatefulElement.performRebuild (package:flutter/src/widgets/framework.dart:5884:11)
#754    Element.rebuild (package:flutter/src/widgets/framework.dart:5435:7)
#755    StatefulElement.update (package:flutter/src/widgets/framework.dart:5909:5)
#756    Element.updateChild (package:flutter/src/widgets/framework.dart:3982:15)
#757    RootElement._rebuild (package:flutter/src/widgets/binding.dart:1716:16)
#758    RootElement.update (package:flutter/src/widgets/binding.dart:1694:5)
#759    RootElement.performRebuild (package:flutter/src/widgets/binding.dart:1708:7)
#760    Element.rebuild (package:flutter/src/widgets/framework.dart:5435:7)
#761    BuildScope._tryRebuild (package:flutter/src/widgets/framework.dart:2695:15)
#762    BuildScope._flushDirtyElements (package:flutter/src/widgets/framework.dart:2752:11)
#763    BuildOwner.buildScope (package:flutter/src/widgets/framework.dart:3056:18)
#764    AutomatedTestWidgetsFlutterBinding.drawFrame (package:flutter_test/src/binding.dart:1506:19)
#765    RendererBinding._handlePersistentFrameCallback (package:flutter/src/rendering/binding.dart:495:5)
#766    SchedulerBinding._invokeFrameCallback (package:flutter/src/scheduler/binding.dart:1434:15)
#767    SchedulerBinding.handleDrawFrame (package:flutter/src/scheduler/binding.dart:1347:9)
#768    AutomatedTestWidgetsFlutterBinding.pump.<anonymous closure> (package:flutter_test/src/binding.dart:1335:9)
#771    TestAsyncUtils.guard (package:flutter_test/src/test_async_utils.dart:74:41)
#772    AutomatedTestWidgetsFlutterBinding.pump (package:flutter_test/src/binding.dart:1324:27)
#773    WidgetTester.pumpWidget.<anonymous closure> (package:flutter_test/src/widget_tester.dart:598:22)
#776    TestAsyncUtils.guard (package:flutter_test/src/test_async_utils.dart:74:41)
#777    WidgetTester.pumpWidget (package:flutter_test/src/widget_tester.dart:595:27)
#778    main.<anonymous closure>.<anonymous closure> (file:///Volumes/ESD-USB/toolspace/test/tools/md_to_pdf/md_to_pdf_widget_test.dart:51:20)
#779    testWidgets.<anonymous closure>.<anonymous closure> (package:flutter_test/src/widget_tester.dart:192:29)
<asynchronous suspension>
#780    TestWidgetsFlutterBinding._runTestBody (package:flutter_test/src/binding.dart:1059:5)
<asynchronous suspension>
<asynchronous suspension>
(elided 5 frames from dart:async and package:stack_trace)

════════════════════════════════════════════════════════════════════════════════════════════════════
══╡ EXCEPTION CAUGHT BY FLUTTER TEST FRAMEWORK ╞════════════════════════════════════════════════════
The following TestFailure was thrown running a test:
Expected: exactly one matching candidate
  Actual: _TypeWidgetFinder:<Found 0 widgets with type "TextField": []>
   Which: means none were found but one was expected

When the exception was thrown, this was the stack:
#4      main.<anonymous closure>.<anonymous closure> (file:///Volumes/ESD-USB/toolspace/test/tools/md_to_pdf/md_to_pdf_widget_test.dart:61:7)
<asynchronous suspension>
#5      testWidgets.<anonymous closure>.<anonymous closure> (package:flutter_test/src/widget_tester.dart:192:15)
<asynchronous suspension>
#6      TestWidgetsFlutterBinding._runTestBody (package:flutter_test/src/binding.dart:1059:5)
<asynchronous suspension>
<asynchronous suspension>
(elided one frame from package:stack_trace)

This was caught by the test expectation on the following line:
  file:///Volumes/ESD-USB/toolspace/test/tools/md_to_pdf/md_to_pdf_widget_test.dart line 61
The test description was:
  should update preview when markdown changes
════════════════════════════════════════════════════════════════════════════════════════════════════
══╡ EXCEPTION CAUGHT BY FLUTTER TEST FRAMEWORK ╞════════════════════════════════════════════════════
The following message was thrown:
Multiple exceptions (2) were detected during the running of the current test, and at least one was
unexpected.
════════════════════════════════════════════════════════════════════════════════════════════════════
03:07 +370 -28: /Volumes/ESD-USB/toolspace/test/tools/md_to_pdf/md_to_pdf_widget_test.dart: MdToPdfScreen Widget Tests should update preview when markdown changes [E]                                 
  Test failed. See exception logs above.
  The test description was: should update preview when markdown changes
  

To run this test again: /usr/local/share/flutter/bin/cache/dart-sdk/bin/dart test /Volumes/ESD-USB/toolspace/test/tools/md_to_pdf/md_to_pdf_widget_test.dart -p vm --plain-name 'MdToPdfScreen Widget Tests should update preview when markdown changes'
03:07 +370 -28: /Volumes/ESD-USB/toolspace/test/tools/md_to_pdf/md_to_pdf_widget_test.dart: MdToPdfScreen Widget Tests should show export button                                                       03:07 +370 -28: /Volumes/ESD-USB/toolspace/test/tools/md_to_pdf/md_to_pdf_widget_test.dart: MdToPdfScreen Widget Tests should show export button                                                       
══╡ EXCEPTION CAUGHT BY WIDGETS LIBRARY ╞═══════════════════════════════════════════════════════════
The following FirebaseException was thrown building Builder:
[core/no-app] No Firebase App '[DEFAULT]' has been created - call Firebase.initializeApp()

The relevant error-causing widget was:
  MaterialApp
  MaterialApp:file:///Volumes/ESD-USB/toolspace/test/tools/md_to_pdf/md_to_pdf_widget_test.dart:73:15

When the exception was thrown, this was the stack:
#0      MethodChannelFirebase.app (package:firebase_core_platform_interface/src/method_channel/method_channel_firebase.dart:192:5)
#1      Firebase.app (package:firebase_core/src/firebase.dart:79:41)
#2      FirebaseFunctions.instance (package:cloud_functions/src/firebase_functions.dart:37:21)
#3      new _MdToPdfScreenState (package:toolspace/tools/md_to_pdf/md_to_pdf_screen.dart:20:58)
#4      MdToPdfScreen.createState (package:toolspace/tools/md_to_pdf/md_to_pdf_screen.dart:15:41)
#5      new StatefulElement (package:flutter/src/widgets/framework.dart:5804:60)
#6      StatefulWidget.createElement (package:flutter/src/widgets/framework.dart:779:38)
...     Normal element mounting (228 frames)
#234    Element.inflateWidget (package:flutter/src/widgets/framework.dart:4548:16)
#235    MultiChildRenderObjectElement.inflateWidget (package:flutter/src/widgets/framework.dart:7169:36)
#236    MultiChildRenderObjectElement.mount (package:flutter/src/widgets/framework.dart:7185:32)
...     Normal element mounting (465 frames)
#701    Element.inflateWidget (package:flutter/src/widgets/framework.dart:4548:16)
#702    Element.updateChild (package:flutter/src/widgets/framework.dart:3998:20)
#703    ComponentElement.performRebuild (package:flutter/src/widgets/framework.dart:5747:16)
#704    Element.rebuild (package:flutter/src/widgets/framework.dart:5435:7)
#705    ProxyElement.update (package:flutter/src/widgets/framework.dart:6051:5)
#706    _InheritedNotifierElement.update (package:flutter/src/widgets/inherited_notifier.dart:108:11)
#707    Element.updateChild (package:flutter/src/widgets/framework.dart:3982:15)
#708    ComponentElement.performRebuild (package:flutter/src/widgets/framework.dart:5747:16)
#709    StatefulElement.performRebuild (package:flutter/src/widgets/framework.dart:5884:11)
#710    Element.rebuild (package:flutter/src/widgets/framework.dart:5435:7)
#711    StatefulElement.update (package:flutter/src/widgets/framework.dart:5909:5)
#712    Element.updateChild (package:flutter/src/widgets/framework.dart:3982:15)
#713    ComponentElement.performRebuild (package:flutter/src/widgets/framework.dart:5747:16)
#714    Element.rebuild (package:flutter/src/widgets/framework.dart:5435:7)
#715    ProxyElement.update (package:flutter/src/widgets/framework.dart:6051:5)
#716    _InheritedNotifierElement.update (package:flutter/src/widgets/inherited_notifier.dart:108:11)
#717    Element.updateChild (package:flutter/src/widgets/framework.dart:3982:15)
#718    ComponentElement.performRebuild (package:flutter/src/widgets/framework.dart:5747:16)
#719    StatefulElement.performRebuild (package:flutter/src/widgets/framework.dart:5884:11)
#720    Element.rebuild (package:flutter/src/widgets/framework.dart:5435:7)
#721    StatefulElement.update (package:flutter/src/widgets/framework.dart:5909:5)
#722    Element.updateChild (package:flutter/src/widgets/framework.dart:3982:15)
#723    ComponentElement.performRebuild (package:flutter/src/widgets/framework.dart:5747:16)
#724    StatefulElement.performRebuild (package:flutter/src/widgets/framework.dart:5884:11)
#725    Element.rebuild (package:flutter/src/widgets/framework.dart:5435:7)
#726    StatefulElement.update (package:flutter/src/widgets/framework.dart:5909:5)
#727    Element.updateChild (package:flutter/src/widgets/framework.dart:3982:15)
#728    ComponentElement.performRebuild (package:flutter/src/widgets/framework.dart:5747:16)
#729    Element.rebuild (package:flutter/src/widgets/framework.dart:5435:7)
#730    ProxyElement.update (package:flutter/src/widgets/framework.dart:6051:5)
#731    Element.updateChild (package:flutter/src/widgets/framework.dart:3982:15)
#732    ComponentElement.performRebuild (package:flutter/src/widgets/framework.dart:5747:16)
#733    StatefulElement.performRebuild (package:flutter/src/widgets/framework.dart:5884:11)
#734    Element.rebuild (package:flutter/src/widgets/framework.dart:5435:7)
#735    StatefulElement.update (package:flutter/src/widgets/framework.dart:5909:5)
#736    Element.updateChild (package:flutter/src/widgets/framework.dart:3982:15)
#737    ComponentElement.performRebuild (package:flutter/src/widgets/framework.dart:5747:16)
#738    Element.rebuild (package:flutter/src/widgets/framework.dart:5435:7)
#739    ProxyElement.update (package:flutter/src/widgets/framework.dart:6051:5)
#740    Element.updateChild (package:flutter/src/widgets/framework.dart:3982:15)
#741    ComponentElement.performRebuild (package:flutter/src/widgets/framework.dart:5747:16)
#742    Element.rebuild (package:flutter/src/widgets/framework.dart:5435:7)
#743    ProxyElement.update (package:flutter/src/widgets/framework.dart:6051:5)
#744    Element.updateChild (package:flutter/src/widgets/framework.dart:3982:15)
#745    _RawViewElement._updateChild (package:flutter/src/widgets/view.dart:481:16)
#746    _RawViewElement.update (package:flutter/src/widgets/view.dart:568:5)
#747    Element.updateChild (package:flutter/src/widgets/framework.dart:3982:15)
#748    ComponentElement.performRebuild (package:flutter/src/widgets/framework.dart:5747:16)
#749    Element.rebuild (package:flutter/src/widgets/framework.dart:5435:7)
#750    StatelessElement.update (package:flutter/src/widgets/framework.dart:5797:5)
#751    Element.updateChild (package:flutter/src/widgets/framework.dart:3982:15)
#752    ComponentElement.performRebuild (package:flutter/src/widgets/framework.dart:5747:16)
#753    StatefulElement.performRebuild (package:flutter/src/widgets/framework.dart:5884:11)
#754    Element.rebuild (package:flutter/src/widgets/framework.dart:5435:7)
#755    StatefulElement.update (package:flutter/src/widgets/framework.dart:5909:5)
#756    Element.updateChild (package:flutter/src/widgets/framework.dart:3982:15)
#757    RootElement._rebuild (package:flutter/src/widgets/binding.dart:1716:16)
#758    RootElement.update (package:flutter/src/widgets/binding.dart:1694:5)
#759    RootElement.performRebuild (package:flutter/src/widgets/binding.dart:1708:7)
#760    Element.rebuild (package:flutter/src/widgets/framework.dart:5435:7)
#761    BuildScope._tryRebuild (package:flutter/src/widgets/framework.dart:2695:15)
#762    BuildScope._flushDirtyElements (package:flutter/src/widgets/framework.dart:2752:11)
#763    BuildOwner.buildScope (package:flutter/src/widgets/framework.dart:3056:18)
#764    AutomatedTestWidgetsFlutterBinding.drawFrame (package:flutter_test/src/binding.dart:1506:19)
#765    RendererBinding._handlePersistentFrameCallback (package:flutter/src/rendering/binding.dart:495:5)
#766    SchedulerBinding._invokeFrameCallback (package:flutter/src/scheduler/binding.dart:1434:15)
#767    SchedulerBinding.handleDrawFrame (package:flutter/src/scheduler/binding.dart:1347:9)
#768    AutomatedTestWidgetsFlutterBinding.pump.<anonymous closure> (package:flutter_test/src/binding.dart:1335:9)
#771    TestAsyncUtils.guard (package:flutter_test/src/test_async_utils.dart:74:41)
#772    AutomatedTestWidgetsFlutterBinding.pump (package:flutter_test/src/binding.dart:1324:27)
#773    WidgetTester.pumpWidget.<anonymous closure> (package:flutter_test/src/widget_tester.dart:598:22)
#776    TestAsyncUtils.guard (package:flutter_test/src/test_async_utils.dart:74:41)
#777    WidgetTester.pumpWidget (package:flutter_test/src/widget_tester.dart:595:27)
#778    main.<anonymous closure>.<anonymous closure> (file:///Volumes/ESD-USB/toolspace/test/tools/md_to_pdf/md_to_pdf_widget_test.dart:72:20)
#779    testWidgets.<anonymous closure>.<anonymous closure> (package:flutter_test/src/widget_tester.dart:192:29)
<asynchronous suspension>
#780    TestWidgetsFlutterBinding._runTestBody (package:flutter_test/src/binding.dart:1059:5)
<asynchronous suspension>
<asynchronous suspension>
(elided 5 frames from dart:async and package:stack_trace)

════════════════════════════════════════════════════════════════════════════════════════════════════
══╡ EXCEPTION CAUGHT BY FLUTTER TEST FRAMEWORK ╞════════════════════════════════════════════════════
The following TestFailure was thrown running a test:
Expected: exactly one matching candidate
  Actual: _AncestorWidgetFinder:<Found 0 widgets with type "FilledButton" that are ancestors of
widgets with text "Export to PDF": []>
   Which: means none were found but one was expected

When the exception was thrown, this was the stack:
#4      main.<anonymous closure>.<anonymous closure> (file:///Volumes/ESD-USB/toolspace/test/tools/md_to_pdf/md_to_pdf_widget_test.dart:80:7)
<asynchronous suspension>
#5      testWidgets.<anonymous closure>.<anonymous closure> (package:flutter_test/src/widget_tester.dart:192:15)
<asynchronous suspension>
#6      TestWidgetsFlutterBinding._runTestBody (package:flutter_test/src/binding.dart:1059:5)
<asynchronous suspension>
<asynchronous suspension>
(elided one frame from package:stack_trace)

This was caught by the test expectation on the following line:
  file:///Volumes/ESD-USB/toolspace/test/tools/md_to_pdf/md_to_pdf_widget_test.dart line 80
The test description was:
  should show export button
════════════════════════════════════════════════════════════════════════════════════════════════════
══╡ EXCEPTION CAUGHT BY FLUTTER TEST FRAMEWORK ╞════════════════════════════════════════════════════
The following message was thrown:
Multiple exceptions (2) were detected during the running of the current test, and at least one was
unexpected.
════════════════════════════════════════════════════════════════════════════════════════════════════
03:07 +370 -29: /Volumes/ESD-USB/toolspace/test/tools/md_to_pdf/md_to_pdf_widget_test.dart: MdToPdfScreen Widget Tests should show export button [E]                                                   
  Test failed. See exception logs above.
  The test description was: should show export button
  

To run this test again: /usr/local/share/flutter/bin/cache/dart-sdk/bin/dart test /Volumes/ESD-USB/toolspace/test/tools/md_to_pdf/md_to_pdf_widget_test.dart -p vm --plain-name 'MdToPdfScreen Widget Tests should show export button'
03:07 +370 -29: /Volumes/ESD-USB/toolspace/test/tools/md_to_pdf/md_to_pdf_widget_test.dart: MdToPdfScreen Widget Tests should show progress indicator when exporting                                   03:07 +370 -29: /Volumes/ESD-USB/toolspace/test/tools/md_to_pdf/md_to_pdf_widget_test.dart: MdToPdfScreen Widget Tests should show progress indicator when exporting                                   
══╡ EXCEPTION CAUGHT BY WIDGETS LIBRARY ╞═══════════════════════════════════════════════════════════
The following FirebaseException was thrown building Builder:
[core/no-app] No Firebase App '[DEFAULT]' has been created - call Firebase.initializeApp()

The relevant error-causing widget was:
  MaterialApp
  MaterialApp:file:///Volumes/ESD-USB/toolspace/test/tools/md_to_pdf/md_to_pdf_widget_test.dart:85:15

When the exception was thrown, this was the stack:
#0      MethodChannelFirebase.app (package:firebase_core_platform_interface/src/method_channel/method_channel_firebase.dart:192:5)
#1      Firebase.app (package:firebase_core/src/firebase.dart:79:41)
#2      FirebaseFunctions.instance (package:cloud_functions/src/firebase_functions.dart:37:21)
#3      new _MdToPdfScreenState (package:toolspace/tools/md_to_pdf/md_to_pdf_screen.dart:20:58)
#4      MdToPdfScreen.createState (package:toolspace/tools/md_to_pdf/md_to_pdf_screen.dart:15:41)
#5      new StatefulElement (package:flutter/src/widgets/framework.dart:5804:60)
#6      StatefulWidget.createElement (package:flutter/src/widgets/framework.dart:779:38)
...     Normal element mounting (228 frames)
#234    Element.inflateWidget (package:flutter/src/widgets/framework.dart:4548:16)
#235    MultiChildRenderObjectElement.inflateWidget (package:flutter/src/widgets/framework.dart:7169:36)
#236    MultiChildRenderObjectElement.mount (package:flutter/src/widgets/framework.dart:7185:32)
...     Normal element mounting (465 frames)
#701    Element.inflateWidget (package:flutter/src/widgets/framework.dart:4548:16)
#702    Element.updateChild (package:flutter/src/widgets/framework.dart:3998:20)
#703    ComponentElement.performRebuild (package:flutter/src/widgets/framework.dart:5747:16)
#704    Element.rebuild (package:flutter/src/widgets/framework.dart:5435:7)
#705    ProxyElement.update (package:flutter/src/widgets/framework.dart:6051:5)
#706    _InheritedNotifierElement.update (package:flutter/src/widgets/inherited_notifier.dart:108:11)
#707    Element.updateChild (package:flutter/src/widgets/framework.dart:3982:15)
#708    ComponentElement.performRebuild (package:flutter/src/widgets/framework.dart:5747:16)
#709    StatefulElement.performRebuild (package:flutter/src/widgets/framework.dart:5884:11)
#710    Element.rebuild (package:flutter/src/widgets/framework.dart:5435:7)
#711    StatefulElement.update (package:flutter/src/widgets/framework.dart:5909:5)
#712    Element.updateChild (package:flutter/src/widgets/framework.dart:3982:15)
#713    ComponentElement.performRebuild (package:flutter/src/widgets/framework.dart:5747:16)
#714    Element.rebuild (package:flutter/src/widgets/framework.dart:5435:7)
#715    ProxyElement.update (package:flutter/src/widgets/framework.dart:6051:5)
#716    _InheritedNotifierElement.update (package:flutter/src/widgets/inherited_notifier.dart:108:11)
#717    Element.updateChild (package:flutter/src/widgets/framework.dart:3982:15)
#718    ComponentElement.performRebuild (package:flutter/src/widgets/framework.dart:5747:16)
#719    StatefulElement.performRebuild (package:flutter/src/widgets/framework.dart:5884:11)
#720    Element.rebuild (package:flutter/src/widgets/framework.dart:5435:7)
#721    StatefulElement.update (package:flutter/src/widgets/framework.dart:5909:5)
#722    Element.updateChild (package:flutter/src/widgets/framework.dart:3982:15)
#723    ComponentElement.performRebuild (package:flutter/src/widgets/framework.dart:5747:16)
#724    StatefulElement.performRebuild (package:flutter/src/widgets/framework.dart:5884:11)
#725    Element.rebuild (package:flutter/src/widgets/framework.dart:5435:7)
#726    StatefulElement.update (package:flutter/src/widgets/framework.dart:5909:5)
#727    Element.updateChild (package:flutter/src/widgets/framework.dart:3982:15)
#728    ComponentElement.performRebuild (package:flutter/src/widgets/framework.dart:5747:16)
#729    Element.rebuild (package:flutter/src/widgets/framework.dart:5435:7)
#730    ProxyElement.update (package:flutter/src/widgets/framework.dart:6051:5)
#731    Element.updateChild (package:flutter/src/widgets/framework.dart:3982:15)
#732    ComponentElement.performRebuild (package:flutter/src/widgets/framework.dart:5747:16)
#733    StatefulElement.performRebuild (package:flutter/src/widgets/framework.dart:5884:11)
#734    Element.rebuild (package:flutter/src/widgets/framework.dart:5435:7)
#735    StatefulElement.update (package:flutter/src/widgets/framework.dart:5909:5)
#736    Element.updateChild (package:flutter/src/widgets/framework.dart:3982:15)
#737    ComponentElement.performRebuild (package:flutter/src/widgets/framework.dart:5747:16)
#738    Element.rebuild (package:flutter/src/widgets/framework.dart:5435:7)
#739    ProxyElement.update (package:flutter/src/widgets/framework.dart:6051:5)
#740    Element.updateChild (package:flutter/src/widgets/framework.dart:3982:15)
#741    ComponentElement.performRebuild (package:flutter/src/widgets/framework.dart:5747:16)
#742    Element.rebuild (package:flutter/src/widgets/framework.dart:5435:7)
#743    ProxyElement.update (package:flutter/src/widgets/framework.dart:6051:5)
#744    Element.updateChild (package:flutter/src/widgets/framework.dart:3982:15)
#745    _RawViewElement._updateChild (package:flutter/src/widgets/view.dart:481:16)
#746    _RawViewElement.update (package:flutter/src/widgets/view.dart:568:5)
#747    Element.updateChild (package:flutter/src/widgets/framework.dart:3982:15)
#748    ComponentElement.performRebuild (package:flutter/src/widgets/framework.dart:5747:16)
#749    Element.rebuild (package:flutter/src/widgets/framework.dart:5435:7)
#750    StatelessElement.update (package:flutter/src/widgets/framework.dart:5797:5)
#751    Element.updateChild (package:flutter/src/widgets/framework.dart:3982:15)
#752    ComponentElement.performRebuild (package:flutter/src/widgets/framework.dart:5747:16)
#753    StatefulElement.performRebuild (package:flutter/src/widgets/framework.dart:5884:11)
#754    Element.rebuild (package:flutter/src/widgets/framework.dart:5435:7)
#755    StatefulElement.update (package:flutter/src/widgets/framework.dart:5909:5)
#756    Element.updateChild (package:flutter/src/widgets/framework.dart:3982:15)
#757    RootElement._rebuild (package:flutter/src/widgets/binding.dart:1716:16)
#758    RootElement.update (package:flutter/src/widgets/binding.dart:1694:5)
#759    RootElement.performRebuild (package:flutter/src/widgets/binding.dart:1708:7)
#760    Element.rebuild (package:flutter/src/widgets/framework.dart:5435:7)
#761    BuildScope._tryRebuild (package:flutter/src/widgets/framework.dart:2695:15)
#762    BuildScope._flushDirtyElements (package:flutter/src/widgets/framework.dart:2752:11)
#763    BuildOwner.buildScope (package:flutter/src/widgets/framework.dart:3056:18)
#764    AutomatedTestWidgetsFlutterBinding.drawFrame (package:flutter_test/src/binding.dart:1506:19)
#765    RendererBinding._handlePersistentFrameCallback (package:flutter/src/rendering/binding.dart:495:5)
#766    SchedulerBinding._invokeFrameCallback (package:flutter/src/scheduler/binding.dart:1434:15)
#767    SchedulerBinding.handleDrawFrame (package:flutter/src/scheduler/binding.dart:1347:9)
#768    AutomatedTestWidgetsFlutterBinding.pump.<anonymous closure> (package:flutter_test/src/binding.dart:1335:9)
#771    TestAsyncUtils.guard (package:flutter_test/src/test_async_utils.dart:74:41)
#772    AutomatedTestWidgetsFlutterBinding.pump (package:flutter_test/src/binding.dart:1324:27)
#773    WidgetTester.pumpWidget.<anonymous closure> (package:flutter_test/src/widget_tester.dart:598:22)
#776    TestAsyncUtils.guard (package:flutter_test/src/test_async_utils.dart:74:41)
#777    WidgetTester.pumpWidget (package:flutter_test/src/widget_tester.dart:595:27)
#778    main.<anonymous closure>.<anonymous closure> (file:///Volumes/ESD-USB/toolspace/test/tools/md_to_pdf/md_to_pdf_widget_test.dart:84:20)
#779    testWidgets.<anonymous closure>.<anonymous closure> (package:flutter_test/src/widget_tester.dart:192:29)
<asynchronous suspension>
#780    TestWidgetsFlutterBinding._runTestBody (package:flutter_test/src/binding.dart:1059:5)
<asynchronous suspension>
<asynchronous suspension>
(elided 5 frames from dart:async and package:stack_trace)

════════════════════════════════════════════════════════════════════════════════════════════════════
03:07 +370 -30: /Volumes/ESD-USB/toolspace/test/tools/md_to_pdf/md_to_pdf_widget_test.dart: MdToPdfScreen Widget Tests should show progress indicator when exporting [E]                               
  Test failed. See exception logs above.
  The test description was: should show progress indicator when exporting
  

To run this test again: /usr/local/share/flutter/bin/cache/dart-sdk/bin/dart test /Volumes/ESD-USB/toolspace/test/tools/md_to_pdf/md_to_pdf_widget_test.dart -p vm --plain-name 'MdToPdfScreen Widget Tests should show progress indicator when exporting'
03:22 +370 -30: loading /Volumes/ESD-USB/toolspace/test/tools/palette_extractor/color_utils_test.dart                                                                                                  03:22 +370 -30: /Volumes/ESD-USB/toolspace/test/tools/palette_extractor/color_utils_test.dart: ColorUtils Tests converts Color to hex string correctly                                                 03:22 +371 -30: /Volumes/ESD-USB/toolspace/test/tools/palette_extractor/color_utils_test.dart: ColorUtils Tests converts Color to hex string correctly                                                 03:22 +371 -30: /Volumes/ESD-USB/toolspace/test/tools/palette_extractor/color_utils_test.dart: ColorUtils Tests converts Color to RGB string correctly                                                 03:22 +372 -30: /Volumes/ESD-USB/toolspace/test/tools/palette_extractor/color_utils_test.dart: ColorUtils Tests converts Color to RGB string correctly                                                 03:22 +372 -30: /Volumes/ESD-USB/toolspace/test/tools/palette_extractor/color_utils_test.dart: ColorUtils Tests converts hex string to Color correctly                                                 03:22 +373 -30: /Volumes/ESD-USB/toolspace/test/tools/palette_extractor/color_utils_test.dart: ColorUtils Tests converts hex string to Color correctly                                                 03:22 +373 -30: /Volumes/ESD-USB/toolspace/test/tools/palette_extractor/color_utils_test.dart: ColorUtils Tests converts hex string without # to Color correctly                                       03:22 +374 -30: /Volumes/ESD-USB/toolspace/test/tools/palette_extractor/color_utils_test.dart: ColorUtils Tests converts hex string without # to Color correctly                                       03:22 +374 -30: /Volumes/ESD-USB/toolspace/test/tools/palette_extractor/color_utils_test.dart: ColorUtils Tests calculates color distance correctly                                                    03:22 +375 -30: /Volumes/ESD-USB/toolspace/test/tools/palette_extractor/color_utils_test.dart: ColorUtils Tests calculates color distance correctly                                                    03:22 +375 -30: /Volumes/ESD-USB/toolspace/test/tools/palette_extractor/color_utils_test.dart: ColorUtils Tests calculates color distance for same color as zero                                       03:22 +376 -30: /Volumes/ESD-USB/toolspace/test/tools/palette_extractor/color_utils_test.dart: ColorUtils Tests calculates color distance for same color as zero                                       03:22 +376 -30: /Volumes/ESD-USB/toolspace/test/tools/palette_extractor/color_utils_test.dart: ColorUtils Tests calculates brightness correctly for white                                              03:22 +377 -30: /Volumes/ESD-USB/toolspace/test/tools/palette_extractor/color_utils_test.dart: ColorUtils Tests calculates brightness correctly for white                                              03:22 +377 -30: /Volumes/ESD-USB/toolspace/test/tools/palette_extractor/color_utils_test.dart: ColorUtils Tests calculates brightness correctly for black                                              03:22 +378 -30: /Volumes/ESD-USB/toolspace/test/tools/palette_extractor/color_utils_test.dart: ColorUtils Tests calculates brightness correctly for black                                              03:22 +378 -30: /Volumes/ESD-USB/toolspace/test/tools/palette_extractor/color_utils_test.dart: ColorUtils Tests identifies light colors correctly                                                      03:22 +379 -30: /Volumes/ESD-USB/toolspace/test/tools/palette_extractor/color_utils_test.dart: ColorUtils Tests identifies light colors correctly                                                      03:22 +379 -30: /Volumes/ESD-USB/toolspace/test/tools/palette_extractor/color_utils_test.dart: ColorUtils Tests gets correct contrast color for light background                                       03:22 +380 -30: /Volumes/ESD-USB/toolspace/test/tools/palette_extractor/color_utils_test.dart: ColorUtils Tests gets correct contrast color for light background                                       03:22 +380 -30: /Volumes/ESD-USB/toolspace/test/tools/palette_extractor/color_utils_test.dart: ColorUtils Tests gets correct contrast color for dark background                                        03:22 +381 -30: /Volumes/ESD-USB/toolspace/test/tools/palette_extractor/color_utils_test.dart: ColorUtils Tests gets correct contrast color for dark background                                        03:22 +381 -30: /Volumes/ESD-USB/toolspace/test/tools/palette_extractor/color_utils_test.dart: ColorUtils Tests mixes two colors correctly                                                             03:22 +382 -30: /Volumes/ESD-USB/toolspace/test/tools/palette_extractor/color_utils_test.dart: ColorUtils Tests mixes two colors correctly                                                             03:22 +382 -30: /Volumes/ESD-USB/toolspace/test/tools/palette_extractor/color_utils_test.dart: ColorUtils Tests mixes colors with weight 0 returns first color                                         03:22 +383 -30: /Volumes/ESD-USB/toolspace/test/tools/palette_extractor/color_utils_test.dart: ColorUtils Tests mixes colors with weight 0 returns first color                                         03:22 +383 -30: /Volumes/ESD-USB/toolspace/test/tools/palette_extractor/color_utils_test.dart: ColorUtils Tests mixes colors with weight 1 returns second color                                        03:22 +384 -30: /Volumes/ESD-USB/toolspace/test/tools/palette_extractor/color_utils_test.dart: ColorUtils Tests mixes colors with weight 1 returns second color                                        03:23 +384 -30: /Volumes/ESD-USB/toolspace/test/tools/palette_extractor/color_utils_test.dart: ColorUtils Tests mixes colors with weight 1 returns second color                                        03:24 +384 -30: /Volumes/ESD-USB/toolspace/test/tools/palette_extractor/color_utils_test.dart: ColorUtils Tests mixes colors with weight 1 returns second color                                        03:25 +384 -30: /Volumes/ESD-USB/toolspace/test/tools/palette_extractor/color_utils_test.dart: ColorUtils Tests mixes colors with weight 1 returns second color                                        03:26 +384 -30: /Volumes/ESD-USB/toolspace/test/tools/palette_extractor/color_utils_test.dart: ColorUtils Tests mixes colors with weight 1 returns second color                                        03:27 +384 -30: /Volumes/ESD-USB/toolspace/test/tools/palette_extractor/color_utils_test.dart: ColorUtils Tests mixes colors with weight 1 returns second color                                        03:28 +384 -30: /Volumes/ESD-USB/toolspace/test/tools/palette_extractor/color_utils_test.dart: ColorUtils Tests mixes colors with weight 1 returns second color                                        03:29 +384 -30: /Volumes/ESD-USB/toolspace/test/tools/palette_extractor/color_utils_test.dart: ColorUtils Tests mixes colors with weight 1 returns second color                                        03:30 +384 -30: /Volumes/ESD-USB/toolspace/test/tools/palette_extractor/color_utils_test.dart: ColorUtils Tests mixes colors with weight 1 returns second color                                        03:31 +384 -30: /Volumes/ESD-USB/toolspace/test/tools/palette_extractor/color_utils_test.dart: ColorUtils Tests mixes colors with weight 1 returns second color                                        03:32 +384 -30: /Volumes/ESD-USB/toolspace/test/tools/palette_extractor/color_utils_test.dart: ColorUtils Tests mixes colors with weight 1 returns second color                                        03:33 +384 -30: /Volumes/ESD-USB/toolspace/test/tools/palette_extractor/color_utils_test.dart: ColorUtils Tests mixes colors with weight 1 returns second color                                        03:34 +384 -30: /Volumes/ESD-USB/toolspace/test/tools/palette_extractor/color_utils_test.dart: ColorUtils Tests mixes colors with weight 1 returns second color                                        03:34 +384 -30: loading /Volumes/ESD-USB/toolspace/test/tools/palette_extractor/kmeans_clustering_test.dart                                                                                            03:34 +384 -30: /Volumes/ESD-USB/toolspace/test/tools/palette_extractor/kmeans_clustering_test.dart: KMeansClustering Tests extracts palette from single color                                         03:34 +385 -30: /Volumes/ESD-USB/toolspace/test/tools/palette_extractor/kmeans_clustering_test.dart: KMeansClustering Tests extracts palette from single color                                         03:34 +385 -30: /Volumes/ESD-USB/toolspace/test/tools/palette_extractor/kmeans_clustering_test.dart: KMeansClustering Tests extracts palette from two distinct colors                                  03:34 +386 -30: /Volumes/ESD-USB/toolspace/test/tools/palette_extractor/kmeans_clustering_test.dart: KMeansClustering Tests extracts palette from two distinct colors                                  03:34 +386 -30: /Volumes/ESD-USB/toolspace/test/tools/palette_extractor/kmeans_clustering_test.dart: KMeansClustering Tests extracts correct number of colors when k is smaller than unique colors     03:34 +387 -30: /Volumes/ESD-USB/toolspace/test/tools/palette_extractor/kmeans_clustering_test.dart: KMeansClustering Tests extracts correct number of colors when k is smaller than unique colors     03:34 +387 -30: /Volumes/ESD-USB/toolspace/test/tools/palette_extractor/kmeans_clustering_test.dart: KMeansClustering Tests handles empty pixel list                                                   03:34 +388 -30: /Volumes/ESD-USB/toolspace/test/tools/palette_extractor/kmeans_clustering_test.dart: KMeansClustering Tests handles empty pixel list                                                   03:34 +388 -30: /Volumes/ESD-USB/toolspace/test/tools/palette_extractor/kmeans_clustering_test.dart: KMeansClustering Tests sorts colors by frequency (most common first)                              03:34 +389 -30: /Volumes/ESD-USB/toolspace/test/tools/palette_extractor/kmeans_clustering_test.dart: KMeansClustering Tests sorts colors by frequency (most common first)                              03:34 +389 -30: /Volumes/ESD-USB/toolspace/test/tools/palette_extractor/kmeans_clustering_test.dart: KMeansClustering Tests calculates percentage correctly                                            03:34 +390 -30: /Volumes/ESD-USB/toolspace/test/tools/palette_extractor/kmeans_clustering_test.dart: KMeansClustering Tests calculates percentage correctly                                            03:34 +390 -30: /Volumes/ESD-USB/toolspace/test/tools/palette_extractor/kmeans_clustering_test.dart: KMeansClustering Tests handles sample size limitation                                             03:35 +390 -30: /Volumes/ESD-USB/toolspace/test/tools/palette_extractor/kmeans_clustering_test.dart: KMeansClustering Tests handles sample size limitation                                             03:35 +391 -30: /Volumes/ESD-USB/toolspace/test/tools/palette_extractor/kmeans_clustering_test.dart: KMeansClustering Tests handles sample size limitation                                             03:35 +391 -30: /Volumes/ESD-USB/toolspace/test/tools/palette_extractor/kmeans_clustering_test.dart: KMeansClustering Tests color frequencies sum to total pixels                                      03:35 +392 -30: /Volumes/ESD-USB/toolspace/test/tools/palette_extractor/kmeans_clustering_test.dart: KMeansClustering Tests color frequencies sum to total pixels                                      03:35 +392 -30: /Volumes/ESD-USB/toolspace/test/tools/palette_extractor/kmeans_clustering_test.dart: KMeansClustering Tests extracts similar colors when k is larger than unique colors                03:35 +393 -30: /Volumes/ESD-USB/toolspace/test/tools/palette_extractor/kmeans_clustering_test.dart: KMeansClustering Tests extracts similar colors when k is larger than unique colors                03:35 +393 -30: /Volumes/ESD-USB/toolspace/test/tools/palette_extractor/kmeans_clustering_test.dart: KMeansClustering Tests PaletteResult getColorFrequency returns correct data                       03:35 +394 -30: /Volumes/ESD-USB/toolspace/test/tools/palette_extractor/kmeans_clustering_test.dart: KMeansClustering Tests PaletteResult getColorFrequency returns correct data                       03:36 +394 -30: /Volumes/ESD-USB/toolspace/test/tools/palette_extractor/kmeans_clustering_test.dart: KMeansClustering Tests PaletteResult getColorFrequency returns correct data                       03:37 +394 -30: /Volumes/ESD-USB/toolspace/test/tools/palette_extractor/kmeans_clustering_test.dart: KMeansClustering Tests PaletteResult getColorFrequency returns correct data                       03:38 +394 -30: /Volumes/ESD-USB/toolspace/test/tools/palette_extractor/kmeans_clustering_test.dart: KMeansClustering Tests PaletteResult getColorFrequency returns correct data                       03:39 +394 -30: /Volumes/ESD-USB/toolspace/test/tools/palette_extractor/kmeans_clustering_test.dart: KMeansClustering Tests PaletteResult getColorFrequency returns correct data                       03:40 +394 -30: /Volumes/ESD-USB/toolspace/test/tools/palette_extractor/kmeans_clustering_test.dart: KMeansClustering Tests PaletteResult getColorFrequency returns correct data                       03:41 +394 -30: /Volumes/ESD-USB/toolspace/test/tools/palette_extractor/kmeans_clustering_test.dart: KMeansClustering Tests PaletteResult getColorFrequency returns correct data                       03:42 +394 -30: /Volumes/ESD-USB/toolspace/test/tools/palette_extractor/kmeans_clustering_test.dart: KMeansClustering Tests PaletteResult getColorFrequency returns correct data                       03:43 +394 -30: /Volumes/ESD-USB/toolspace/test/tools/palette_extractor/kmeans_clustering_test.dart: KMeansClustering Tests PaletteResult getColorFrequency returns correct data                       03:44 +394 -30: /Volumes/ESD-USB/toolspace/test/tools/palette_extractor/kmeans_clustering_test.dart: KMeansClustering Tests PaletteResult getColorFrequency returns correct data                       03:45 +394 -30: /Volumes/ESD-USB/toolspace/test/tools/palette_extractor/kmeans_clustering_test.dart: KMeansClustering Tests PaletteResult getColorFrequency returns correct data                       03:45 +394 -30: loading /Volumes/ESD-USB/toolspace/test/tools/palette_extractor/palette_exporter_test.dart                                                                                             03:45 +394 -30: /Volumes/ESD-USB/toolspace/test/tools/palette_extractor/palette_exporter_test.dart: PaletteExporter Tests exports JSON correctly                                                       03:45 +395 -30: /Volumes/ESD-USB/toolspace/test/tools/palette_extractor/palette_exporter_test.dart: PaletteExporter Tests exports JSON correctly                                                       03:45 +395 -30: /Volumes/ESD-USB/toolspace/test/tools/palette_extractor/palette_exporter_test.dart: PaletteExporter Tests exports JSON with custom name                                                03:45 +396 -30: /Volumes/ESD-USB/toolspace/test/tools/palette_extractor/palette_exporter_test.dart: PaletteExporter Tests exports JSON with custom name                                                03:45 +396 -30: /Volumes/ESD-USB/toolspace/test/tools/palette_extractor/palette_exporter_test.dart: PaletteExporter Tests exports ACO format correctly                                                 03:45 +397 -30: /Volumes/ESD-USB/toolspace/test/tools/palette_extractor/palette_exporter_test.dart: PaletteExporter Tests exports ACO format correctly                                                 03:45 +397 -30: /Volumes/ESD-USB/toolspace/test/tools/palette_extractor/palette_exporter_test.dart: PaletteExporter Tests exports CSS correctly                                                        03:45 +398 -30: /Volumes/ESD-USB/toolspace/test/tools/palette_extractor/palette_exporter_test.dart: PaletteExporter Tests exports CSS correctly                                                        03:45 +398 -30: /Volumes/ESD-USB/toolspace/test/tools/palette_extractor/palette_exporter_test.dart: PaletteExporter Tests exports CSS with custom prefix                                               03:45 +399 -30: /Volumes/ESD-USB/toolspace/test/tools/palette_extractor/palette_exporter_test.dart: PaletteExporter Tests exports CSS with custom prefix                                               03:45 +399 -30: /Volumes/ESD-USB/toolspace/test/tools/palette_extractor/palette_exporter_test.dart: PaletteExporter Tests exports SCSS correctly                                                       03:45 +400 -30: /Volumes/ESD-USB/toolspace/test/tools/palette_extractor/palette_exporter_test.dart: PaletteExporter Tests exports SCSS correctly                                                       03:45 +400 -30: /Volumes/ESD-USB/toolspace/test/tools/palette_extractor/palette_exporter_test.dart: PaletteExporter Tests exports SCSS with custom prefix                                              03:45 +401 -30: /Volumes/ESD-USB/toolspace/test/tools/palette_extractor/palette_exporter_test.dart: PaletteExporter Tests exports SCSS with custom prefix                                              03:45 +401 -30: /Volumes/ESD-USB/toolspace/test/tools/palette_extractor/palette_exporter_test.dart: PaletteExporter Tests exports plain text correctly                                                 03:45 +402 -30: /Volumes/ESD-USB/toolspace/test/tools/palette_extractor/palette_exporter_test.dart: PaletteExporter Tests exports plain text correctly                                                 03:45 +402 -30: /Volumes/ESD-USB/toolspace/test/tools/palette_extractor/palette_exporter_test.dart: PaletteExporter Tests returns correct file extension for each format                               03:45 +403 -30: /Volumes/ESD-USB/toolspace/test/tools/palette_extractor/palette_exporter_test.dart: PaletteExporter Tests returns correct file extension for each format                               03:45 +403 -30: /Volumes/ESD-USB/toolspace/test/tools/palette_extractor/palette_exporter_test.dart: PaletteExporter Tests returns correct MIME type for each format                                    03:45 +404 -30: /Volumes/ESD-USB/toolspace/test/tools/palette_extractor/palette_exporter_test.dart: PaletteExporter Tests returns correct MIME type for each format                                    03:45 +404 -30: /Volumes/ESD-USB/toolspace/test/tools/palette_extractor/palette_exporter_test.dart: PaletteExporter Tests handles empty color list                                                     03:45 +405 -30: /Volumes/ESD-USB/toolspace/test/tools/palette_extractor/palette_exporter_test.dart: PaletteExporter Tests handles empty color list                                                     03:45 +405 -30: /Volumes/ESD-USB/toolspace/test/tools/palette_extractor/palette_exporter_test.dart: PaletteExporter Tests ACO format includes RGB values correctly                                     03:45 +406 -30: /Volumes/ESD-USB/toolspace/test/tools/palette_extractor/palette_exporter_test.dart: PaletteExporter Tests ACO format includes RGB values correctly                                     03:45 +406 -30: loading /Volumes/ESD-USB/toolspace/test/tools/password_gen/password_gen_widget_test.dart                                                                                               03:45 +406 -30: /Volumes/ESD-USB/toolspace/test/tools/password_gen/password_gen_widget_test.dart: Password generator screen loads correctly                                                            03:46 +406 -30: /Volumes/ESD-USB/toolspace/test/tools/password_gen/password_gen_widget_test.dart: Password generator screen loads correctly                                                            03:46 +407 -30: /Volumes/ESD-USB/toolspace/test/tools/password_gen/password_gen_widget_test.dart: Password generator screen loads correctly                                                            03:46 +408 -30: /Volumes/ESD-USB/toolspace/test/tools/password_gen/password_gen_widget_test.dart: Password generator screen loads correctly                                                            03:46 +409 -30: /Volumes/ESD-USB/toolspace/test/tools/password_gen/password_gen_widget_test.dart: Password generator screen loads correctly                                                            03:46 +410 -30: /Volumes/ESD-USB/toolspace/test/tools/password_gen/password_gen_widget_test.dart: Password generator screen loads correctly                                                            03:46 +411 -30: /Volumes/ESD-USB/toolspace/test/tools/password_gen/password_gen_widget_test.dart: Password generator screen loads correctly                                                            03:46 +412 -30: /Volumes/ESD-USB/toolspace/test/tools/password_gen/password_gen_widget_test.dart: Password generator screen loads correctly                                                            03:46 +413 -30: /Volumes/ESD-USB/toolspace/test/tools/password_gen/password_gen_widget_test.dart: Password generator screen loads correctly                                                            03:46 +414 -30: /Volumes/ESD-USB/toolspace/test/tools/password_gen/password_gen_widget_test.dart: Password generator screen loads correctly                                                            03:46 +415 -30: /Volumes/ESD-USB/toolspace/test/tools/password_gen/password_gen_widget_test.dart: Password generator screen loads correctly                                                            03:46 +416 -30: /Volumes/ESD-USB/toolspace/test/tools/password_gen/password_gen_widget_test.dart: Password generator screen loads correctly                                                            03:46 +417 -30: /Volumes/ESD-USB/toolspace/test/tools/password_gen/password_gen_widget_test.dart: Password generator screen loads correctly                                                            03:46 +418 -30: /Volumes/ESD-USB/toolspace/test/tools/password_gen/password_gen_widget_test.dart: Password generator screen loads correctly                                                            03:46 +419 -30: /Volumes/ESD-USB/toolspace/test/tools/password_gen/password_gen_widget_test.dart: Password generator screen loads correctly                                                            03:46 +420 -30: /Volumes/ESD-USB/toolspace/test/tools/password_gen/password_gen_widget_test.dart: Password generator screen loads correctly                                                            03:46 +421 -30: /Volumes/ESD-USB/toolspace/test/tools/password_gen/password_gen_widget_test.dart: Password generator screen loads correctly                                                            03:46 +422 -30: /Volumes/ESD-USB/toolspace/test/tools/password_gen/password_gen_widget_test.dart: Password generator screen loads correctly                                                            03:47 +422 -30: /Volumes/ESD-USB/toolspace/test/tools/password_gen/password_gen_widget_test.dart: Password generator screen loads correctly                                                            03:47 +423 -30: /Volumes/ESD-USB/toolspace/test/tools/password_gen/password_gen_widget_test.dart: Password generator screen loads correctly                                                            03:47 +424 -30: /Volumes/ESD-USB/toolspace/test/tools/password_gen/password_gen_widget_test.dart: Password generator screen loads correctly                                                            03:47 +425 -30: /Volumes/ESD-USB/toolspace/test/tools/password_gen/password_gen_widget_test.dart: Password generator screen loads correctly                                                            03:47 +426 -30: /Volumes/ESD-USB/toolspace/test/tools/password_gen/password_gen_widget_test.dart: Password generator screen loads correctly                                                            03:47 +427 -30: /Volumes/ESD-USB/toolspace/test/tools/password_gen/password_gen_widget_test.dart: Password generator screen loads correctly                                                            03:47 +428 -30: /Volumes/ESD-USB/toolspace/test/tools/password_gen/password_gen_widget_test.dart: Password generator screen loads correctly                                                            03:47 +429 -30: /Volumes/ESD-USB/toolspace/test/tools/password_gen/password_gen_widget_test.dart: Password generator screen loads correctly                                                            03:47 +430 -30: /Volumes/ESD-USB/toolspace/test/tools/password_gen/password_gen_widget_test.dart: Password generator screen loads correctly                                                            03:48 +430 -30: /Volumes/ESD-USB/toolspace/test/tools/password_gen/password_gen_widget_test.dart: Password generator screen loads correctly                                                            03:48 +431 -30: /Volumes/ESD-USB/toolspace/test/tools/password_gen/password_gen_widget_test.dart: Password generator screen loads correctly                                                            03:48 +431 -30: /Volumes/ESD-USB/toolspace/test/tools/password_gen/password_gen_widget_test.dart: Length slider changes password length                                                                03:48 +432 -30: /Volumes/ESD-USB/toolspace/test/tools/password_gen/password_gen_widget_test.dart: Length slider changes password length                                                                03:48 +433 -30: /Volumes/ESD-USB/toolspace/test/tools/password_gen/password_gen_widget_test.dart: Length slider changes password length                                                                03:48 +434 -30: /Volumes/ESD-USB/toolspace/test/tools/password_gen/password_gen_widget_test.dart: Length slider changes password length                                                                03:48 +435 -30: /Volumes/ESD-USB/toolspace/test/tools/password_gen/password_gen_widget_test.dart: Length slider changes password length                                                                03:48 +436 -30: /Volumes/ESD-USB/toolspace/test/tools/password_gen/password_gen_widget_test.dart: Length slider changes password length                                                                03:48 +437 -30: /Volumes/ESD-USB/toolspace/test/tools/password_gen/password_gen_widget_test.dart: Length slider changes password length                                                                03:48 +438 -30: /Volumes/ESD-USB/toolspace/test/tools/password_gen/password_gen_widget_test.dart: Length slider changes password length                                                                03:48 +439 -30: /Volumes/ESD-USB/toolspace/test/tools/password_gen/password_gen_widget_test.dart: Length slider changes password length                                                                03:48 +440 -30: /Volumes/ESD-USB/toolspace/test/tools/password_gen/password_gen_widget_test.dart: Length slider changes password length                                                                03:48 +441 -30: /Volumes/ESD-USB/toolspace/test/tools/password_gen/password_gen_widget_test.dart: Length slider changes password length                                                                03:48 +442 -30: /Volumes/ESD-USB/toolspace/test/tools/password_gen/password_gen_widget_test.dart: Length slider changes password length                                                                03:48 +443 -30: /Volumes/ESD-USB/toolspace/test/tools/password_gen/password_gen_widget_test.dart: Length slider changes password length                                                                03:49 +443 -30: /Volumes/ESD-USB/toolspace/test/tools/password_gen/password_gen_widget_test.dart: Length slider changes password length                                                                03:49 +444 -30: /Volumes/ESD-USB/toolspace/test/tools/password_gen/password_gen_widget_test.dart: Length slider changes password length                                                                03:49 +445 -30: /Volumes/ESD-USB/toolspace/test/tools/password_gen/password_gen_widget_test.dart: Length slider changes password length                                                                03:49 +446 -30: /Volumes/ESD-USB/toolspace/test/tools/password_gen/password_gen_widget_test.dart: Length slider changes password length                                                                03:49 +447 -30: /Volumes/ESD-USB/toolspace/test/tools/password_gen/password_gen_widget_test.dart: Length slider changes password length                                                                03:49 +448 -30: /Volumes/ESD-USB/toolspace/test/tools/password_gen/password_gen_widget_test.dart: Length slider changes password length                                                                03:49 +448 -30: /Volumes/ESD-USB/toolspace/test/tools/password_gen/password_gen_widget_test.dart: Character toggles can be changed                                                                     03:50 +448 -30: /Volumes/ESD-USB/toolspace/test/tools/password_gen/password_gen_widget_test.dart: Character toggles can be changed                                                                     03:50 +449 -30: /Volumes/ESD-USB/toolspace/test/tools/password_gen/password_gen_widget_test.dart: Character toggles can be changed                                                                     03:50 +449 -30: /Volumes/ESD-USB/toolspace/test/tools/password_gen/password_gen_widget_test.dart: Avoid ambiguous characters toggle works                                                              03:50 +450 -30: /Volumes/ESD-USB/toolspace/test/tools/password_gen/password_gen_widget_test.dart: Avoid ambiguous characters toggle works                                                              03:50 +450 -30: /Volumes/ESD-USB/toolspace/test/tools/password_gen/password_gen_widget_test.dart: Generate button creates password                                                                     03:51 +450 -30: /Volumes/ESD-USB/toolspace/test/tools/password_gen/password_gen_widget_test.dart: Generate button creates password                                                                     03:51 +451 -30: /Volumes/ESD-USB/toolspace/test/tools/password_gen/password_gen_widget_test.dart: Generate button creates password                                                                     03:51 +452 -30: /Volumes/ESD-USB/toolspace/test/tools/password_gen/password_gen_widget_test.dart: Generate button creates password                                                                     03:51 +453 -30: /Volumes/ESD-USB/toolspace/test/tools/password_gen/password_gen_widget_test.dart: Generate button creates password                                                                     03:51 +454 -30: /Volumes/ESD-USB/toolspace/test/tools/password_gen/password_gen_widget_test.dart: Generate button creates password                                                                     03:51 +455 -30: /Volumes/ESD-USB/toolspace/test/tools/password_gen/password_gen_widget_test.dart: Generate button creates password                                                                     03:51 +456 -30: /Volumes/ESD-USB/toolspace/test/tools/password_gen/password_gen_widget_test.dart: Generate button creates password                                                                     03:51 +457 -30: /Volumes/ESD-USB/toolspace/test/tools/password_gen/password_gen_widget_test.dart: Generate button creates password                                                                     03:51 +458 -30: /Volumes/ESD-USB/toolspace/test/tools/password_gen/password_gen_widget_test.dart: Generate button creates password                                                                     03:51 +459 -30: /Volumes/ESD-USB/toolspace/test/tools/password_gen/password_gen_widget_test.dart: Generate button creates password                                                                     03:51 +460 -30: /Volumes/ESD-USB/toolspace/test/tools/password_gen/password_gen_widget_test.dart: Generate button creates password                                                                     03:51 +461 -30: /Volumes/ESD-USB/toolspace/test/tools/password_gen/password_gen_widget_test.dart: Generate button creates password                                                                     03:51 +462 -30: /Volumes/ESD-USB/toolspace/test/tools/password_gen/password_gen_widget_test.dart: Generate button creates password                                                                     03:51 +463 -30: /Volumes/ESD-USB/toolspace/test/tools/password_gen/password_gen_widget_test.dart: Generate button creates password                                                                     03:51 +464 -30: /Volumes/ESD-USB/toolspace/test/tools/password_gen/password_gen_widget_test.dart: Generate button creates password                                                                     03:51 +465 -30: /Volumes/ESD-USB/toolspace/test/tools/password_gen/password_gen_widget_test.dart: Generate button creates password                                                                     03:51 +465 -30: /Volumes/ESD-USB/toolspace/test/tools/password_gen/password_gen_widget_test.dart: Generate button creates password                                                                     
══╡ EXCEPTION CAUGHT BY FLUTTER TEST FRAMEWORK ╞════════════════════════════════════════════════════
The following TestFailure was thrown running a test:
Expected: exactly one matching candidate
  Actual: _AncestorWidgetFinder:<Found 0 widgets with type "FilledButton" that are ancestors of
widgets with text "Generate": []>
   Which: means none were found but one was expected

When the exception was thrown, this was the stack:
#4      main.<anonymous closure> (file:///Volumes/ESD-USB/toolspace/test/tools/password_gen/password_gen_widget_test.dart:90:5)
<asynchronous suspension>
#5      testWidgets.<anonymous closure>.<anonymous closure> (package:flutter_test/src/widget_tester.dart:192:15)
<asynchronous suspension>
#6      TestWidgetsFlutterBinding._runTestBody (package:flutter_test/src/binding.dart:1059:5)
<asynchronous suspension>
<asynchronous suspension>
(elided one frame from package:stack_trace)

This was caught by the test expectation on the following line:
  file:///Volumes/ESD-USB/toolspace/test/tools/password_gen/password_gen_widget_test.dart line 90
The test description was:
  Generate button creates password
════════════════════════════════════════════════════════════════════════════════════════════════════
03:51 +465 -31: /Volumes/ESD-USB/toolspace/test/tools/password_gen/password_gen_widget_test.dart: Generate button creates password [E]                                                                 
  Test failed. See exception logs above.
  The test description was: Generate button creates password
  

To run this test again: /usr/local/share/flutter/bin/cache/dart-sdk/bin/dart test /Volumes/ESD-USB/toolspace/test/tools/password_gen/password_gen_widget_test.dart -p vm --plain-name 'Generate button creates password'
03:51 +465 -31: /Volumes/ESD-USB/toolspace/test/tools/password_gen/password_gen_widget_test.dart: Generate 20 button creates batch                                                                     03:52 +465 -31: /Volumes/ESD-USB/toolspace/test/tools/password_gen/password_gen_widget_test.dart: Generate 20 button creates batch                                                                     03:52 +465 -31: /Volumes/ESD-USB/toolspace/test/tools/password_gen/password_gen_widget_test.dart: Generate 20 button creates batch                                                                     
══╡ EXCEPTION CAUGHT BY FLUTTER TEST FRAMEWORK ╞════════════════════════════════════════════════════
The following TestFailure was thrown running a test:
Expected: exactly one matching candidate
  Actual: _AncestorWidgetFinder:<Found 0 widgets with type "OutlinedButton" that are ancestors of
widgets with text "Generate 20": []>
   Which: means none were found but one was expected

When the exception was thrown, this was the stack:
#4      main.<anonymous closure> (file:///Volumes/ESD-USB/toolspace/test/tools/password_gen/password_gen_widget_test.dart:108:5)
<asynchronous suspension>
#5      testWidgets.<anonymous closure>.<anonymous closure> (package:flutter_test/src/widget_tester.dart:192:15)
<asynchronous suspension>
#6      TestWidgetsFlutterBinding._runTestBody (package:flutter_test/src/binding.dart:1059:5)
<asynchronous suspension>
<asynchronous suspension>
(elided one frame from package:stack_trace)

This was caught by the test expectation on the following line:
  file:///Volumes/ESD-USB/toolspace/test/tools/password_gen/password_gen_widget_test.dart line 108
The test description was:
  Generate 20 button creates batch
════════════════════════════════════════════════════════════════════════════════════════════════════
03:52 +465 -32: /Volumes/ESD-USB/toolspace/test/tools/password_gen/password_gen_widget_test.dart: Generate 20 button creates batch [E]                                                                 
  Test failed. See exception logs above.
  The test description was: Generate 20 button creates batch
  

To run this test again: /usr/local/share/flutter/bin/cache/dart-sdk/bin/dart test /Volumes/ESD-USB/toolspace/test/tools/password_gen/password_gen_widget_test.dart -p vm --plain-name 'Generate 20 button creates batch'
03:52 +465 -32: /Volumes/ESD-USB/toolspace/test/tools/password_gen/password_gen_widget_test.dart: Strength meter is displayed                                                                          03:52 +466 -32: /Volumes/ESD-USB/toolspace/test/tools/password_gen/password_gen_widget_test.dart: Strength meter is displayed                                                                          03:52 +466 -32: /Volumes/ESD-USB/toolspace/test/tools/password_gen/password_gen_widget_test.dart: Validation error is shown for invalid config                                                         03:53 +466 -32: /Volumes/ESD-USB/toolspace/test/tools/password_gen/password_gen_widget_test.dart: Validation error is shown for invalid config                                                         03:53 +467 -32: /Volumes/ESD-USB/toolspace/test/tools/password_gen/password_gen_widget_test.dart: Validation error is shown for invalid config                                                         03:53 +467 -32: /Volumes/ESD-USB/toolspace/test/tools/password_gen/password_gen_widget_test.dart: Copy button is available for generated password                                                      03:53 +467 -32: /Volumes/ESD-USB/toolspace/test/tools/password_gen/password_gen_widget_test.dart: Copy button is available for generated password                                                      
══╡ EXCEPTION CAUGHT BY FLUTTER TEST FRAMEWORK ╞════════════════════════════════════════════════════
The following assertion was thrown running a test:
The finder "Found 0 widgets with type "FilledButton" that are ancestors of widgets with text
"Generate": []" (used in a call to "tap()") could not find any matching widgets.

When the exception was thrown, this was the stack:
#0      WidgetController._getElementPoint (package:flutter_test/src/controller.dart:2009:7)
#1      WidgetController.getCenter (package:flutter_test/src/controller.dart:1861:12)
#2      WidgetController.tap (package:flutter_test/src/controller.dart:1041:7)
#3      main.<anonymous closure> (file:///Volumes/ESD-USB/toolspace/test/tools/password_gen/password_gen_widget_test.dart:163:18)
<asynchronous suspension>
#4      testWidgets.<anonymous closure>.<anonymous closure> (package:flutter_test/src/widget_tester.dart:192:15)
<asynchronous suspension>
#5      TestWidgetsFlutterBinding._runTestBody (package:flutter_test/src/binding.dart:1059:5)
<asynchronous suspension>
<asynchronous suspension>
(elided one frame from package:stack_trace)

The test description was:
  Copy button is available for generated password
════════════════════════════════════════════════════════════════════════════════════════════════════
03:53 +467 -33: /Volumes/ESD-USB/toolspace/test/tools/password_gen/password_gen_widget_test.dart: Copy button is available for generated password [E]                                                  
  Test failed. See exception logs above.
  The test description was: Copy button is available for generated password
  

To run this test again: /usr/local/share/flutter/bin/cache/dart-sdk/bin/dart test /Volumes/ESD-USB/toolspace/test/tools/password_gen/password_gen_widget_test.dart -p vm --plain-name 'Copy button is available for generated password'
03:53 +467 -33: /Volumes/ESD-USB/toolspace/test/tools/password_gen/password_gen_widget_test.dart: Batch generation shows list of passwords                                                             03:54 +467 -33: /Volumes/ESD-USB/toolspace/test/tools/password_gen/password_gen_widget_test.dart: Batch generation shows list of passwords                                                             03:54 +467 -33: /Volumes/ESD-USB/toolspace/test/tools/password_gen/password_gen_widget_test.dart: Batch generation shows list of passwords                                                             
══╡ EXCEPTION CAUGHT BY FLUTTER TEST FRAMEWORK ╞════════════════════════════════════════════════════
The following assertion was thrown running a test:
The finder "Found 0 widgets with type "OutlinedButton" that are ancestors of widgets with text
"Generate 20": []" (used in a call to "tap()") could not find any matching widgets.

When the exception was thrown, this was the stack:
#0      WidgetController._getElementPoint (package:flutter_test/src/controller.dart:2009:7)
#1      WidgetController.getCenter (package:flutter_test/src/controller.dart:1861:12)
#2      WidgetController.tap (package:flutter_test/src/controller.dart:1041:7)
#3      main.<anonymous closure> (file:///Volumes/ESD-USB/toolspace/test/tools/password_gen/password_gen_widget_test.dart:178:18)
<asynchronous suspension>
#4      testWidgets.<anonymous closure>.<anonymous closure> (package:flutter_test/src/widget_tester.dart:192:15)
<asynchronous suspension>
#5      TestWidgetsFlutterBinding._runTestBody (package:flutter_test/src/binding.dart:1059:5)
<asynchronous suspension>
<asynchronous suspension>
(elided one frame from package:stack_trace)

The test description was:
  Batch generation shows list of passwords
════════════════════════════════════════════════════════════════════════════════════════════════════
03:54 +467 -34: /Volumes/ESD-USB/toolspace/test/tools/password_gen/password_gen_widget_test.dart: Batch generation shows list of passwords [E]                                                         
  Test failed. See exception logs above.
  The test description was: Batch generation shows list of passwords
  

To run this test again: /usr/local/share/flutter/bin/cache/dart-sdk/bin/dart test /Volumes/ESD-USB/toolspace/test/tools/password_gen/password_gen_widget_test.dart -p vm --plain-name 'Batch generation shows list of passwords'
03:54 +468 -34: /Volumes/ESD-USB/toolspace/test/tools/time_convert/time_convert_widget_test.dart: TimeConvertScreen Widget Tests renders screen with title                                             03:55 +468 -34: /Volumes/ESD-USB/toolspace/test/tools/time_convert/time_convert_widget_test.dart: TimeConvertScreen Widget Tests renders screen with title                                             03:56 +468 -34: /Volumes/ESD-USB/toolspace/test/tools/time_convert/time_convert_widget_test.dart: TimeConvertScreen Widget Tests renders screen with title                                             03:56 +469 -34: /Volumes/ESD-USB/toolspace/test/tools/time_convert/time_convert_widget_test.dart: TimeConvertScreen Widget Tests renders screen with title                                             03:56 +470 -34: /Volumes/ESD-USB/toolspace/test/tools/time_convert/time_convert_widget_test.dart: TimeConvertScreen Widget Tests renders screen with title                                             03:56 +471 -34: /Volumes/ESD-USB/toolspace/test/tools/time_convert/time_convert_widget_test.dart: TimeConvertScreen Widget Tests renders screen with title                                             03:56 +472 -34: /Volumes/ESD-USB/toolspace/test/tools/time_convert/time_convert_widget_test.dart: TimeConvertScreen Widget Tests renders screen with title                                             03:56 +473 -34: /Volumes/ESD-USB/toolspace/test/tools/time_convert/time_convert_widget_test.dart: TimeConvertScreen Widget Tests renders screen with title                                             03:56 +474 -34: /Volumes/ESD-USB/toolspace/test/tools/time_convert/time_convert_widget_test.dart: TimeConvertScreen Widget Tests renders screen with title                                             03:56 +475 -34: /Volumes/ESD-USB/toolspace/test/tools/time_convert/time_convert_widget_test.dart: TimeConvertScreen Widget Tests renders screen with title                                             03:56 +476 -34: /Volumes/ESD-USB/toolspace/test/tools/time_convert/time_convert_widget_test.dart: TimeConvertScreen Widget Tests renders screen with title                                             03:56 +477 -34: /Volumes/ESD-USB/toolspace/test/tools/time_convert/time_convert_widget_test.dart: TimeConvertScreen Widget Tests renders screen with title                                             03:56 +478 -34: /Volumes/ESD-USB/toolspace/test/tools/time_convert/time_convert_widget_test.dart: TimeConvertScreen Widget Tests renders screen with title                                             03:56 +479 -34: /Volumes/ESD-USB/toolspace/test/tools/time_convert/time_convert_widget_test.dart: TimeConvertScreen Widget Tests renders screen with title                                             03:56 +480 -34: /Volumes/ESD-USB/toolspace/test/tools/time_convert/time_convert_widget_test.dart: TimeConvertScreen Widget Tests renders screen with title                                             03:56 +481 -34: /Volumes/ESD-USB/toolspace/test/tools/time_convert/time_convert_widget_test.dart: TimeConvertScreen Widget Tests renders screen with title                                             03:56 +482 -34: /Volumes/ESD-USB/toolspace/test/tools/time_convert/time_convert_widget_test.dart: TimeConvertScreen Widget Tests renders screen with title                                             03:56 +483 -34: /Volumes/ESD-USB/toolspace/test/tools/time_convert/time_convert_widget_test.dart: TimeConvertScreen Widget Tests renders screen with title                                             03:56 +484 -34: /Volumes/ESD-USB/toolspace/test/tools/time_convert/time_convert_widget_test.dart: TimeConvertScreen Widget Tests renders screen with title                                             03:56 +485 -34: /Volumes/ESD-USB/toolspace/test/tools/time_convert/time_convert_widget_test.dart: TimeConvertScreen Widget Tests renders screen with title                                             03:56 +486 -34: /Volumes/ESD-USB/toolspace/test/tools/time_convert/time_convert_widget_test.dart: TimeConvertScreen Widget Tests renders screen with title                                             03:56 +487 -34: /Volumes/ESD-USB/toolspace/test/tools/time_convert/time_convert_widget_test.dart: TimeConvertScreen Widget Tests renders screen with title                                             03:56 +488 -34: /Volumes/ESD-USB/toolspace/test/tools/time_convert/time_convert_widget_test.dart: TimeConvertScreen Widget Tests renders screen with title                                             03:56 +489 -34: /Volumes/ESD-USB/toolspace/test/tools/time_convert/time_convert_widget_test.dart: TimeConvertScreen Widget Tests renders screen with title                                             03:56 +490 -34: /Volumes/ESD-USB/toolspace/test/tools/time_convert/time_convert_widget_test.dart: TimeConvertScreen Widget Tests renders screen with title                                             03:56 +491 -34: /Volumes/ESD-USB/toolspace/test/tools/time_convert/time_convert_widget_test.dart: TimeConvertScreen Widget Tests renders screen with title                                             03:56 +492 -34: /Volumes/ESD-USB/toolspace/test/tools/time_convert/time_convert_widget_test.dart: TimeConvertScreen Widget Tests renders screen with title                                             03:56 +493 -34: /Volumes/ESD-USB/toolspace/test/tools/time_convert/time_convert_widget_test.dart: TimeConvertScreen Widget Tests renders screen with title                                             03:56 +494 -34: /Volumes/ESD-USB/toolspace/test/tools/time_convert/time_convert_widget_test.dart: TimeConvertScreen Widget Tests renders screen with title                                             03:56 +495 -34: /Volumes/ESD-USB/toolspace/test/tools/time_convert/time_convert_widget_test.dart: TimeConvertScreen Widget Tests renders screen with title                                             03:57 +495 -35: /Volumes/ESD-USB/toolspace/test/tools/time_convert/time_convert_widget_test.dart: TimeConvertScreen Widget Tests renders screen with title                                             03:57 +495 -35: /Volumes/ESD-USB/toolspace/test/tools/time_convert/timestamp_converter_test.dart: TimestampConverter - Relative Time returns "in X minutes" for future [E]                             
  Expected: '15 minutes from now'
    Actual: '14 minutes from now'
     Which: is different.
            Expected: 15 minutes  ...
              Actual: 14 minutes  ...
                       ^
             Differ at offset 1
  
  package:matcher                                              expect
  package:flutter_test/src/widget_tester.dart 473:18           expect
  test/tools/time_convert/timestamp_converter_test.dart 254:7  main.<fn>.<fn>
  

To run this test again: /usr/local/share/flutter/bin/cache/dart-sdk/bin/dart test /Volumes/ESD-USB/toolspace/test/tools/time_convert/timestamp_converter_test.dart -p vm --plain-name 'TimestampConverter - Relative Time returns "in X minutes" for future'
03:57 +495 -36: /Volumes/ESD-USB/toolspace/test/tools/time_convert/timestamp_converter_test.dart: TimestampConverter - Relative Time returns "in X hours" for future hours [E]                         
  Expected: '2 hours from now'
    Actual: '1 hour from now'
     Which: is different.
            Expected: 2 hours fr ...
              Actual: 1 hour fro ...
                      ^
             Differ at offset 0
  
  package:matcher                                              expect
  package:flutter_test/src/widget_tester.dart 473:18           expect
  test/tools/time_convert/timestamp_converter_test.dart 261:7  main.<fn>.<fn>
  

To run this test again: /usr/local/share/flutter/bin/cache/dart-sdk/bin/dart test /Volumes/ESD-USB/toolspace/test/tools/time_convert/timestamp_converter_test.dart -p vm --plain-name 'TimestampConverter - Relative Time returns "in X hours" for future hours'
03:57 +496 -36: /Volumes/ESD-USB/toolspace/test/tools/time_convert/time_convert_widget_test.dart: TimeConvertScreen Widget Tests renders screen with title                                             03:57 +497 -36: /Volumes/ESD-USB/toolspace/test/tools/time_convert/time_convert_widget_test.dart: TimeConvertScreen Widget Tests renders screen with title                                             03:57 +498 -36: /Volumes/ESD-USB/toolspace/test/tools/time_convert/time_convert_widget_test.dart: TimeConvertScreen Widget Tests renders screen with title                                             03:57 +499 -36: /Volumes/ESD-USB/toolspace/test/tools/time_convert/time_convert_widget_test.dart: TimeConvertScreen Widget Tests renders screen with title                                             03:57 +500 -36: /Volumes/ESD-USB/toolspace/test/tools/time_convert/time_convert_widget_test.dart: TimeConvertScreen Widget Tests renders screen with title                                             03:57 +500 -36: /Volumes/ESD-USB/toolspace/test/tools/time_convert/time_convert_widget_test.dart: TimeConvertScreen Widget Tests shows input field and result sections                                 03:57 +501 -36: /Volumes/ESD-USB/toolspace/test/tools/time_convert/time_convert_widget_test.dart: TimeConvertScreen Widget Tests shows input field and result sections                                 03:57 +501 -36: /Volumes/ESD-USB/toolspace/test/tools/time_convert/time_convert_widget_test.dart: TimeConvertScreen Widget Tests has "Now" button                                                      03:58 +501 -36: /Volumes/ESD-USB/toolspace/test/tools/time_convert/time_convert_widget_test.dart: TimeConvertScreen Widget Tests has "Now" button                                                      03:59 +501 -36: /Volumes/ESD-USB/toolspace/test/tools/time_convert/time_convert_widget_test.dart: TimeConvertScreen Widget Tests has "Now" button                                                      03:59 +501 -36: /Volumes/ESD-USB/toolspace/test/tools/time_convert/time_convert_widget_test.dart: TimeConvertScreen Widget Tests has "Now" button                                                      
══╡ EXCEPTION CAUGHT BY FLUTTER TEST FRAMEWORK ╞════════════════════════════════════════════════════
The following TestFailure was thrown running a test:
Expected: exactly one matching candidate
  Actual: _AncestorWidgetFinder:<Found 0 widgets with type "ElevatedButton" that are ancestors of
widgets with icon "IconData(U+0E03A)": []>
   Which: means none were found but one was expected

When the exception was thrown, this was the stack:
#4      main.<anonymous closure>.<anonymous closure> (file:///Volumes/ESD-USB/toolspace/test/tools/time_convert/time_convert_widget_test.dart:26:7)
<asynchronous suspension>
#5      testWidgets.<anonymous closure>.<anonymous closure> (package:flutter_test/src/widget_tester.dart:192:15)
<asynchronous suspension>
#6      TestWidgetsFlutterBinding._runTestBody (package:flutter_test/src/binding.dart:1059:5)
<asynchronous suspension>
<asynchronous suspension>
(elided one frame from package:stack_trace)

This was caught by the test expectation on the following line:
  file:///Volumes/ESD-USB/toolspace/test/tools/time_convert/time_convert_widget_test.dart line 26
The test description was:
  has "Now" button
════════════════════════════════════════════════════════════════════════════════════════════════════
03:59 +501 -37: /Volumes/ESD-USB/toolspace/test/tools/time_convert/time_convert_widget_test.dart: TimeConvertScreen Widget Tests has "Now" button [E]                                                  
  Test failed. See exception logs above.
  The test description was: has "Now" button
  

To run this test again: /usr/local/share/flutter/bin/cache/dart-sdk/bin/dart test /Volumes/ESD-USB/toolspace/test/tools/time_convert/time_convert_widget_test.dart -p vm --plain-name 'TimeConvertScreen Widget Tests has "Now" button'
03:59 +501 -37: /Volumes/ESD-USB/toolspace/test/tools/time_convert/time_convert_widget_test.dart: TimeConvertScreen Widget Tests clicking "Now" button sets input                                      03:59 +502 -37: /Volumes/ESD-USB/toolspace/test/tools/time_convert/time_convert_widget_test.dart: TimeConvertScreen Widget Tests clicking "Now" button sets input                                      03:59 +503 -37: /Volumes/ESD-USB/toolspace/test/tools/time_convert/time_convert_widget_test.dart: TimeConvertScreen Widget Tests clicking "Now" button sets input                                      03:59 +504 -37: /Volumes/ESD-USB/toolspace/test/tools/time_convert/time_convert_widget_test.dart: TimeConvertScreen Widget Tests clicking "Now" button sets input                                      03:59 +505 -37: /Volumes/ESD-USB/toolspace/test/tools/time_convert/time_convert_widget_test.dart: TimeConvertScreen Widget Tests clicking "Now" button sets input                                      03:59 +506 -37: /Volumes/ESD-USB/toolspace/test/tools/time_convert/time_convert_widget_test.dart: TimeConvertScreen Widget Tests clicking "Now" button sets input                                      03:59 +507 -37: /Volumes/ESD-USB/toolspace/test/tools/time_convert/time_convert_widget_test.dart: TimeConvertScreen Widget Tests clicking "Now" button sets input                                      03:59 +508 -37: /Volumes/ESD-USB/toolspace/test/tools/time_convert/time_convert_widget_test.dart: TimeConvertScreen Widget Tests clicking "Now" button sets input                                      03:59 +509 -37: /Volumes/ESD-USB/toolspace/test/tools/time_convert/time_convert_widget_test.dart: TimeConvertScreen Widget Tests clicking "Now" button sets input                                      03:59 +510 -37: /Volumes/ESD-USB/toolspace/test/tools/time_convert/time_convert_widget_test.dart: TimeConvertScreen Widget Tests clicking "Now" button sets input                                      03:59 +511 -37: /Volumes/ESD-USB/toolspace/test/tools/time_convert/time_convert_widget_test.dart: TimeConvertScreen Widget Tests clicking "Now" button sets input                                      03:59 +511 -38: /Volumes/ESD-USB/toolspace/test/tools/codec_lab/codec_engine_test.dart: Hexadecimal Encoding/Decoding Tests throws on invalid Hex [E]                                                  
  Expected: throws <Instance of 'CodecException'>
    Actual: <Closure: () => String>
     Which: returned 'Hel'
  
  package:matcher                                     expect
  package:flutter_test/src/widget_tester.dart 473:18  expect
  test/tools/codec_lab/codec_engine_test.dart 110:7   main.<fn>.<fn>
  

To run this test again: /usr/local/share/flutter/bin/cache/dart-sdk/bin/dart test /Volumes/ESD-USB/toolspace/test/tools/codec_lab/codec_engine_test.dart -p vm --plain-name 'Hexadecimal Encoding/Decoding Tests throws on invalid Hex'
03:59 +512 -38: /Volumes/ESD-USB/toolspace/test/tools/time_convert/time_convert_widget_test.dart: TimeConvertScreen Widget Tests clicking "Now" button sets input                                      03:59 +513 -38: /Volumes/ESD-USB/toolspace/test/tools/time_convert/time_convert_widget_test.dart: TimeConvertScreen Widget Tests clicking "Now" button sets input                                      03:59 +514 -38: /Volumes/ESD-USB/toolspace/test/tools/time_convert/time_convert_widget_test.dart: TimeConvertScreen Widget Tests clicking "Now" button sets input                                      03:59 +515 -38: /Volumes/ESD-USB/toolspace/test/tools/time_convert/time_convert_widget_test.dart: TimeConvertScreen Widget Tests clicking "Now" button sets input                                      03:59 +516 -38: /Volumes/ESD-USB/toolspace/test/tools/time_convert/time_convert_widget_test.dart: TimeConvertScreen Widget Tests clicking "Now" button sets input                                      03:59 +517 -38: /Volumes/ESD-USB/toolspace/test/tools/time_convert/time_convert_widget_test.dart: TimeConvertScreen Widget Tests clicking "Now" button sets input                                      03:59 +518 -38: /Volumes/ESD-USB/toolspace/test/tools/time_convert/time_convert_widget_test.dart: TimeConvertScreen Widget Tests clicking "Now" button sets input                                      03:59 +519 -38: /Volumes/ESD-USB/toolspace/test/tools/time_convert/time_convert_widget_test.dart: TimeConvertScreen Widget Tests clicking "Now" button sets input                                      03:59 +520 -38: /Volumes/ESD-USB/toolspace/test/tools/time_convert/time_convert_widget_test.dart: TimeConvertScreen Widget Tests clicking "Now" button sets input                                      03:59 +521 -38: /Volumes/ESD-USB/toolspace/test/tools/time_convert/time_convert_widget_test.dart: TimeConvertScreen Widget Tests clicking "Now" button sets input                                      03:59 +522 -38: /Volumes/ESD-USB/toolspace/test/tools/time_convert/time_convert_widget_test.dart: TimeConvertScreen Widget Tests clicking "Now" button sets input                                      03:59 +523 -38: /Volumes/ESD-USB/toolspace/test/tools/time_convert/time_convert_widget_test.dart: TimeConvertScreen Widget Tests clicking "Now" button sets input                                      03:59 +523 -39: /Volumes/ESD-USB/toolspace/test/tools/codec_lab/codec_engine_test.dart: Format Detection Tests detects Hex format [E]                                                                  
  Expected: CodecFormat:<CodecFormat.hex>
    Actual: CodecFormat:<CodecFormat.base64>
  
  package:matcher                                     expect
  package:flutter_test/src/widget_tester.dart 473:18  expect
  test/tools/codec_lab/codec_engine_test.dart 238:7   main.<fn>.<fn>
  

To run this test again: /usr/local/share/flutter/bin/cache/dart-sdk/bin/dart test /Volumes/ESD-USB/toolspace/test/tools/codec_lab/codec_engine_test.dart -p vm --plain-name 'Format Detection Tests detects Hex format'
03:59 +524 -39: /Volumes/ESD-USB/toolspace/test/tools/time_convert/time_convert_widget_test.dart: TimeConvertScreen Widget Tests clicking "Now" button sets input                                      03:59 +525 -39: /Volumes/ESD-USB/toolspace/test/tools/time_convert/time_convert_widget_test.dart: TimeConvertScreen Widget Tests clicking "Now" button sets input                                      03:59 +526 -39: /Volumes/ESD-USB/toolspace/test/tools/time_convert/time_convert_widget_test.dart: TimeConvertScreen Widget Tests clicking "Now" button sets input                                      03:59 +526 -40: /Volumes/ESD-USB/toolspace/test/tools/codec_lab/codec_engine_test.dart: Format Detection Tests handles ambiguous cases correctly [E]                                                   
  Expected: CodecFormat:<CodecFormat.hex>
    Actual: CodecFormat:<CodecFormat.base64>
  
  package:matcher                                     expect
  package:flutter_test/src/widget_tester.dart 473:18  expect
  test/tools/codec_lab/codec_engine_test.dart 287:7   main.<fn>.<fn>
  

To run this test again: /usr/local/share/flutter/bin/cache/dart-sdk/bin/dart test /Volumes/ESD-USB/toolspace/test/tools/codec_lab/codec_engine_test.dart -p vm --plain-name 'Format Detection Tests handles ambiguous cases correctly'
03:59 +527 -40: /Volumes/ESD-USB/toolspace/test/tools/time_convert/time_convert_widget_test.dart: TimeConvertScreen Widget Tests clicking "Now" button sets input                                      03:59 +527 -41: /Volumes/ESD-USB/toolspace/test/tools/codec_lab/codec_engine_test.dart: Validation Tests validates Hex correctly [E]                                                                   
  Expected: <false>
    Actual: <true>
  
  package:matcher                                     expect
  package:flutter_test/src/widget_tester.dart 473:18  expect
  test/tools/codec_lab/codec_engine_test.dart 315:7   main.<fn>.<fn>
  

To run this test again: /usr/local/share/flutter/bin/cache/dart-sdk/bin/dart test /Volumes/ESD-USB/toolspace/test/tools/codec_lab/codec_engine_test.dart -p vm --plain-name 'Validation Tests validates Hex correctly'
04:00 +528 -41: /Volumes/ESD-USB/toolspace/test/tools/time_convert/time_convert_widget_test.dart: TimeConvertScreen Widget Tests clicking "Now" button sets input                                      04:00 +529 -41: /Volumes/ESD-USB/toolspace/test/tools/time_convert/time_convert_widget_test.dart: TimeConvertScreen Widget Tests clicking "Now" button sets input                                      04:00 +530 -41: /Volumes/ESD-USB/toolspace/test/tools/time_convert/time_convert_widget_test.dart: TimeConvertScreen Widget Tests clicking "Now" button sets input                                      04:00 +531 -41: /Volumes/ESD-USB/toolspace/test/tools/time_convert/time_convert_widget_test.dart: TimeConvertScreen Widget Tests clicking "Now" button sets input                                      04:00 +532 -41: /Volumes/ESD-USB/toolspace/test/tools/time_convert/time_convert_widget_test.dart: TimeConvertScreen Widget Tests clicking "Now" button sets input                                      04:00 +533 -41: /Volumes/ESD-USB/toolspace/test/tools/time_convert/time_convert_widget_test.dart: TimeConvertScreen Widget Tests clicking "Now" button sets input                                      04:00 +534 -41: /Volumes/ESD-USB/toolspace/test/tools/time_convert/time_convert_widget_test.dart: TimeConvertScreen Widget Tests clicking "Now" button sets input                                      04:00 +535 -41: /Volumes/ESD-USB/toolspace/test/tools/time_convert/time_convert_widget_test.dart: TimeConvertScreen Widget Tests clicking "Now" button sets input                                      04:00 +535 -41: /Volumes/ESD-USB/toolspace/test/tools/time_convert/time_convert_widget_test.dart: TimeConvertScreen Widget Tests displays quick example templates                                      04:01 +535 -41: /Volumes/ESD-USB/toolspace/test/tools/time_convert/time_convert_widget_test.dart: TimeConvertScreen Widget Tests displays quick example templates                                      04:01 +536 -41: /Volumes/ESD-USB/toolspace/test/tools/time_convert/time_convert_widget_test.dart: TimeConvertScreen Widget Tests displays quick example templates                                      04:01 +536 -41: /Volumes/ESD-USB/toolspace/test/tools/time_convert/time_convert_widget_test.dart: TimeConvertScreen Widget Tests has timezone selector                                                 04:01 +537 -41: /Volumes/ESD-USB/toolspace/test/tools/time_convert/time_convert_widget_test.dart: TimeConvertScreen Widget Tests has timezone selector                                                 04:01 +537 -41: /Volumes/ESD-USB/toolspace/test/tools/time_convert/time_convert_widget_test.dart: TimeConvertScreen Widget Tests has output format selector                                            04:01 +538 -41: /Volumes/ESD-USB/toolspace/test/tools/time_convert/time_convert_widget_test.dart: TimeConvertScreen Widget Tests has output format selector                                            04:01 +538 -41: /Volumes/ESD-USB/toolspace/test/tools/time_convert/time_convert_widget_test.dart: TimeConvertScreen Widget Tests entering text triggers parsing                                        04:02 +538 -41: /Volumes/ESD-USB/toolspace/test/tools/time_convert/time_convert_widget_test.dart: TimeConvertScreen Widget Tests entering text triggers parsing                                        04:02 +539 -41: /Volumes/ESD-USB/toolspace/test/tools/time_convert/time_convert_widget_test.dart: TimeConvertScreen Widget Tests entering text triggers parsing                                        04:02 +539 -41: /Volumes/ESD-USB/toolspace/test/tools/time_convert/time_convert_widget_test.dart: TimeConvertScreen Widget Tests shows error for invalid input                                         04:02 +540 -41: /Volumes/ESD-USB/toolspace/test/tools/time_convert/time_convert_widget_test.dart: TimeConvertScreen Widget Tests shows error for invalid input                                         04:02 +540 -41: /Volumes/ESD-USB/toolspace/test/tools/time_convert/time_convert_widget_test.dart: TimeConvertScreen Widget Tests clicking quick template sets input                                    04:02 +541 -41: /Volumes/ESD-USB/toolspace/test/tools/time_convert/time_convert_widget_test.dart: TimeConvertScreen Widget Tests clicking quick template sets input                                    04:02 +541 -41: /Volumes/ESD-USB/toolspace/test/tools/time_convert/time_convert_widget_test.dart: TimeConvertScreen Widget Tests selecting format updates result                                       04:03 +541 -41: /Volumes/ESD-USB/toolspace/test/tools/time_convert/time_convert_widget_test.dart: TimeConvertScreen Widget Tests selecting format updates result                                       04:03 +541 -41: /Volumes/ESD-USB/toolspace/test/tools/time_convert/time_convert_widget_test.dart: TimeConvertScreen Widget Tests selecting format updates result                                       
══╡ EXCEPTION CAUGHT BY FLUTTER TEST FRAMEWORK ╞════════════════════════════════════════════════════
The following assertion was thrown running a test:
The finder "Found 2 widgets with text "Unix (seconds)": [
  Text("Unix (seconds)", dependencies: [DefaultSelectionStyle, DefaultTextStyle, MediaQuery]),
  Text("Unix (seconds)", debugLabel: ((englishLike bodySmall 2021).merge((blackMountainView
bodySmall).apply)).copyWith, inherit: false, color: Color(alpha: 1.0000, red: 0.2863, green: 0.2706,
blue: 0.3098, colorSpace: ColorSpace.sRGB), family: Roboto, size: 12.0, weight: 600, letterSpacing:
0.4, baseline: alphabetic, height: 1.3x, leadingDistribution: even, decoration: Color(alpha: 1.0000,
red: 0.1137, green: 0.1059, blue: 0.1255, colorSpace: ColorSpace.sRGB) TextDecoration.none,
dependencies: [DefaultSelectionStyle, DefaultTextStyle, MediaQuery]),
]" (used in a call to "tap()") ambiguously found multiple matching widgets. The "tap()" method needs
a single target.

When the exception was thrown, this was the stack:
#0      WidgetController._getElementPoint (package:flutter_test/src/controller.dart:2014:7)
#1      WidgetController.getCenter (package:flutter_test/src/controller.dart:1861:12)
#2      WidgetController.tap (package:flutter_test/src/controller.dart:1041:7)
#3      main.<anonymous closure>.<anonymous closure> (file:///Volumes/ESD-USB/toolspace/test/tools/time_convert/time_convert_widget_test.dart:117:20)
<asynchronous suspension>
#4      testWidgets.<anonymous closure>.<anonymous closure> (package:flutter_test/src/widget_tester.dart:192:15)
<asynchronous suspension>
#5      TestWidgetsFlutterBinding._runTestBody (package:flutter_test/src/binding.dart:1059:5)
<asynchronous suspension>
<asynchronous suspension>
(elided one frame from package:stack_trace)

The test description was:
  selecting format updates result
════════════════════════════════════════════════════════════════════════════════════════════════════
04:03 +541 -42: /Volumes/ESD-USB/toolspace/test/tools/time_convert/time_convert_widget_test.dart: TimeConvertScreen Widget Tests selecting format updates result [E]                                   
  Test failed. See exception logs above.
  The test description was: selecting format updates result
  

To run this test again: /usr/local/share/flutter/bin/cache/dart-sdk/bin/dart test /Volumes/ESD-USB/toolspace/test/tools/time_convert/time_convert_widget_test.dart -p vm --plain-name 'TimeConvertScreen Widget Tests selecting format updates result'
04:03 +541 -42: /Volumes/ESD-USB/toolspace/test/tools/time_convert/time_convert_widget_test.dart: TimeConvertScreen Widget Tests clear button clears input                                             04:04 +541 -42: /Volumes/ESD-USB/toolspace/test/tools/time_convert/time_convert_widget_test.dart: TimeConvertScreen Widget Tests clear button clears input                                             04:04 +542 -42: /Volumes/ESD-USB/toolspace/test/tools/time_convert/time_convert_widget_test.dart: TimeConvertScreen Widget Tests clear button clears input                                             04:04 +542 -42: /Volumes/ESD-USB/toolspace/test/tools/time_convert/time_convert_widget_test.dart: TimeConvertScreen Widget Tests shows empty state when no input                                       04:04 +543 -42: /Volumes/ESD-USB/toolspace/test/tools/time_convert/time_convert_widget_test.dart: TimeConvertScreen Widget Tests shows empty state when no input                                       04:04 +543 -42: /Volumes/ESD-USB/toolspace/test/tools/time_convert/time_convert_widget_test.dart: TimeConvertScreen Widget Tests result section shows multiple formats                                 04:05 +543 -42: /Volumes/ESD-USB/toolspace/test/tools/time_convert/time_convert_widget_test.dart: TimeConvertScreen Widget Tests result section shows multiple formats                                 04:05 +544 -42: /Volumes/ESD-USB/toolspace/test/tools/time_convert/time_convert_widget_test.dart: TimeConvertScreen Widget Tests result section shows multiple formats                                 04:06 +544 -42: /Volumes/ESD-USB/toolspace/test/tools/time_convert/time_convert_widget_test.dart: TimeConvertScreen Widget Tests result section shows multiple formats                                 04:07 +544 -42: /Volumes/ESD-USB/toolspace/test/tools/time_convert/time_convert_widget_test.dart: TimeConvertScreen Widget Tests result section shows multiple formats                                 04:08 +544 -42: /Volumes/ESD-USB/toolspace/test/tools/time_convert/time_convert_widget_test.dart: TimeConvertScreen Widget Tests result section shows multiple formats                                 04:09 +544 -42: /Volumes/ESD-USB/toolspace/test/tools/time_convert/time_convert_widget_test.dart: TimeConvertScreen Widget Tests result section shows multiple formats                                 04:10 +544 -42: /Volumes/ESD-USB/toolspace/test/tools/time_convert/time_convert_widget_test.dart: TimeConvertScreen Widget Tests result section shows multiple formats                                 04:11 +544 -42: /Volumes/ESD-USB/toolspace/test/tools/time_convert/time_convert_widget_test.dart: TimeConvertScreen Widget Tests result section shows multiple formats                                 04:12 +544 -42: /Volumes/ESD-USB/toolspace/test/tools/time_convert/time_convert_widget_test.dart: TimeConvertScreen Widget Tests result section shows multiple formats                                 04:13 +544 -42: /Volumes/ESD-USB/toolspace/test/tools/time_convert/time_convert_widget_test.dart: TimeConvertScreen Widget Tests result section shows multiple formats                                 04:14 +544 -42: /Volumes/ESD-USB/toolspace/test/tools/time_convert/time_convert_widget_test.dart: TimeConvertScreen Widget Tests result section shows multiple formats                                 04:15 +544 -42: /Volumes/ESD-USB/toolspace/test/tools/time_convert/time_convert_widget_test.dart: TimeConvertScreen Widget Tests result section shows multiple formats                                 04:16 +544 -42: /Volumes/ESD-USB/toolspace/test/tools/time_convert/time_convert_widget_test.dart: TimeConvertScreen Widget Tests result section shows multiple formats                                 04:17 +544 -42: /Volumes/ESD-USB/toolspace/test/tools/time_convert/time_convert_widget_test.dart: TimeConvertScreen Widget Tests result section shows multiple formats                                 04:18 +544 -42: /Volumes/ESD-USB/toolspace/test/tools/time_convert/time_convert_widget_test.dart: TimeConvertScreen Widget Tests result section shows multiple formats                                 04:19 +544 -42: /Volumes/ESD-USB/toolspace/test/tools/time_convert/time_convert_widget_test.dart: TimeConvertScreen Widget Tests result section shows multiple formats                                 04:20 +544 -42: /Volumes/ESD-USB/toolspace/test/tools/time_convert/time_convert_widget_test.dart: TimeConvertScreen Widget Tests result section shows multiple formats                                 04:21 +544 -42: /Volumes/ESD-USB/toolspace/test/tools/time_convert/time_convert_widget_test.dart: TimeConvertScreen Widget Tests result section shows multiple formats                                 04:22 +544 -42: /Volumes/ESD-USB/toolspace/test/tools/time_convert/time_convert_widget_test.dart: TimeConvertScreen Widget Tests result section shows multiple formats                                 04:23 +544 -42: /Volumes/ESD-USB/toolspace/test/tools/time_convert/time_convert_widget_test.dart: TimeConvertScreen Widget Tests result section shows multiple formats                                 04:24 +544 -42: /Volumes/ESD-USB/toolspace/test/tools/time_convert/time_convert_widget_test.dart: TimeConvertScreen Widget Tests result section shows multiple formats                                 04:25 +544 -42: /Volumes/ESD-USB/toolspace/test/tools/time_convert/time_convert_widget_test.dart: TimeConvertScreen Widget Tests result section shows multiple formats                                 04:26 +544 -42: /Volumes/ESD-USB/toolspace/test/tools/time_convert/time_convert_widget_test.dart: TimeConvertScreen Widget Tests result section shows multiple formats                                 04:27 +544 -42: /Volumes/ESD-USB/toolspace/test/tools/time_convert/time_convert_widget_test.dart: TimeConvertScreen Widget Tests result section shows multiple formats                                 04:28 +544 -42: /Volumes/ESD-USB/toolspace/test/tools/time_convert/time_convert_widget_test.dart: TimeConvertScreen Widget Tests result section shows multiple formats                                 04:29 +544 -42: /Volumes/ESD-USB/toolspace/test/tools/time_convert/time_convert_widget_test.dart: TimeConvertScreen Widget Tests result section shows multiple formats                                 04:30 +544 -42: /Volumes/ESD-USB/toolspace/test/tools/time_convert/time_convert_widget_test.dart: TimeConvertScreen Widget Tests result section shows multiple formats                                 04:31 +544 -42: /Volumes/ESD-USB/toolspace/test/tools/time_convert/time_convert_widget_test.dart: TimeConvertScreen Widget Tests result section shows multiple formats                                 04:32 +544 -42: /Volumes/ESD-USB/toolspace/test/tools/time_convert/time_convert_widget_test.dart: TimeConvertScreen Widget Tests result section shows multiple formats                                 04:33 +544 -42: /Volumes/ESD-USB/toolspace/test/tools/time_convert/time_convert_widget_test.dart: TimeConvertScreen Widget Tests result section shows multiple formats                                 04:34 +544 -42: /Volumes/ESD-USB/toolspace/test/tools/time_convert/time_convert_widget_test.dart: TimeConvertScreen Widget Tests result section shows multiple formats                                 04:35 +544 -42: /Volumes/ESD-USB/toolspace/test/tools/time_convert/time_convert_widget_test.dart: TimeConvertScreen Widget Tests result section shows multiple formats                                 04:36 +544 -42: /Volumes/ESD-USB/toolspace/test/tools/time_convert/time_convert_widget_test.dart: TimeConvertScreen Widget Tests result section shows multiple formats                                 04:37 +544 -42: /Volumes/ESD-USB/toolspace/test/tools/time_convert/time_convert_widget_test.dart: TimeConvertScreen Widget Tests result section shows multiple formats                                 04:37 +544 -42: loading /Volumes/ESD-USB/toolspace/test/core/services/shared_data_service_test.dart                                                                                                    04:37 +544 -42: /Volumes/ESD-USB/toolspace/test/core/services/shared_data_service_test.dart: SharedDataService Tests singleton returns same instance                                                   04:37 +545 -42: /Volumes/ESD-USB/toolspace/test/tools/codec_lab/codec_lab_widget_test.dart: CodecLabScreen Widget Tests renders correctly with all tabs                                                04:37 +546 -42: /Volumes/ESD-USB/toolspace/test/tools/codec_lab/codec_lab_widget_test.dart: CodecLabScreen Widget Tests renders correctly with all tabs                                                04:37 +547 -42: /Volumes/ESD-USB/toolspace/test/tools/codec_lab/codec_lab_widget_test.dart: CodecLabScreen Widget Tests renders correctly with all tabs                                                04:37 +548 -42: /Volumes/ESD-USB/toolspace/test/tools/codec_lab/codec_lab_widget_test.dart: CodecLabScreen Widget Tests renders correctly with all tabs                                                04:37 +549 -42: /Volumes/ESD-USB/toolspace/test/tools/codec_lab/codec_lab_widget_test.dart: CodecLabScreen Widget Tests renders correctly with all tabs                                                04:37 +550 -42: /Volumes/ESD-USB/toolspace/test/tools/codec_lab/codec_lab_widget_test.dart: CodecLabScreen Widget Tests renders correctly with all tabs                                                04:37 +551 -42: /Volumes/ESD-USB/toolspace/test/tools/codec_lab/codec_lab_widget_test.dart: CodecLabScreen Widget Tests renders correctly with all tabs                                                04:37 +552 -42: /Volumes/ESD-USB/toolspace/test/tools/codec_lab/codec_lab_widget_test.dart: CodecLabScreen Widget Tests renders correctly with all tabs                                                04:37 +553 -42: /Volumes/ESD-USB/toolspace/test/tools/codec_lab/codec_lab_widget_test.dart: CodecLabScreen Widget Tests renders correctly with all tabs                                                04:37 +554 -42: /Volumes/ESD-USB/toolspace/test/tools/codec_lab/codec_lab_widget_test.dart: CodecLabScreen Widget Tests renders correctly with all tabs                                                04:37 +555 -42: /Volumes/ESD-USB/toolspace/test/tools/codec_lab/codec_lab_widget_test.dart: CodecLabScreen Widget Tests renders correctly with all tabs                                                04:37 +556 -42: /Volumes/ESD-USB/toolspace/test/tools/codec_lab/codec_lab_widget_test.dart: CodecLabScreen Widget Tests renders correctly with all tabs                                                04:37 +557 -42: /Volumes/ESD-USB/toolspace/test/tools/codec_lab/codec_lab_widget_test.dart: CodecLabScreen Widget Tests renders correctly with all tabs                                                04:37 +558 -42: /Volumes/ESD-USB/toolspace/test/tools/codec_lab/codec_lab_widget_test.dart: CodecLabScreen Widget Tests renders correctly with all tabs                                                04:38 +558 -42: /Volumes/ESD-USB/toolspace/test/tools/codec_lab/codec_lab_widget_test.dart: CodecLabScreen Widget Tests renders correctly with all tabs                                                04:39 +558 -42: /Volumes/ESD-USB/toolspace/test/tools/codec_lab/codec_lab_widget_test.dart: CodecLabScreen Widget Tests renders correctly with all tabs                                                04:39 +559 -42: /Volumes/ESD-USB/toolspace/test/tools/codec_lab/codec_lab_widget_test.dart: CodecLabScreen Widget Tests renders correctly with all tabs                                                04:39 +559 -42: /Volumes/ESD-USB/toolspace/test/tools/codec_lab/codec_lab_widget_test.dart: CodecLabScreen Widget Tests switches between Text and File modes                                           04:40 +559 -42: /Volumes/ESD-USB/toolspace/test/tools/codec_lab/codec_lab_widget_test.dart: CodecLabScreen Widget Tests switches between Text and File modes                                           04:40 +560 -42: /Volumes/ESD-USB/toolspace/test/tools/codec_lab/codec_lab_widget_test.dart: CodecLabScreen Widget Tests switches between Text and File modes                                           04:40 +560 -42: /Volumes/ESD-USB/toolspace/test/tools/codec_lab/codec_lab_widget_test.dart: CodecLabScreen Widget Tests displays format selection chips                                                04:40 +561 -42: /Volumes/ESD-USB/toolspace/test/tools/codec_lab/codec_lab_widget_test.dart: CodecLabScreen Widget Tests displays format selection chips                                                04:40 +561 -42: /Volumes/ESD-USB/toolspace/test/tools/codec_lab/codec_lab_widget_test.dart: CodecLabScreen Widget Tests has Encode/Decode toggle                                                       04:40 +562 -42: /Volumes/ESD-USB/toolspace/test/tools/codec_lab/codec_lab_widget_test.dart: CodecLabScreen Widget Tests has Encode/Decode toggle                                                       04:40 +562 -42: /Volumes/ESD-USB/toolspace/test/tools/codec_lab/codec_lab_widget_test.dart: CodecLabScreen Widget Tests has input and output fields in Text Mode                                       04:40 +563 -42: /Volumes/ESD-USB/toolspace/test/tools/codec_lab/codec_lab_widget_test.dart: CodecLabScreen Widget Tests has input and output fields in Text Mode                                       04:40 +563 -42: /Volumes/ESD-USB/toolspace/test/tools/codec_lab/codec_lab_widget_test.dart: CodecLabScreen Widget Tests encodes text to Base64                                                         04:41 +563 -42: /Volumes/ESD-USB/toolspace/test/tools/codec_lab/codec_lab_widget_test.dart: CodecLabScreen Widget Tests encodes text to Base64                                                         04:41 +564 -42: /Volumes/ESD-USB/toolspace/test/tools/codec_lab/codec_lab_widget_test.dart: CodecLabScreen Widget Tests encodes text to Base64                                                         04:41 +564 -42: /Volumes/ESD-USB/toolspace/test/tools/codec_lab/codec_lab_widget_test.dart: CodecLabScreen Widget Tests decodes Base64 to text                                                         04:41 +565 -42: /Volumes/ESD-USB/toolspace/test/tools/codec_lab/codec_lab_widget_test.dart: CodecLabScreen Widget Tests decodes Base64 to text                                                         04:41 +565 -42: /Volumes/ESD-USB/toolspace/test/tools/codec_lab/codec_lab_widget_test.dart: CodecLabScreen Widget Tests changes format to Hex                                                          04:42 +565 -42: /Volumes/ESD-USB/toolspace/test/tools/codec_lab/codec_lab_widget_test.dart: CodecLabScreen Widget Tests changes format to Hex                                                          04:42 +566 -42: /Volumes/ESD-USB/toolspace/test/tools/codec_lab/codec_lab_widget_test.dart: CodecLabScreen Widget Tests changes format to Hex                                                          04:42 +566 -42: /Volumes/ESD-USB/toolspace/test/tools/codec_lab/codec_lab_widget_test.dart: CodecLabScreen Widget Tests swaps input and output                                                         04:43 +566 -42: /Volumes/ESD-USB/toolspace/test/tools/codec_lab/codec_lab_widget_test.dart: CodecLabScreen Widget Tests swaps input and output                                                         04:43 +566 -42: /Volumes/ESD-USB/toolspace/test/tools/codec_lab/codec_lab_widget_test.dart: CodecLabScreen Widget Tests swaps input and output                                                         
══╡ EXCEPTION CAUGHT BY FLUTTER TEST FRAMEWORK ╞════════════════════════════════════════════════════
The following StateError was thrown running a test:
Bad state: No element

When the exception was thrown, this was the stack:
#0      Iterable.single (dart:core/iterable.dart:694:25)
#1      WidgetController.widget (package:flutter_test/src/controller.dart:804:30)
#2      main.<anonymous closure>.<anonymous closure> (file:///Volumes/ESD-USB/toolspace/test/tools/codec_lab/codec_lab_widget_test.dart:166:37)
<asynchronous suspension>
#3      testWidgets.<anonymous closure>.<anonymous closure> (package:flutter_test/src/widget_tester.dart:192:15)
<asynchronous suspension>
#4      TestWidgetsFlutterBinding._runTestBody (package:flutter_test/src/binding.dart:1059:5)
<asynchronous suspension>
<asynchronous suspension>
(elided one frame from package:stack_trace)

The test description was:
  swaps input and output
════════════════════════════════════════════════════════════════════════════════════════════════════
04:43 +566 -43: /Volumes/ESD-USB/toolspace/test/tools/codec_lab/codec_lab_widget_test.dart: CodecLabScreen Widget Tests swaps input and output [E]                                                     
  Test failed. See exception logs above.
  The test description was: swaps input and output
  

To run this test again: /usr/local/share/flutter/bin/cache/dart-sdk/bin/dart test /Volumes/ESD-USB/toolspace/test/tools/codec_lab/codec_lab_widget_test.dart -p vm --plain-name 'CodecLabScreen Widget Tests swaps input and output'
04:43 +566 -43: /Volumes/ESD-USB/toolspace/test/tools/codec_lab/codec_lab_widget_test.dart: CodecLabScreen Widget Tests shows error for invalid Base64                                                 04:43 +567 -43: /Volumes/ESD-USB/toolspace/test/tools/codec_lab/codec_lab_widget_test.dart: CodecLabScreen Widget Tests shows error for invalid Base64                                                 04:43 +567 -43: /Volumes/ESD-USB/toolspace/test/tools/codec_lab/codec_lab_widget_test.dart: CodecLabScreen Widget Tests clears input and output                                                        04:43 +567 -43: /Volumes/ESD-USB/toolspace/test/tools/codec_lab/codec_lab_widget_test.dart: CodecLabScreen Widget Tests clears input and output                                                        

Warning: A call to tap() with finder "Found 1 widget with text "Clear": [
  Text("Clear", dependencies: [DefaultSelectionStyle, DefaultTextStyle, MediaQuery]),
]" derived an Offset (Offset(712.8, 710.0)) that would not hit test on the specified widget.
Maybe the widget is actually off-screen, or another widget is obscuring it, or the widget cannot receive pointer events.
Indeed, Offset(712.8, 710.0) is outside the bounds of the root of the render tree, Size(800.0, 600.0).
The finder corresponds to this RenderBox: RenderParagraph#efd3b relayoutBoundary=up25
The hit test result at that offset is: HitTestResult(HitTestEntry<HitTestTarget>#32268(_ReusableRenderView#022d6), HitTestEntry<HitTestTarget>#c0599(<AutomatedTestWidgetsFlutterBinding>))
#0      WidgetController._getElementPoint (package:flutter_test/src/controller.dart:2077:25)
#1      WidgetController.getCenter (package:flutter_test/src/controller.dart:1861:12)
#2      WidgetController.tap (package:flutter_test/src/controller.dart:1041:7)
#3      main.<anonymous closure>.<anonymous closure> (file:///Volumes/ESD-USB/toolspace/test/tools/codec_lab/codec_lab_widget_test.dart:203:20)
<asynchronous suspension>
#4      testWidgets.<anonymous closure>.<anonymous closure> (package:flutter_test/src/widget_tester.dart:192:15)
<asynchronous suspension>
#5      TestWidgetsFlutterBinding._runTestBody (package:flutter_test/src/binding.dart:1059:5)
<asynchronous suspension>
#6      StackZoneSpecification._registerCallback.<anonymous closure> (package:stack_trace/src/stack_zone_specification.dart:114:42)
<asynchronous suspension>
To silence this warning, pass "warnIfMissed: false" to "tap()".
To make this warning fatal, set WidgetController.hitTestWarningShouldBeFatal to true.

══╡ EXCEPTION CAUGHT BY FLUTTER TEST FRAMEWORK ╞════════════════════════════════════════════════════
The following TestFailure was thrown running a test:
Expected: ''
  Actual: 'Hello'
   Which: is different. Both strings start the same, but the actual value also has the following
trailing characters: Hello

When the exception was thrown, this was the stack:
#4      main.<anonymous closure>.<anonymous closure> (file:///Volumes/ESD-USB/toolspace/test/tools/codec_lab/codec_lab_widget_test.dart:208:7)
<asynchronous suspension>
#5      testWidgets.<anonymous closure>.<anonymous closure> (package:flutter_test/src/widget_tester.dart:192:15)
<asynchronous suspension>
#6      TestWidgetsFlutterBinding._runTestBody (package:flutter_test/src/binding.dart:1059:5)
<asynchronous suspension>
<asynchronous suspension>
(elided one frame from package:stack_trace)

This was caught by the test expectation on the following line:
  file:///Volumes/ESD-USB/toolspace/test/tools/codec_lab/codec_lab_widget_test.dart line 208
The test description was:
  clears input and output
════════════════════════════════════════════════════════════════════════════════════════════════════
04:44 +567 -44: /Volumes/ESD-USB/toolspace/test/tools/codec_lab/codec_lab_widget_test.dart: CodecLabScreen Widget Tests clears input and output [E]                                                    
  Test failed. See exception logs above.
  The test description was: clears input and output
  

To run this test again: /usr/local/share/flutter/bin/cache/dart-sdk/bin/dart test /Volumes/ESD-USB/toolspace/test/tools/codec_lab/codec_lab_widget_test.dart -p vm --plain-name 'CodecLabScreen Widget Tests clears input and output'
04:44 +567 -44: /Volumes/ESD-USB/toolspace/test/tools/codec_lab/codec_lab_widget_test.dart: CodecLabScreen Widget Tests auto-detects format                                                            04:44 +568 -44: /Volumes/ESD-USB/toolspace/test/tools/codec_lab/codec_lab_widget_test.dart: CodecLabScreen Widget Tests auto-detects format                                                            04:44 +568 -44: /Volumes/ESD-USB/toolspace/test/tools/codec_lab/codec_lab_widget_test.dart: CodecLabScreen Widget Tests shows success message after encoding                                           04:45 +568 -44: /Volumes/ESD-USB/toolspace/test/tools/codec_lab/codec_lab_widget_test.dart: CodecLabScreen Widget Tests shows success message after encoding                                           04:45 +568 -44: /Volumes/ESD-USB/toolspace/test/tools/codec_lab/codec_lab_widget_test.dart: CodecLabScreen Widget Tests shows success message after encoding                                           
══╡ EXCEPTION CAUGHT BY FLUTTER TEST FRAMEWORK ╞════════════════════════════════════════════════════
The following TestFailure was thrown running a test:
Expected: exactly one matching candidate
  Actual: _IconWidgetFinder:<Found 0 widgets with icon "IconData(U+0E15A)": []>
   Which: means none were found but one was expected

When the exception was thrown, this was the stack:
#4      main.<anonymous closure>.<anonymous closure> (file:///Volumes/ESD-USB/toolspace/test/tools/codec_lab/codec_lab_widget_test.dart:258:7)
<asynchronous suspension>
#5      testWidgets.<anonymous closure>.<anonymous closure> (package:flutter_test/src/widget_tester.dart:192:15)
<asynchronous suspension>
#6      TestWidgetsFlutterBinding._runTestBody (package:flutter_test/src/binding.dart:1059:5)
<asynchronous suspension>
<asynchronous suspension>
(elided one frame from package:stack_trace)

This was caught by the test expectation on the following line:
  file:///Volumes/ESD-USB/toolspace/test/tools/codec_lab/codec_lab_widget_test.dart line 258
The test description was:
  shows success message after encoding
════════════════════════════════════════════════════════════════════════════════════════════════════
04:45 +568 -45: /Volumes/ESD-USB/toolspace/test/tools/codec_lab/codec_lab_widget_test.dart: CodecLabScreen Widget Tests shows success message after encoding [E]                                       
  Test failed. See exception logs above.
  The test description was: shows success message after encoding
  

To run this test again: /usr/local/share/flutter/bin/cache/dart-sdk/bin/dart test /Volumes/ESD-USB/toolspace/test/tools/codec_lab/codec_lab_widget_test.dart -p vm --plain-name 'CodecLabScreen Widget Tests shows success message after encoding'
04:45 +568 -45: /Volumes/ESD-USB/toolspace/test/tools/codec_lab/codec_lab_widget_test.dart: CodecLabScreen Widget Tests File Mode shows file upload interface                                          04:45 +569 -45: /Volumes/ESD-USB/toolspace/test/tools/codec_lab/codec_lab_widget_test.dart: CodecLabScreen Widget Tests File Mode shows file upload interface                                          04:45 +569 -45: Some tests failed.                                                                                                                                                                     
